[2026-08-26T12:39:12.064+0000] {taskinstance.py:1956} INFO - Dependencies all met for dep_context=non-requeueable deps ti=<TaskInstance: retailpulse_medallion_pipeline.silver scheduled__2026-08-25T00:00:00+00:00 [queued]>
[2026-08-26T12:39:12.085+0000] {taskinstance.py:1956} INFO - Dependencies all met for dep_context=requeueable deps ti=<TaskInstance: retailpulse_medallion_pipeline.silver scheduled__2026-08-25T00:00:00+00:00 [queued]>
[2026-08-26T12:39:12.087+0000] {taskinstance.py:2170} INFO - Starting attempt 1 of 2
[2026-08-26T12:39:12.141+0000] {taskinstance.py:2191} INFO - Executing <Task(PythonOperator): silver> on 2026-08-25 00:00:00+00:00
[2026-08-26T12:39:12.148+0000] {standard_task_runner.py:60} INFO - Started process 1361 to run task
[2026-08-26T12:39:12.156+0000] {standard_task_runner.py:87} INFO - Running: ['***', 'tasks', 'run', 'retailpulse_medallion_pipeline', 'silver', 'scheduled__2026-08-25T00:00:00+00:00', '--job-id', '6', '--raw', '--subdir', 'DAGS_FOLDER/retailpulse_dag.py', '--cfg-path', '/tmp/tmpyecvlj83']
[2026-08-26T12:39:12.160+0000] {standard_task_runner.py:88} INFO - Job 6: Subtask silver
[2026-08-26T12:39:12.272+0000] {task_command.py:423} INFO - Running <TaskInstance: retailpulse_medallion_pipeline.silver scheduled__2026-08-25T00:00:00+00:00 [running]> on host 1decbd92f565
[2026-08-26T12:39:12.578+0000] {taskinstance.py:2480} INFO - Exporting env vars: AIRFLOW_CTX_DAG_OWNER='retailpulse' AIRFLOW_CTX_DAG_ID='retailpulse_medallion_pipeline' AIRFLOW_CTX_TASK_ID='silver' AIRFLOW_CTX_EXECUTION_DATE='2026-08-25T00:00:00+00:00' AIRFLOW_CTX_TRY_NUMBER='1' AIRFLOW_CTX_DAG_RUN_ID='scheduled__2026-08-25T00:00:00+00:00'
[2026-08-26T12:39:17.547+0000] {logging_mixin.py:188} INFO - :: loading settings :: url = jar:file:/home/***/.local/lib/python3.8/site-packages/pyspark/jars/ivy-2.5.1.jar!/org/apache/ivy/core/settings/ivysettings.xml
[2026-08-26T12:39:17.730+0000] {logging_mixin.py:188} INFO - Ivy Default Cache set to: /home/***/.ivy2/cache
[2026-08-26T12:39:17.735+0000] {logging_mixin.py:188} INFO - The jars for the packages stored in: /home/***/.ivy2/jars
[2026-08-26T12:39:17.740+0000] {logging_mixin.py:188} INFO - org.apache.hadoop#hadoop-aws added as a dependency
[2026-08-26T12:39:17.742+0000] {logging_mixin.py:188} INFO - com.amazonaws#aws-java-sdk-bundle added as a dependency
[2026-08-26T12:39:17.744+0000] {logging_mixin.py:188} INFO - :: resolving dependencies :: org.apache.spark#spark-submit-parent-c2c6846d-4916-4199-aba7-1c4bb458eecd;1.0
[2026-08-26T12:39:17.745+0000] {logging_mixin.py:188} INFO - 	confs: [default]
[2026-08-26T12:39:18.037+0000] {logging_mixin.py:188} INFO - 	found org.apache.hadoop#hadoop-aws;3.3.4 in central
[2026-08-26T12:39:18.112+0000] {logging_mixin.py:188} INFO - 	found com.amazonaws#aws-java-sdk-bundle;1.12.262 in central
[2026-08-26T12:39:18.170+0000] {logging_mixin.py:188} INFO - 	found org.wildfly.openssl#wildfly-openssl;1.0.7.Final in central
[2026-08-26T12:39:18.225+0000] {logging_mixin.py:188} INFO - :: resolution report :: resolve 467ms :: artifacts dl 14ms
[2026-08-26T12:39:18.228+0000] {logging_mixin.py:188} INFO - 	:: modules in use:
[2026-08-26T12:39:18.230+0000] {logging_mixin.py:188} INFO - 	com.amazonaws#aws-java-sdk-bundle;1.12.262 from central in [default]
[2026-08-26T12:39:18.231+0000] {logging_mixin.py:188} INFO - 	org.apache.hadoop#hadoop-aws;3.3.4 from central in [default]
[2026-08-26T12:39:18.234+0000] {logging_mixin.py:188} INFO - 	org.wildfly.openssl#wildfly-openssl;1.0.7.Final from central in [default]
[2026-08-26T12:39:18.236+0000] {logging_mixin.py:188} INFO - 	---------------------------------------------------------------------
[2026-08-26T12:39:18.237+0000] {logging_mixin.py:188} INFO - 	|                  |            modules            ||   artifacts   |
[2026-08-26T12:39:18.239+0000] {logging_mixin.py:188} INFO - 	|       conf       | number| search|dwnlded|evicted|| number|dwnlded|
[2026-08-26T12:39:18.241+0000] {logging_mixin.py:188} INFO - 	---------------------------------------------------------------------
[2026-08-26T12:39:18.243+0000] {logging_mixin.py:188} INFO - 	|      default     |   3   |   0   |   0   |   0   ||   3   |   0   |
[2026-08-26T12:39:18.244+0000] {logging_mixin.py:188} INFO - 	---------------------------------------------------------------------
[2026-08-26T12:39:18.248+0000] {logging_mixin.py:188} INFO - :: retrieving :: org.apache.spark#spark-submit-parent-c2c6846d-4916-4199-aba7-1c4bb458eecd
[2026-08-26T12:39:18.249+0000] {logging_mixin.py:188} INFO - 	confs: [default]
[2026-08-26T12:39:18.256+0000] {logging_mixin.py:188} INFO - 	0 artifacts copied, 3 already retrieved (0kB/12ms)
[2026-08-26T12:39:21.817+0000] {logging_mixin.py:188} INFO - 26/08/26 12:39:21 WARN NativeCodeLoader: Unable to load native-hadoop library for your platform... using builtin-java classes where applicable
[2026-08-26T12:39:24.273+0000] {logging_mixin.py:188} INFO - Setting default log level to "WARN".
[2026-08-26T12:39:24.275+0000] {logging_mixin.py:188} INFO - To adjust logging level use sc.setLogLevel(newLevel). For SparkR, use setLogLevel(newLevel).
[2026-08-26T12:39:31.203+0000] {logging_mixin.py:188} INFO - 26/08/26 12:39:31 WARN MetricsConfig: Cannot locate configuration: tried hadoop-metrics2-s3a-file-system.properties,hadoop-metrics2.properties
[2026-08-26T12:39:46.739+0000] {logging_mixin.py:188} INFO - [Stage 0:>                                                          (0 + 0) / 1]
[2026-08-26T12:39:50.258+0000] {logging_mixin.py:188} INFO - [Stage 0:>                                                          (0 + 1) / 1]
[2026-08-26T12:40:01.061+0000] {logging_mixin.py:188} INFO - [Stage 3:>                                                          (0 + 2) / 4]
[2026-08-26T12:40:09.480+0000] {logging_mixin.py:188} INFO - [Stage 3:=============================>                             (2 + 2) / 4]
[2026-08-26T12:40:10.890+0000] {logging_mixin.py:188} INFO - [Stage 5:>                                                          (0 + 2) / 2]
[2026-08-26T12:40:10.917+0000] {logging_mixin.py:188} INFO - 2026-08-26 12:40:10,916 | INFO | silver | Resolved current category for 417053 items
[2026-08-26T12:40:13.606+0000] {logging_mixin.py:188} INFO - 2026-08-26 12:40:13,606 | INFO | silver | Rolled up 1669 categories to their root ancestor (max 8 hops)
[2026-08-26T12:40:15.104+0000] {logging_mixin.py:188} INFO - [Stage 14:>                                                         (0 + 2) / 2]
[2026-08-26T12:40:15.305+0000] {logging_mixin.py:188} INFO - [Stage 14:>                 (0 + 2) / 2][Stage 15:>                 (0 + 0) / 1]
[2026-08-26T12:40:17.578+0000] {logging_mixin.py:188} INFO - [Stage 14:>   (0 + 2) / 2][Stage 15:>   (0 + 0) / 1][Stage 16:>   (0 + 0) / 1]
[2026-08-26T12:40:17.814+0000] {logging_mixin.py:188} INFO - [Stage 14:==> (1 + 1) / 2][Stage 15:>   (0 + 1) / 1][Stage 16:>   (0 + 0) / 1]
[2026-08-26T12:40:19.181+0000] {logging_mixin.py:188} INFO - [Stage 17:>                                                         (0 + 2) / 4]
[2026-08-26T12:40:20.387+0000] {logging_mixin.py:188} INFO - [Stage 17:>                 (0 + 2) / 4][Stage 18:>                 (0 + 0) / 1]
[2026-08-26T12:40:22.189+0000] {logging_mixin.py:188} INFO - [Stage 17:=========>        (2 + 2) / 4][Stage 18:>                 (0 + 0) / 1]
[2026-08-26T12:40:22.389+0000] {logging_mixin.py:188} INFO - [Stage 17:=============>    (3 + 1) / 4][Stage 18:>                 (0 + 1) / 1]
[2026-08-26T12:40:22.994+0000] {logging_mixin.py:188} INFO - [Stage 18:>                                                         (0 + 1) / 1]
[2026-08-26T12:40:23.190+0000] {logging_mixin.py:188} INFO - [Stage 20:>                                                         (0 + 2) / 2]
[2026-08-26T12:40:23.338+0000] {logging_mixin.py:188} INFO - [Stage 20:>                 (0 + 2) / 2][Stage 22:>                 (0 + 0) / 1]
[2026-08-26T12:40:24.515+0000] {logging_mixin.py:188} INFO - 2026-08-26 12:40:24,512 | INFO | silver | Writing 999818 enriched event rows to s3a://silver/enriched_events/dt=2026-08-25 (mode=append)
[2026-08-26T12:40:26.618+0000] {logging_mixin.py:188} INFO - [Stage 30:>                 (0 + 2) / 2][Stage 31:>                 (0 + 0) / 4]
[2026-08-26T12:40:27.815+0000] {logging_mixin.py:188} INFO - [Stage 30:>   (0 + 2) / 2][Stage 31:>   (0 + 0) / 4][Stage 32:>   (0 + 0) / 1]
[2026-08-26T12:40:28.015+0000] {logging_mixin.py:188} INFO - [Stage 30:==> (1 + 1) / 2][Stage 31:>   (0 + 1) / 4][Stage 32:>   (0 + 0) / 1]
[2026-08-26T12:40:29.618+0000] {logging_mixin.py:188} INFO - [Stage 31:>                 (0 + 2) / 4][Stage 32:>                 (0 + 0) / 1]
[2026-08-26T12:40:31.431+0000] {logging_mixin.py:188} INFO - [Stage 31:=========>        (2 + 2) / 4][Stage 32:>                 (0 + 0) / 1]
[2026-08-26T12:40:32.235+0000] {logging_mixin.py:188} INFO - [Stage 32:>                                                         (0 + 1) / 1]
[2026-08-26T12:40:32.401+0000] {logging_mixin.py:188} INFO - [Stage 34:>                                                         (0 + 2) / 2]
[2026-08-26T12:40:39.245+0000] {logging_mixin.py:188} INFO - [Stage 38:>                                                         (0 + 2) / 2]
[2026-08-26T12:40:39.305+0000] {logging_mixin.py:188} INFO - [Stage 38:=============================>                            (1 + 1) / 2]
[2026-08-26T12:40:44.710+0000] {logging_mixin.py:188} INFO - 2026-08-26 12:40:44,709 | INFO | silver | silver completed successfully for date=2026-08-25
[2026-08-26T12:40:45.813+0000] {python.py:201} INFO - Done. Returned value was: None
[2026-08-26T12:40:45.839+0000] {taskinstance.py:1138} INFO - Marking task as SUCCESS. dag_id=retailpulse_medallion_pipeline, task_id=silver, execution_date=20260825T000000, start_date=20260826T123912, end_date=20260826T124045
[2026-08-26T12:40:45.891+0000] {local_task_job_runner.py:234} INFO - Task exited with return code 0
[2026-08-26T12:40:45.951+0000] {taskinstance.py:3280} INFO - 1 downstream tasks scheduled from follow-on schedule check
