[2026-08-26T12:16:16.849+0000] {taskinstance.py:1956} INFO - Dependencies all met for dep_context=non-requeueable deps ti=<TaskInstance: retailpulse_medallion_pipeline.ingest scheduled__2026-08-25T00:00:00+00:00 [queued]>
[2026-08-26T12:16:16.862+0000] {taskinstance.py:1956} INFO - Dependencies all met for dep_context=requeueable deps ti=<TaskInstance: retailpulse_medallion_pipeline.ingest scheduled__2026-08-25T00:00:00+00:00 [queued]>
[2026-08-26T12:16:16.864+0000] {taskinstance.py:2170} INFO - Starting attempt 1 of 2
[2026-08-26T12:16:16.898+0000] {taskinstance.py:2191} INFO - Executing <Task(PythonOperator): ingest> on 2026-08-25 00:00:00+00:00
[2026-08-26T12:16:16.905+0000] {standard_task_runner.py:60} INFO - Started process 174 to run task
[2026-08-26T12:16:16.911+0000] {standard_task_runner.py:87} INFO - Running: ['***', 'tasks', 'run', 'retailpulse_medallion_pipeline', 'ingest', 'scheduled__2026-08-25T00:00:00+00:00', '--job-id', '2', '--raw', '--subdir', 'DAGS_FOLDER/retailpulse_dag.py', '--cfg-path', '/tmp/tmpzgh1w3um']
[2026-08-26T12:16:16.916+0000] {standard_task_runner.py:88} INFO - Job 2: Subtask ingest
[2026-08-26T12:16:17.047+0000] {task_command.py:423} INFO - Running <TaskInstance: retailpulse_medallion_pipeline.ingest scheduled__2026-08-25T00:00:00+00:00 [running]> on host 1decbd92f565
[2026-08-26T12:16:17.229+0000] {taskinstance.py:2480} INFO - Exporting env vars: AIRFLOW_CTX_DAG_OWNER='retailpulse' AIRFLOW_CTX_DAG_ID='retailpulse_medallion_pipeline' AIRFLOW_CTX_TASK_ID='ingest' AIRFLOW_CTX_EXECUTION_DATE='2026-08-25T00:00:00+00:00' AIRFLOW_CTX_TRY_NUMBER='1' AIRFLOW_CTX_DAG_RUN_ID='scheduled__2026-08-25T00:00:00+00:00'
[2026-08-26T12:16:23.997+0000] {logging_mixin.py:188} INFO - :: loading settings :: url = jar:file:/home/***/.local/lib/python3.8/site-packages/pyspark/jars/ivy-2.5.1.jar!/org/apache/ivy/core/settings/ivysettings.xml
[2026-08-26T12:16:24.387+0000] {logging_mixin.py:188} INFO - Ivy Default Cache set to: /home/***/.ivy2/cache
[2026-08-26T12:16:24.391+0000] {logging_mixin.py:188} INFO - The jars for the packages stored in: /home/***/.ivy2/jars
[2026-08-26T12:16:24.418+0000] {logging_mixin.py:188} INFO - org.apache.hadoop#hadoop-aws added as a dependency
[2026-08-26T12:16:24.420+0000] {logging_mixin.py:188} INFO - com.amazonaws#aws-java-sdk-bundle added as a dependency
[2026-08-26T12:16:24.429+0000] {logging_mixin.py:188} INFO - :: resolving dependencies :: org.apache.spark#spark-submit-parent-13365f3b-80b9-43b0-bccd-be50e77a6fc0;1.0
[2026-08-26T12:16:24.433+0000] {logging_mixin.py:188} INFO - 	confs: [default]
[2026-08-26T12:16:25.984+0000] {logging_mixin.py:188} INFO - 	found org.apache.hadoop#hadoop-aws;3.3.4 in central
[2026-08-26T12:16:26.450+0000] {logging_mixin.py:188} INFO - 	found com.amazonaws#aws-java-sdk-bundle;1.12.262 in central
[2026-08-26T12:16:27.920+0000] {logging_mixin.py:188} INFO - 	found org.wildfly.openssl#wildfly-openssl;1.0.7.Final in central
[2026-08-26T12:16:27.969+0000] {logging_mixin.py:188} INFO - downloading https://repo1.maven.org/maven2/org/apache/hadoop/hadoop-aws/3.3.4/hadoop-aws-3.3.4.jar ...
[2026-08-26T12:16:28.290+0000] {logging_mixin.py:188} INFO - 	[SUCCESSFUL ] org.apache.hadoop#hadoop-aws;3.3.4!hadoop-aws.jar (344ms)
[2026-08-26T12:16:28.315+0000] {logging_mixin.py:188} INFO - downloading https://repo1.maven.org/maven2/com/amazonaws/aws-java-sdk-bundle/1.12.262/aws-java-sdk-bundle-1.12.262.jar ...
[2026-08-26T12:17:07.019+0000] {logging_mixin.py:188} INFO - 	[SUCCESSFUL ] com.amazonaws#aws-java-sdk-bundle;1.12.262!aws-java-sdk-bundle.jar (38722ms)
[2026-08-26T12:17:07.044+0000] {logging_mixin.py:188} INFO - downloading https://repo1.maven.org/maven2/org/wildfly/openssl/wildfly-openssl/1.0.7.Final/wildfly-openssl-1.0.7.Final.jar ...
[2026-08-26T12:17:07.124+0000] {logging_mixin.py:188} INFO - 	[SUCCESSFUL ] org.wildfly.openssl#wildfly-openssl;1.0.7.Final!wildfly-openssl.jar (103ms)
[2026-08-26T12:17:07.126+0000] {logging_mixin.py:188} INFO - :: resolution report :: resolve 3523ms :: artifacts dl 39185ms
[2026-08-26T12:17:07.127+0000] {logging_mixin.py:188} INFO - 	:: modules in use:
[2026-08-26T12:17:07.130+0000] {logging_mixin.py:188} INFO - 	com.amazonaws#aws-java-sdk-bundle;1.12.262 from central in [default]
[2026-08-26T12:17:07.132+0000] {logging_mixin.py:188} INFO - 	org.apache.hadoop#hadoop-aws;3.3.4 from central in [default]
[2026-08-26T12:17:07.137+0000] {logging_mixin.py:188} INFO - 	org.wildfly.openssl#wildfly-openssl;1.0.7.Final from central in [default]
[2026-08-26T12:17:07.138+0000] {logging_mixin.py:188} INFO - 	---------------------------------------------------------------------
[2026-08-26T12:17:07.140+0000] {logging_mixin.py:188} INFO - 	|                  |            modules            ||   artifacts   |
[2026-08-26T12:17:07.141+0000] {logging_mixin.py:188} INFO - 	|       conf       | number| search|dwnlded|evicted|| number|dwnlded|
[2026-08-26T12:17:07.142+0000] {logging_mixin.py:188} INFO - 	---------------------------------------------------------------------
[2026-08-26T12:17:07.144+0000] {logging_mixin.py:188} INFO - 	|      default     |   3   |   3   |   3   |   0   ||   3   |   3   |
[2026-08-26T12:17:07.146+0000] {logging_mixin.py:188} INFO - 	---------------------------------------------------------------------
[2026-08-26T12:17:07.148+0000] {logging_mixin.py:188} INFO - :: retrieving :: org.apache.spark#spark-submit-parent-13365f3b-80b9-43b0-bccd-be50e77a6fc0
[2026-08-26T12:17:07.149+0000] {logging_mixin.py:188} INFO - 	confs: [default]
[2026-08-26T12:17:07.525+0000] {logging_mixin.py:188} INFO - 	3 artifacts copied, 0 already retrieved (275421kB/385ms)
[2026-08-26T12:17:08.421+0000] {logging_mixin.py:188} INFO - 26/08/26 12:17:08 WARN NativeCodeLoader: Unable to load native-hadoop library for your platform... using builtin-java classes where applicable
[2026-08-26T12:17:08.874+0000] {logging_mixin.py:188} INFO - Setting default log level to "WARN".
[2026-08-26T12:17:08.875+0000] {logging_mixin.py:188} INFO - To adjust logging level use sc.setLogLevel(newLevel). For SparkR, use setLogLevel(newLevel).
[2026-08-26T12:17:13.990+0000] {logging_mixin.py:188} INFO - 2026-08-26 12:17:13,990 | INFO | ingest | Reading item properties: ['/opt/***/data/raw/retailrocket/item_properties_part1.csv', '/opt/***/data/raw/retailrocket/item_properties_part2.csv']
[2026-08-26T12:17:44.085+0000] {logging_mixin.py:188} INFO - [Stage 0:>                                                          (0 + 0) / 1]
[2026-08-26T12:17:47.748+0000] {logging_mixin.py:188} INFO - [Stage 0:>                                                          (0 + 1) / 1]
[2026-08-26T12:18:04.116+0000] {logging_mixin.py:188} INFO - [Stage 1:>                                                          (0 + 2) / 7]
[2026-08-26T12:18:20.332+0000] {logging_mixin.py:188} INFO - [Stage 1:================>                                          (2 + 2) / 7]
[2026-08-26T12:18:30.944+0000] {logging_mixin.py:188} INFO - [Stage 1:=================================>                         (4 + 2) / 7]
[2026-08-26T12:18:31.144+0000] {logging_mixin.py:188} INFO - [Stage 1:==========================================>                (5 + 2) / 7]
[2026-08-26T12:18:36.189+0000] {logging_mixin.py:188} INFO - [Stage 1:==================================================>        (6 + 1) / 7]
[2026-08-26T12:18:42.553+0000] {logging_mixin.py:188} INFO - [Stage 2:>                                                          (0 + 2) / 7]
[2026-08-26T12:18:48.964+0000] {logging_mixin.py:188} INFO - [Stage 2:================>                                          (2 + 2) / 7]
[2026-08-26T12:18:56.173+0000] {logging_mixin.py:188} INFO - [Stage 2:=================================>                         (4 + 2) / 7]
[2026-08-26T12:18:56.373+0000] {logging_mixin.py:188} INFO - [Stage 2:==========================================>                (5 + 2) / 7]
[2026-08-26T12:18:59.537+0000] {logging_mixin.py:188} INFO - [Stage 2:==================================================>        (6 + 1) / 7]
[2026-08-26T12:18:59.549+0000] {logging_mixin.py:188} INFO - 2026-08-26 12:18:59,547 | INFO | ingest | Writing 20275902 item property rows to s3a://bronze/item_properties/dt=2026-08-25 (mode=append)
[2026-08-26T12:18:59.888+0000] {logging_mixin.py:188} INFO - 26/08/26 12:18:59 WARN MetricsConfig: Cannot locate configuration: tried hadoop-metrics2-s3a-file-system.properties,hadoop-metrics2.properties
[2026-08-26T12:19:11.707+0000] {logging_mixin.py:188} INFO - [Stage 5:>                                                          (0 + 0) / 7]
[2026-08-26T12:20:11.775+0000] {logging_mixin.py:188} INFO - [Stage 5:>                                                          (0 + 2) / 7]
[2026-08-26T12:21:10.400+0000] {logging_mixin.py:188} INFO - [Stage 5:>                                                          (0 + 2) / 7]
[2026-08-26T12:22:10.421+0000] {logging_mixin.py:188} INFO - [Stage 5:================>                                          (2 + 2) / 7]
[2026-08-26T12:22:27.753+0000] {logging_mixin.py:188} INFO - [Stage 5:================>                                          (2 + 2) / 7]
[2026-08-26T12:22:34.018+0000] {logging_mixin.py:188} INFO - [Stage 5:=========================>                                 (3 + 2) / 7]
[2026-08-26T12:23:34.142+0000] {logging_mixin.py:188} INFO - [Stage 5:=================================>                         (4 + 2) / 7]
[2026-08-26T12:23:35.144+0000] {logging_mixin.py:188} INFO - [Stage 5:=================================>                         (4 + 2) / 7]
[2026-08-26T12:23:35.345+0000] {logging_mixin.py:188} INFO - [Stage 5:==========================================>                (5 + 2) / 7]
[2026-08-26T12:23:45.869+0000] {logging_mixin.py:188} INFO - [Stage 5:==================================================>        (6 + 1) / 7]
[2026-08-26T12:23:58.275+0000] {logging_mixin.py:188} INFO - 2026-08-26 12:23:58,274 | INFO | ingest | Reading /opt/***/data/raw/retailrocket/category_tree.csv
[2026-08-26T12:23:59.713+0000] {logging_mixin.py:188} INFO - 2026-08-26 12:23:59,713 | INFO | ingest | Writing 1669 category rows to s3a://bronze/category_tree/dt=2026-08-25 (mode=append)
[2026-08-26T12:24:00.659+0000] {logging_mixin.py:188} INFO - [Stage 11:>                                                         (0 + 1) / 1]
[2026-08-26T12:24:00.943+0000] {logging_mixin.py:188} INFO - 2026-08-26 12:24:00,943 | INFO | ingest | ingest completed successfully for date=2026-08-25
[2026-08-26T12:24:01.872+0000] {python.py:201} INFO - Done. Returned value was: None
[2026-08-26T12:24:01.914+0000] {taskinstance.py:1138} INFO - Marking task as SUCCESS. dag_id=retailpulse_medallion_pipeline, task_id=ingest, execution_date=20260825T000000, start_date=20260826T121616, end_date=20260826T122401
[2026-08-26T12:24:01.967+0000] {local_task_job_runner.py:234} INFO - Task exited with return code 0
[2026-08-26T12:24:02.025+0000] {taskinstance.py:3280} INFO - 1 downstream tasks scheduled from follow-on schedule check
