[2026-08-27T02:58:28.183+0000] {taskinstance.py:1956} INFO - Dependencies all met for dep_context=non-requeueable deps ti=<TaskInstance: retailpulse_medallion_pipeline.feature_engineering scheduled__2026-08-26T00:00:00+00:00 [queued]>
[2026-08-27T02:58:28.196+0000] {taskinstance.py:1956} INFO - Dependencies all met for dep_context=requeueable deps ti=<TaskInstance: retailpulse_medallion_pipeline.feature_engineering scheduled__2026-08-26T00:00:00+00:00 [queued]>
[2026-08-27T02:58:28.198+0000] {taskinstance.py:2170} INFO - Starting attempt 1 of 2
[2026-08-27T02:58:28.217+0000] {taskinstance.py:2191} INFO - Executing <Task(PythonOperator): feature_engineering> on 2026-08-26 00:00:00+00:00
[2026-08-27T02:58:28.223+0000] {standard_task_runner.py:60} INFO - Started process 5469 to run task
[2026-08-27T02:58:28.230+0000] {standard_task_runner.py:87} INFO - Running: ['***', 'tasks', 'run', 'retailpulse_medallion_pipeline', 'feature_engineering', 'scheduled__2026-08-26T00:00:00+00:00', '--job-id', '17', '--raw', '--subdir', 'DAGS_FOLDER/retailpulse_dag.py', '--cfg-path', '/tmp/tmppmdisa_7']
[2026-08-27T02:58:28.234+0000] {standard_task_runner.py:88} INFO - Job 17: Subtask feature_engineering
[2026-08-27T02:58:28.335+0000] {task_command.py:423} INFO - Running <TaskInstance: retailpulse_medallion_pipeline.feature_engineering scheduled__2026-08-26T00:00:00+00:00 [running]> on host 1decbd92f565
[2026-08-27T02:58:28.479+0000] {taskinstance.py:2480} INFO - Exporting env vars: AIRFLOW_CTX_DAG_OWNER='retailpulse' AIRFLOW_CTX_DAG_ID='retailpulse_medallion_pipeline' AIRFLOW_CTX_TASK_ID='feature_engineering' AIRFLOW_CTX_EXECUTION_DATE='2026-08-26T00:00:00+00:00' AIRFLOW_CTX_TRY_NUMBER='1' AIRFLOW_CTX_DAG_RUN_ID='scheduled__2026-08-26T00:00:00+00:00'
[2026-08-27T02:58:34.368+0000] {logging_mixin.py:188} INFO - :: loading settings :: url = jar:file:/home/***/.local/lib/python3.8/site-packages/pyspark/jars/ivy-2.5.1.jar!/org/apache/ivy/core/settings/ivysettings.xml
[2026-08-27T02:58:34.482+0000] {logging_mixin.py:188} INFO - Ivy Default Cache set to: /home/***/.ivy2/cache
[2026-08-27T02:58:34.485+0000] {logging_mixin.py:188} INFO - The jars for the packages stored in: /home/***/.ivy2/jars
[2026-08-27T02:58:34.493+0000] {logging_mixin.py:188} INFO - org.apache.hadoop#hadoop-aws added as a dependency
[2026-08-27T02:58:34.495+0000] {logging_mixin.py:188} INFO - com.amazonaws#aws-java-sdk-bundle added as a dependency
[2026-08-27T02:58:34.496+0000] {logging_mixin.py:188} INFO - :: resolving dependencies :: org.apache.spark#spark-submit-parent-ef8e6dbd-40db-41f9-b9e1-9acc67422e62;1.0
[2026-08-27T02:58:34.498+0000] {logging_mixin.py:188} INFO - 	confs: [default]
[2026-08-27T02:58:34.734+0000] {logging_mixin.py:188} INFO - 	found org.apache.hadoop#hadoop-aws;3.3.4 in central
[2026-08-27T02:58:34.809+0000] {logging_mixin.py:188} INFO - 	found com.amazonaws#aws-java-sdk-bundle;1.12.262 in central
[2026-08-27T02:58:34.889+0000] {logging_mixin.py:188} INFO - 	found org.wildfly.openssl#wildfly-openssl;1.0.7.Final in central
[2026-08-27T02:58:34.980+0000] {logging_mixin.py:188} INFO - :: resolution report :: resolve 462ms :: artifacts dl 21ms
[2026-08-27T02:58:34.981+0000] {logging_mixin.py:188} INFO - 	:: modules in use:
[2026-08-27T02:58:34.986+0000] {logging_mixin.py:188} INFO - 	com.amazonaws#aws-java-sdk-bundle;1.12.262 from central in [default]
[2026-08-27T02:58:34.988+0000] {logging_mixin.py:188} INFO - 	org.apache.hadoop#hadoop-aws;3.3.4 from central in [default]
[2026-08-27T02:58:34.996+0000] {logging_mixin.py:188} INFO - 	org.wildfly.openssl#wildfly-openssl;1.0.7.Final from central in [default]
[2026-08-27T02:58:34.998+0000] {logging_mixin.py:188} INFO - 	---------------------------------------------------------------------
[2026-08-27T02:58:35.002+0000] {logging_mixin.py:188} INFO - 	|                  |            modules            ||   artifacts   |
[2026-08-27T02:58:35.008+0000] {logging_mixin.py:188} INFO - 	|       conf       | number| search|dwnlded|evicted|| number|dwnlded|
[2026-08-27T02:58:35.014+0000] {logging_mixin.py:188} INFO - 	---------------------------------------------------------------------
[2026-08-27T02:58:35.016+0000] {logging_mixin.py:188} INFO - 	|      default     |   3   |   0   |   0   |   0   ||   3   |   0   |
[2026-08-27T02:58:35.022+0000] {logging_mixin.py:188} INFO - 	---------------------------------------------------------------------
[2026-08-27T02:58:35.025+0000] {logging_mixin.py:188} INFO - :: retrieving :: org.apache.spark#spark-submit-parent-ef8e6dbd-40db-41f9-b9e1-9acc67422e62
[2026-08-27T02:58:35.026+0000] {logging_mixin.py:188} INFO - 	confs: [default]
[2026-08-27T02:58:35.038+0000] {logging_mixin.py:188} INFO - 	0 artifacts copied, 3 already retrieved (0kB/28ms)
[2026-08-27T02:58:35.408+0000] {logging_mixin.py:188} INFO - 26/08/27 02:58:35 WARN NativeCodeLoader: Unable to load native-hadoop library for your platform... using builtin-java classes where applicable
[2026-08-27T02:58:35.779+0000] {logging_mixin.py:188} INFO - Setting default log level to "WARN".
[2026-08-27T02:58:35.786+0000] {logging_mixin.py:188} INFO - To adjust logging level use sc.setLogLevel(newLevel). For SparkR, use setLogLevel(newLevel).
[2026-08-27T02:58:40.929+0000] {logging_mixin.py:188} INFO - 26/08/27 02:58:40 WARN MetricsConfig: Cannot locate configuration: tried hadoop-metrics2-s3a-file-system.properties,hadoop-metrics2.properties
[2026-08-27T02:58:49.293+0000] {logging_mixin.py:188} INFO - [Stage 0:>                                                          (0 + 0) / 1]
[2026-08-27T02:58:52.567+0000] {logging_mixin.py:188} INFO - [Stage 0:>                                                          (0 + 1) / 1]
[2026-08-27T02:58:57.234+0000] {logging_mixin.py:188} INFO - [Stage 1:>                                                          (0 + 1) / 1]
[2026-08-27T02:58:57.442+0000] {logging_mixin.py:188} INFO - 2026-08-27 02:58:57,442 | INFO | feature_engineering | Fitting SARIMA for TOTAL (84 days of history)
[2026-08-27T02:59:04.140+0000] {logging_mixin.py:188} INFO - 2026-08-27 02:59:04,140 | INFO | feature_engineering | Backtest for TOTAL: RMSE=55.27, MAPE=36.8%
[2026-08-27T02:59:07.328+0000] {logging_mixin.py:188} INFO - [Stage 3:>                                                          (0 + 1) / 1]
[2026-08-27T02:59:08.483+0000] {logging_mixin.py:188} INFO - [Stage 5:>                                                          (0 + 1) / 1]
[2026-08-27T02:59:08.489+0000] {logging_mixin.py:188} INFO - 2026-08-27 02:59:08,489 | INFO | feature_engineering | Forecasting top 10 categories by transaction volume: [140, 1600, 1532, 1482, 1224, 653, 395, 679, None, 1490]
[2026-08-27T02:59:09.324+0000] {logging_mixin.py:188} INFO - 2026-08-27 02:59:09,324 | INFO | feature_engineering | Fitting SARIMA for category=140 (84 days of history)
[2026-08-27T02:59:09.775+0000] {logging_mixin.py:188} INFO - 2026-08-27 02:59:09,775 | INFO | feature_engineering | Backtest for CATEGORY_140: RMSE=33.17, MAPE=60.1%
[2026-08-27T02:59:10.238+0000] {logging_mixin.py:188} INFO - 2026-08-27 02:59:10,237 | INFO | feature_engineering | Fitting SARIMA for category=1600 (84 days of history)
[2026-08-27T02:59:10.674+0000] {logging_mixin.py:188} INFO - 2026-08-27 02:59:10,673 | INFO | feature_engineering | Backtest for CATEGORY_1600: RMSE=5.68, MAPE=53.8%
[2026-08-27T02:59:11.077+0000] {logging_mixin.py:188} INFO - 2026-08-27 02:59:11,076 | INFO | feature_engineering | Fitting SARIMA for category=1532 (84 days of history)
[2026-08-27T02:59:11.536+0000] {logging_mixin.py:188} INFO - 2026-08-27 02:59:11,535 | INFO | feature_engineering | Backtest for CATEGORY_1532: RMSE=12.13, MAPE=99.2%
[2026-08-27T02:59:12.073+0000] {logging_mixin.py:188} INFO - 2026-08-27 02:59:12,073 | INFO | feature_engineering | Fitting SARIMA for category=1482 (84 days of history)
[2026-08-27T02:59:12.491+0000] {logging_mixin.py:188} INFO - 2026-08-27 02:59:12,491 | INFO | feature_engineering | Backtest for CATEGORY_1482: RMSE=9.49, MAPE=106.6%
[2026-08-27T02:59:12.890+0000] {logging_mixin.py:188} INFO - 2026-08-27 02:59:12,889 | INFO | feature_engineering | Fitting SARIMA for category=1224 (84 days of history)
[2026-08-27T02:59:13.485+0000] {logging_mixin.py:188} INFO - 2026-08-27 02:59:13,485 | INFO | feature_engineering | Backtest for CATEGORY_1224: RMSE=7.72, MAPE=196.5%
[2026-08-27T02:59:13.995+0000] {logging_mixin.py:188} INFO - 2026-08-27 02:59:13,991 | INFO | feature_engineering | Fitting SARIMA for category=653 (84 days of history)
[2026-08-27T02:59:14.236+0000] {logging_mixin.py:188} INFO - 2026-08-27 02:59:14,235 | INFO | feature_engineering | Backtest for CATEGORY_653: RMSE=5.94, MAPE=34.5%
[2026-08-27T02:59:14.628+0000] {logging_mixin.py:188} INFO - 2026-08-27 02:59:14,628 | INFO | feature_engineering | Fitting SARIMA for category=395 (84 days of history)
[2026-08-27T02:59:15.316+0000] {logging_mixin.py:188} INFO - 2026-08-27 02:59:15,316 | INFO | feature_engineering | Backtest for CATEGORY_395: RMSE=7.29, MAPE=47.4%
[2026-08-27T02:59:15.655+0000] {logging_mixin.py:188} INFO - 2026-08-27 02:59:15,651 | INFO | feature_engineering | Fitting SARIMA for category=679 (84 days of history)
[2026-08-27T02:59:15.874+0000] {logging_mixin.py:188} INFO - 2026-08-27 02:59:15,874 | INFO | feature_engineering | Backtest for CATEGORY_679: RMSE=2.47, MAPE=100.0%
[2026-08-27T02:59:16.133+0000] {logging_mixin.py:188} INFO - 2026-08-27 02:59:16,133 | INFO | feature_engineering | Skipping category None -- only 0 days of history
[2026-08-27T02:59:16.489+0000] {logging_mixin.py:188} INFO - 2026-08-27 02:59:16,489 | INFO | feature_engineering | Fitting SARIMA for category=1490 (84 days of history)
[2026-08-27T02:59:16.749+0000] {logging_mixin.py:188} INFO - 2026-08-27 02:59:16,748 | INFO | feature_engineering | Backtest for CATEGORY_1490: RMSE=1.72, MAPE=36.3%
[2026-08-27T02:59:19.561+0000] {logging_mixin.py:188} INFO - [Stage 15:>                                                         (0 + 2) / 2]
[2026-08-27T02:59:19.566+0000] {logging_mixin.py:188} INFO - 2026-08-27 02:59:19,566 | INFO | feature_engineering | Writing 980 forecast rows to s3a://gold/forecast_results/dt=2026-08-26 (mode=append)
[2026-08-27T02:59:21.552+0000] {logging_mixin.py:188} INFO - [Stage 18:>                                                         (0 + 2) / 2]
[2026-08-27T02:59:22.502+0000] {logging_mixin.py:188} INFO - 2026-08-27 02:59:22,502 | INFO | feature_engineering | Writing 10 accuracy rows to s3a://gold/forecast_accuracy/dt=2026-08-26 (mode=append)
[2026-08-27T02:59:23.615+0000] {logging_mixin.py:188} INFO - 2026-08-27 02:59:23,615 | INFO | feature_engineering | feature_engineering completed successfully for date=2026-08-26
[2026-08-27T02:59:25.003+0000] {python.py:201} INFO - Done. Returned value was: None
[2026-08-27T02:59:25.036+0000] {taskinstance.py:1138} INFO - Marking task as SUCCESS. dag_id=retailpulse_medallion_pipeline, task_id=feature_engineering, execution_date=20260826T000000, start_date=20260827T025828, end_date=20260827T025925
[2026-08-27T02:59:25.082+0000] {local_task_job_runner.py:234} INFO - Task exited with return code 0
[2026-08-27T02:59:25.122+0000] {taskinstance.py:3280} INFO - 1 downstream tasks scheduled from follow-on schedule check
