[2026-08-26T12:24:06.071+0000] {taskinstance.py:1956} INFO - Dependencies all met for dep_context=non-requeueable deps ti=<TaskInstance: retailpulse_medallion_pipeline.kafka_producer scheduled__2026-08-25T00:00:00+00:00 [queued]>
[2026-08-26T12:24:06.091+0000] {taskinstance.py:1956} INFO - Dependencies all met for dep_context=requeueable deps ti=<TaskInstance: retailpulse_medallion_pipeline.kafka_producer scheduled__2026-08-25T00:00:00+00:00 [queued]>
[2026-08-26T12:24:06.092+0000] {taskinstance.py:2170} INFO - Starting attempt 1 of 2
[2026-08-26T12:24:06.170+0000] {taskinstance.py:2191} INFO - Executing <Task(PythonOperator): kafka_producer> on 2026-08-25 00:00:00+00:00
[2026-08-26T12:24:06.186+0000] {standard_task_runner.py:60} INFO - Started process 574 to run task
[2026-08-26T12:24:06.194+0000] {standard_task_runner.py:87} INFO - Running: ['***', 'tasks', 'run', 'retailpulse_medallion_pipeline', 'kafka_producer', 'scheduled__2026-08-25T00:00:00+00:00', '--job-id', '3', '--raw', '--subdir', 'DAGS_FOLDER/retailpulse_dag.py', '--cfg-path', '/tmp/tmpyt5p8jew']
[2026-08-26T12:24:06.201+0000] {standard_task_runner.py:88} INFO - Job 3: Subtask kafka_producer
[2026-08-26T12:24:06.414+0000] {task_command.py:423} INFO - Running <TaskInstance: retailpulse_medallion_pipeline.kafka_producer scheduled__2026-08-25T00:00:00+00:00 [running]> on host 1decbd92f565
[2026-08-26T12:24:06.575+0000] {taskinstance.py:2480} INFO - Exporting env vars: AIRFLOW_CTX_DAG_OWNER='retailpulse' AIRFLOW_CTX_DAG_ID='retailpulse_medallion_pipeline' AIRFLOW_CTX_TASK_ID='kafka_producer' AIRFLOW_CTX_EXECUTION_DATE='2026-08-25T00:00:00+00:00' AIRFLOW_CTX_TRY_NUMBER='1' AIRFLOW_CTX_DAG_RUN_ID='scheduled__2026-08-25T00:00:00+00:00'
[2026-08-26T12:24:08.410+0000] {logging_mixin.py:188} INFO - 2026-08-26 12:24:08,409 | INFO | kafka_producer | Replaying /opt/***/data/raw/retailrocket/events.csv to topic 'retail.transactions' at kafka:9092
[2026-08-26T12:24:09.606+0000] {logging_mixin.py:188} INFO - 2026-08-26 12:24:09,606 | INFO | kafka_producer | Sent 5000 events
[2026-08-26T12:24:10.578+0000] {logging_mixin.py:188} INFO - 2026-08-26 12:24:10,577 | INFO | kafka_producer | Sent 10000 events
[2026-08-26T12:24:11.411+0000] {logging_mixin.py:188} INFO - 2026-08-26 12:24:11,411 | INFO | kafka_producer | Sent 15000 events
[2026-08-26T12:24:12.192+0000] {logging_mixin.py:188} INFO - 2026-08-26 12:24:12,192 | INFO | kafka_producer | Sent 20000 events
[2026-08-26T12:24:12.943+0000] {logging_mixin.py:188} INFO - 2026-08-26 12:24:12,943 | INFO | kafka_producer | Sent 25000 events
[2026-08-26T12:24:13.808+0000] {logging_mixin.py:188} INFO - 2026-08-26 12:24:13,808 | INFO | kafka_producer | Sent 30000 events
[2026-08-26T12:24:14.856+0000] {logging_mixin.py:188} INFO - 2026-08-26 12:24:14,855 | INFO | kafka_producer | Sent 35000 events
[2026-08-26T12:24:19.339+0000] {logging_mixin.py:188} INFO - 2026-08-26 12:24:19,338 | INFO | kafka_producer | Sent 40000 events
[2026-08-26T12:24:20.195+0000] {logging_mixin.py:188} INFO - 2026-08-26 12:24:20,195 | INFO | kafka_producer | Sent 45000 events
[2026-08-26T12:24:21.021+0000] {logging_mixin.py:188} INFO - 2026-08-26 12:24:21,021 | INFO | kafka_producer | Sent 50000 events
[2026-08-26T12:24:21.861+0000] {logging_mixin.py:188} INFO - 2026-08-26 12:24:21,861 | INFO | kafka_producer | Sent 55000 events
[2026-08-26T12:24:22.753+0000] {logging_mixin.py:188} INFO - 2026-08-26 12:24:22,753 | INFO | kafka_producer | Sent 60000 events
[2026-08-26T12:24:23.610+0000] {logging_mixin.py:188} INFO - 2026-08-26 12:24:23,610 | INFO | kafka_producer | Sent 65000 events
[2026-08-26T12:24:24.386+0000] {logging_mixin.py:188} INFO - 2026-08-26 12:24:24,386 | INFO | kafka_producer | Sent 70000 events
[2026-08-26T12:24:25.148+0000] {logging_mixin.py:188} INFO - 2026-08-26 12:24:25,146 | INFO | kafka_producer | Sent 75000 events
[2026-08-26T12:24:25.977+0000] {logging_mixin.py:188} INFO - 2026-08-26 12:24:25,977 | INFO | kafka_producer | Sent 80000 events
[2026-08-26T12:24:26.893+0000] {logging_mixin.py:188} INFO - 2026-08-26 12:24:26,892 | INFO | kafka_producer | Sent 85000 events
[2026-08-26T12:24:27.674+0000] {logging_mixin.py:188} INFO - 2026-08-26 12:24:27,674 | INFO | kafka_producer | Sent 90000 events
[2026-08-26T12:24:28.365+0000] {logging_mixin.py:188} INFO - 2026-08-26 12:24:28,365 | INFO | kafka_producer | Sent 95000 events
[2026-08-26T12:24:29.167+0000] {logging_mixin.py:188} INFO - 2026-08-26 12:24:29,166 | INFO | kafka_producer | Sent 100000 events
[2026-08-26T12:24:30.006+0000] {logging_mixin.py:188} INFO - 2026-08-26 12:24:30,006 | INFO | kafka_producer | Sent 105000 events
[2026-08-26T12:24:30.823+0000] {logging_mixin.py:188} INFO - 2026-08-26 12:24:30,823 | INFO | kafka_producer | Sent 110000 events
[2026-08-26T12:24:31.556+0000] {logging_mixin.py:188} INFO - 2026-08-26 12:24:31,556 | INFO | kafka_producer | Sent 115000 events
[2026-08-26T12:24:32.313+0000] {logging_mixin.py:188} INFO - 2026-08-26 12:24:32,313 | INFO | kafka_producer | Sent 120000 events
[2026-08-26T12:24:33.042+0000] {logging_mixin.py:188} INFO - 2026-08-26 12:24:33,042 | INFO | kafka_producer | Sent 125000 events
[2026-08-26T12:24:33.826+0000] {logging_mixin.py:188} INFO - 2026-08-26 12:24:33,826 | INFO | kafka_producer | Sent 130000 events
[2026-08-26T12:24:34.577+0000] {logging_mixin.py:188} INFO - 2026-08-26 12:24:34,577 | INFO | kafka_producer | Sent 135000 events
[2026-08-26T12:24:35.359+0000] {logging_mixin.py:188} INFO - 2026-08-26 12:24:35,358 | INFO | kafka_producer | Sent 140000 events
[2026-08-26T12:24:36.204+0000] {logging_mixin.py:188} INFO - 2026-08-26 12:24:36,204 | INFO | kafka_producer | Sent 145000 events
[2026-08-26T12:24:36.926+0000] {logging_mixin.py:188} INFO - 2026-08-26 12:24:36,925 | INFO | kafka_producer | Sent 150000 events
[2026-08-26T12:24:37.649+0000] {logging_mixin.py:188} INFO - 2026-08-26 12:24:37,649 | INFO | kafka_producer | Sent 155000 events
[2026-08-26T12:24:38.357+0000] {logging_mixin.py:188} INFO - 2026-08-26 12:24:38,357 | INFO | kafka_producer | Sent 160000 events
[2026-08-26T12:24:39.057+0000] {logging_mixin.py:188} INFO - 2026-08-26 12:24:39,056 | INFO | kafka_producer | Sent 165000 events
[2026-08-26T12:24:39.929+0000] {logging_mixin.py:188} INFO - 2026-08-26 12:24:39,929 | INFO | kafka_producer | Sent 170000 events
[2026-08-26T12:24:40.720+0000] {logging_mixin.py:188} INFO - 2026-08-26 12:24:40,720 | INFO | kafka_producer | Sent 175000 events
[2026-08-26T12:24:41.422+0000] {logging_mixin.py:188} INFO - 2026-08-26 12:24:41,422 | INFO | kafka_producer | Sent 180000 events
[2026-08-26T12:24:42.164+0000] {logging_mixin.py:188} INFO - 2026-08-26 12:24:42,163 | INFO | kafka_producer | Sent 185000 events
[2026-08-26T12:24:42.826+0000] {logging_mixin.py:188} INFO - 2026-08-26 12:24:42,826 | INFO | kafka_producer | Sent 190000 events
[2026-08-26T12:24:43.641+0000] {logging_mixin.py:188} INFO - 2026-08-26 12:24:43,641 | INFO | kafka_producer | Sent 195000 events
[2026-08-26T12:24:44.326+0000] {logging_mixin.py:188} INFO - 2026-08-26 12:24:44,325 | INFO | kafka_producer | Sent 200000 events
[2026-08-26T12:24:45.102+0000] {logging_mixin.py:188} INFO - 2026-08-26 12:24:45,102 | INFO | kafka_producer | Sent 205000 events
[2026-08-26T12:24:45.950+0000] {logging_mixin.py:188} INFO - 2026-08-26 12:24:45,949 | INFO | kafka_producer | Sent 210000 events
[2026-08-26T12:24:46.601+0000] {logging_mixin.py:188} INFO - 2026-08-26 12:24:46,601 | INFO | kafka_producer | Sent 215000 events
[2026-08-26T12:24:47.320+0000] {logging_mixin.py:188} INFO - 2026-08-26 12:24:47,320 | INFO | kafka_producer | Sent 220000 events
[2026-08-26T12:24:48.035+0000] {logging_mixin.py:188} INFO - 2026-08-26 12:24:48,035 | INFO | kafka_producer | Sent 225000 events
[2026-08-26T12:24:48.848+0000] {logging_mixin.py:188} INFO - 2026-08-26 12:24:48,848 | INFO | kafka_producer | Sent 230000 events
[2026-08-26T12:24:49.504+0000] {logging_mixin.py:188} INFO - 2026-08-26 12:24:49,503 | INFO | kafka_producer | Sent 235000 events
[2026-08-26T12:24:50.278+0000] {logging_mixin.py:188} INFO - 2026-08-26 12:24:50,277 | INFO | kafka_producer | Sent 240000 events
[2026-08-26T12:24:51.103+0000] {logging_mixin.py:188} INFO - 2026-08-26 12:24:51,103 | INFO | kafka_producer | Sent 245000 events
[2026-08-26T12:24:51.916+0000] {logging_mixin.py:188} INFO - 2026-08-26 12:24:51,915 | INFO | kafka_producer | Sent 250000 events
[2026-08-26T12:24:52.593+0000] {logging_mixin.py:188} INFO - 2026-08-26 12:24:52,593 | INFO | kafka_producer | Sent 255000 events
[2026-08-26T12:24:53.387+0000] {logging_mixin.py:188} INFO - 2026-08-26 12:24:53,386 | INFO | kafka_producer | Sent 260000 events
[2026-08-26T12:24:54.232+0000] {logging_mixin.py:188} INFO - 2026-08-26 12:24:54,232 | INFO | kafka_producer | Sent 265000 events
[2026-08-26T12:24:54.958+0000] {logging_mixin.py:188} INFO - 2026-08-26 12:24:54,958 | INFO | kafka_producer | Sent 270000 events
[2026-08-26T12:24:55.748+0000] {logging_mixin.py:188} INFO - 2026-08-26 12:24:55,748 | INFO | kafka_producer | Sent 275000 events
[2026-08-26T12:24:56.500+0000] {logging_mixin.py:188} INFO - 2026-08-26 12:24:56,499 | INFO | kafka_producer | Sent 280000 events
[2026-08-26T12:24:57.305+0000] {logging_mixin.py:188} INFO - 2026-08-26 12:24:57,305 | INFO | kafka_producer | Sent 285000 events
[2026-08-26T12:24:58.074+0000] {logging_mixin.py:188} INFO - 2026-08-26 12:24:58,074 | INFO | kafka_producer | Sent 290000 events
[2026-08-26T12:24:58.792+0000] {logging_mixin.py:188} INFO - 2026-08-26 12:24:58,792 | INFO | kafka_producer | Sent 295000 events
[2026-08-26T12:24:59.476+0000] {logging_mixin.py:188} INFO - 2026-08-26 12:24:59,476 | INFO | kafka_producer | Sent 300000 events
[2026-08-26T12:25:00.156+0000] {logging_mixin.py:188} INFO - 2026-08-26 12:25:00,156 | INFO | kafka_producer | Sent 305000 events
[2026-08-26T12:25:00.948+0000] {logging_mixin.py:188} INFO - 2026-08-26 12:25:00,948 | INFO | kafka_producer | Sent 310000 events
[2026-08-26T12:25:01.654+0000] {logging_mixin.py:188} INFO - 2026-08-26 12:25:01,654 | INFO | kafka_producer | Sent 315000 events
[2026-08-26T12:25:02.420+0000] {logging_mixin.py:188} INFO - 2026-08-26 12:25:02,417 | INFO | kafka_producer | Sent 320000 events
[2026-08-26T12:25:03.206+0000] {logging_mixin.py:188} INFO - 2026-08-26 12:25:03,206 | INFO | kafka_producer | Sent 325000 events
[2026-08-26T12:25:04.116+0000] {logging_mixin.py:188} INFO - 2026-08-26 12:25:04,115 | INFO | kafka_producer | Sent 330000 events
[2026-08-26T12:25:04.886+0000] {logging_mixin.py:188} INFO - 2026-08-26 12:25:04,886 | INFO | kafka_producer | Sent 335000 events
[2026-08-26T12:25:05.580+0000] {logging_mixin.py:188} INFO - 2026-08-26 12:25:05,579 | INFO | kafka_producer | Sent 340000 events
[2026-08-26T12:25:06.405+0000] {logging_mixin.py:188} INFO - 2026-08-26 12:25:06,404 | INFO | kafka_producer | Sent 345000 events
[2026-08-26T12:25:07.060+0000] {logging_mixin.py:188} INFO - 2026-08-26 12:25:07,060 | INFO | kafka_producer | Sent 350000 events
[2026-08-26T12:25:07.692+0000] {logging_mixin.py:188} INFO - 2026-08-26 12:25:07,692 | INFO | kafka_producer | Sent 355000 events
[2026-08-26T12:25:08.477+0000] {logging_mixin.py:188} INFO - 2026-08-26 12:25:08,477 | INFO | kafka_producer | Sent 360000 events
[2026-08-26T12:25:09.173+0000] {logging_mixin.py:188} INFO - 2026-08-26 12:25:09,173 | INFO | kafka_producer | Sent 365000 events
[2026-08-26T12:25:09.895+0000] {logging_mixin.py:188} INFO - 2026-08-26 12:25:09,895 | INFO | kafka_producer | Sent 370000 events
[2026-08-26T12:25:10.646+0000] {logging_mixin.py:188} INFO - 2026-08-26 12:25:10,646 | INFO | kafka_producer | Sent 375000 events
[2026-08-26T12:25:11.389+0000] {logging_mixin.py:188} INFO - 2026-08-26 12:25:11,389 | INFO | kafka_producer | Sent 380000 events
[2026-08-26T12:25:12.124+0000] {logging_mixin.py:188} INFO - 2026-08-26 12:25:12,124 | INFO | kafka_producer | Sent 385000 events
[2026-08-26T12:25:12.857+0000] {logging_mixin.py:188} INFO - 2026-08-26 12:25:12,856 | INFO | kafka_producer | Sent 390000 events
[2026-08-26T12:25:13.744+0000] {logging_mixin.py:188} INFO - 2026-08-26 12:25:13,744 | INFO | kafka_producer | Sent 395000 events
[2026-08-26T12:25:14.546+0000] {logging_mixin.py:188} INFO - 2026-08-26 12:25:14,546 | INFO | kafka_producer | Sent 400000 events
[2026-08-26T12:25:15.304+0000] {logging_mixin.py:188} INFO - 2026-08-26 12:25:15,304 | INFO | kafka_producer | Sent 405000 events
[2026-08-26T12:25:16.088+0000] {logging_mixin.py:188} INFO - 2026-08-26 12:25:16,088 | INFO | kafka_producer | Sent 410000 events
[2026-08-26T12:25:16.785+0000] {logging_mixin.py:188} INFO - 2026-08-26 12:25:16,785 | INFO | kafka_producer | Sent 415000 events
[2026-08-26T12:25:17.647+0000] {logging_mixin.py:188} INFO - 2026-08-26 12:25:17,647 | INFO | kafka_producer | Sent 420000 events
[2026-08-26T12:25:18.439+0000] {logging_mixin.py:188} INFO - 2026-08-26 12:25:18,438 | INFO | kafka_producer | Sent 425000 events
[2026-08-26T12:25:19.151+0000] {logging_mixin.py:188} INFO - 2026-08-26 12:25:19,151 | INFO | kafka_producer | Sent 430000 events
[2026-08-26T12:25:19.859+0000] {logging_mixin.py:188} INFO - 2026-08-26 12:25:19,859 | INFO | kafka_producer | Sent 435000 events
[2026-08-26T12:25:20.617+0000] {logging_mixin.py:188} INFO - 2026-08-26 12:25:20,617 | INFO | kafka_producer | Sent 440000 events
[2026-08-26T12:25:21.349+0000] {logging_mixin.py:188} INFO - 2026-08-26 12:25:21,348 | INFO | kafka_producer | Sent 445000 events
[2026-08-26T12:25:22.027+0000] {logging_mixin.py:188} INFO - 2026-08-26 12:25:22,027 | INFO | kafka_producer | Sent 450000 events
[2026-08-26T12:25:22.701+0000] {logging_mixin.py:188} INFO - 2026-08-26 12:25:22,701 | INFO | kafka_producer | Sent 455000 events
[2026-08-26T12:25:23.506+0000] {logging_mixin.py:188} INFO - 2026-08-26 12:25:23,506 | INFO | kafka_producer | Sent 460000 events
[2026-08-26T12:25:24.321+0000] {logging_mixin.py:188} INFO - 2026-08-26 12:25:24,321 | INFO | kafka_producer | Sent 465000 events
[2026-08-26T12:25:24.966+0000] {logging_mixin.py:188} INFO - 2026-08-26 12:25:24,966 | INFO | kafka_producer | Sent 470000 events
[2026-08-26T12:25:25.808+0000] {logging_mixin.py:188} INFO - 2026-08-26 12:25:25,807 | INFO | kafka_producer | Sent 475000 events
[2026-08-26T12:25:26.668+0000] {logging_mixin.py:188} INFO - 2026-08-26 12:25:26,667 | INFO | kafka_producer | Sent 480000 events
[2026-08-26T12:25:27.638+0000] {logging_mixin.py:188} INFO - 2026-08-26 12:25:27,638 | INFO | kafka_producer | Sent 485000 events
[2026-08-26T12:25:28.458+0000] {logging_mixin.py:188} INFO - 2026-08-26 12:25:28,457 | INFO | kafka_producer | Sent 490000 events
[2026-08-26T12:25:29.296+0000] {logging_mixin.py:188} INFO - 2026-08-26 12:25:29,294 | INFO | kafka_producer | Sent 495000 events
[2026-08-26T12:25:29.977+0000] {logging_mixin.py:188} INFO - 2026-08-26 12:25:29,976 | INFO | kafka_producer | Sent 500000 events
[2026-08-26T12:25:30.727+0000] {logging_mixin.py:188} INFO - 2026-08-26 12:25:30,726 | INFO | kafka_producer | Sent 505000 events
[2026-08-26T12:25:31.490+0000] {logging_mixin.py:188} INFO - 2026-08-26 12:25:31,490 | INFO | kafka_producer | Sent 510000 events
[2026-08-26T12:25:32.298+0000] {logging_mixin.py:188} INFO - 2026-08-26 12:25:32,297 | INFO | kafka_producer | Sent 515000 events
[2026-08-26T12:25:33.014+0000] {logging_mixin.py:188} INFO - 2026-08-26 12:25:33,014 | INFO | kafka_producer | Sent 520000 events
[2026-08-26T12:25:33.831+0000] {logging_mixin.py:188} INFO - 2026-08-26 12:25:33,830 | INFO | kafka_producer | Sent 525000 events
[2026-08-26T12:25:34.636+0000] {logging_mixin.py:188} INFO - 2026-08-26 12:25:34,636 | INFO | kafka_producer | Sent 530000 events
[2026-08-26T12:25:35.318+0000] {logging_mixin.py:188} INFO - 2026-08-26 12:25:35,318 | INFO | kafka_producer | Sent 535000 events
[2026-08-26T12:25:36.087+0000] {logging_mixin.py:188} INFO - 2026-08-26 12:25:36,087 | INFO | kafka_producer | Sent 540000 events
[2026-08-26T12:25:36.835+0000] {logging_mixin.py:188} INFO - 2026-08-26 12:25:36,834 | INFO | kafka_producer | Sent 545000 events
[2026-08-26T12:25:37.551+0000] {logging_mixin.py:188} INFO - 2026-08-26 12:25:37,551 | INFO | kafka_producer | Sent 550000 events
[2026-08-26T12:25:38.211+0000] {logging_mixin.py:188} INFO - 2026-08-26 12:25:38,210 | INFO | kafka_producer | Sent 555000 events
[2026-08-26T12:25:38.903+0000] {logging_mixin.py:188} INFO - 2026-08-26 12:25:38,903 | INFO | kafka_producer | Sent 560000 events
[2026-08-26T12:25:39.680+0000] {logging_mixin.py:188} INFO - 2026-08-26 12:25:39,680 | INFO | kafka_producer | Sent 565000 events
[2026-08-26T12:25:40.459+0000] {logging_mixin.py:188} INFO - 2026-08-26 12:25:40,458 | INFO | kafka_producer | Sent 570000 events
[2026-08-26T12:25:41.136+0000] {logging_mixin.py:188} INFO - 2026-08-26 12:25:41,136 | INFO | kafka_producer | Sent 575000 events
[2026-08-26T12:25:41.893+0000] {logging_mixin.py:188} INFO - 2026-08-26 12:25:41,893 | INFO | kafka_producer | Sent 580000 events
[2026-08-26T12:25:42.720+0000] {logging_mixin.py:188} INFO - 2026-08-26 12:25:42,720 | INFO | kafka_producer | Sent 585000 events
[2026-08-26T12:25:43.385+0000] {logging_mixin.py:188} INFO - 2026-08-26 12:25:43,384 | INFO | kafka_producer | Sent 590000 events
[2026-08-26T12:25:44.175+0000] {logging_mixin.py:188} INFO - 2026-08-26 12:25:44,175 | INFO | kafka_producer | Sent 595000 events
[2026-08-26T12:25:44.906+0000] {logging_mixin.py:188} INFO - 2026-08-26 12:25:44,906 | INFO | kafka_producer | Sent 600000 events
[2026-08-26T12:25:45.785+0000] {logging_mixin.py:188} INFO - 2026-08-26 12:25:45,784 | INFO | kafka_producer | Sent 605000 events
[2026-08-26T12:25:46.564+0000] {logging_mixin.py:188} INFO - 2026-08-26 12:25:46,563 | INFO | kafka_producer | Sent 610000 events
[2026-08-26T12:25:47.410+0000] {logging_mixin.py:188} INFO - 2026-08-26 12:25:47,409 | INFO | kafka_producer | Sent 615000 events
[2026-08-26T12:25:48.119+0000] {logging_mixin.py:188} INFO - 2026-08-26 12:25:48,119 | INFO | kafka_producer | Sent 620000 events
[2026-08-26T12:25:48.824+0000] {logging_mixin.py:188} INFO - 2026-08-26 12:25:48,824 | INFO | kafka_producer | Sent 625000 events
[2026-08-26T12:25:49.591+0000] {logging_mixin.py:188} INFO - 2026-08-26 12:25:49,590 | INFO | kafka_producer | Sent 630000 events
[2026-08-26T12:25:50.474+0000] {logging_mixin.py:188} INFO - 2026-08-26 12:25:50,473 | INFO | kafka_producer | Sent 635000 events
[2026-08-26T12:25:51.265+0000] {logging_mixin.py:188} INFO - 2026-08-26 12:25:51,265 | INFO | kafka_producer | Sent 640000 events
[2026-08-26T12:25:52.009+0000] {logging_mixin.py:188} INFO - 2026-08-26 12:25:52,009 | INFO | kafka_producer | Sent 645000 events
[2026-08-26T12:25:52.815+0000] {logging_mixin.py:188} INFO - 2026-08-26 12:25:52,815 | INFO | kafka_producer | Sent 650000 events
[2026-08-26T12:25:53.697+0000] {logging_mixin.py:188} INFO - 2026-08-26 12:25:53,697 | INFO | kafka_producer | Sent 655000 events
[2026-08-26T12:25:54.573+0000] {logging_mixin.py:188} INFO - 2026-08-26 12:25:54,573 | INFO | kafka_producer | Sent 660000 events
[2026-08-26T12:25:55.304+0000] {logging_mixin.py:188} INFO - 2026-08-26 12:25:55,304 | INFO | kafka_producer | Sent 665000 events
[2026-08-26T12:25:56.151+0000] {logging_mixin.py:188} INFO - 2026-08-26 12:25:56,151 | INFO | kafka_producer | Sent 670000 events
[2026-08-26T12:25:56.831+0000] {logging_mixin.py:188} INFO - 2026-08-26 12:25:56,831 | INFO | kafka_producer | Sent 675000 events
[2026-08-26T12:25:57.610+0000] {logging_mixin.py:188} INFO - 2026-08-26 12:25:57,610 | INFO | kafka_producer | Sent 680000 events
[2026-08-26T12:25:58.364+0000] {logging_mixin.py:188} INFO - 2026-08-26 12:25:58,364 | INFO | kafka_producer | Sent 685000 events
[2026-08-26T12:25:59.106+0000] {logging_mixin.py:188} INFO - 2026-08-26 12:25:59,106 | INFO | kafka_producer | Sent 690000 events
[2026-08-26T12:25:59.874+0000] {logging_mixin.py:188} INFO - 2026-08-26 12:25:59,874 | INFO | kafka_producer | Sent 695000 events
[2026-08-26T12:26:00.739+0000] {logging_mixin.py:188} INFO - 2026-08-26 12:26:00,739 | INFO | kafka_producer | Sent 700000 events
[2026-08-26T12:26:01.476+0000] {logging_mixin.py:188} INFO - 2026-08-26 12:26:01,475 | INFO | kafka_producer | Sent 705000 events
[2026-08-26T12:26:02.230+0000] {logging_mixin.py:188} INFO - 2026-08-26 12:26:02,229 | INFO | kafka_producer | Sent 710000 events
[2026-08-26T12:26:03.022+0000] {logging_mixin.py:188} INFO - 2026-08-26 12:26:03,022 | INFO | kafka_producer | Sent 715000 events
[2026-08-26T12:26:03.813+0000] {logging_mixin.py:188} INFO - 2026-08-26 12:26:03,813 | INFO | kafka_producer | Sent 720000 events
[2026-08-26T12:26:04.563+0000] {logging_mixin.py:188} INFO - 2026-08-26 12:26:04,561 | INFO | kafka_producer | Sent 725000 events
[2026-08-26T12:26:05.352+0000] {logging_mixin.py:188} INFO - 2026-08-26 12:26:05,352 | INFO | kafka_producer | Sent 730000 events
[2026-08-26T12:26:06.149+0000] {logging_mixin.py:188} INFO - 2026-08-26 12:26:06,149 | INFO | kafka_producer | Sent 735000 events
[2026-08-26T12:26:06.882+0000] {logging_mixin.py:188} INFO - 2026-08-26 12:26:06,881 | INFO | kafka_producer | Sent 740000 events
[2026-08-26T12:26:07.672+0000] {logging_mixin.py:188} INFO - 2026-08-26 12:26:07,671 | INFO | kafka_producer | Sent 745000 events
[2026-08-26T12:26:08.370+0000] {logging_mixin.py:188} INFO - 2026-08-26 12:26:08,370 | INFO | kafka_producer | Sent 750000 events
[2026-08-26T12:26:09.053+0000] {logging_mixin.py:188} INFO - 2026-08-26 12:26:09,052 | INFO | kafka_producer | Sent 755000 events
[2026-08-26T12:26:09.793+0000] {logging_mixin.py:188} INFO - 2026-08-26 12:26:09,793 | INFO | kafka_producer | Sent 760000 events
[2026-08-26T12:26:10.577+0000] {logging_mixin.py:188} INFO - 2026-08-26 12:26:10,577 | INFO | kafka_producer | Sent 765000 events
[2026-08-26T12:26:11.235+0000] {logging_mixin.py:188} INFO - 2026-08-26 12:26:11,235 | INFO | kafka_producer | Sent 770000 events
[2026-08-26T12:26:12.029+0000] {logging_mixin.py:188} INFO - 2026-08-26 12:26:12,029 | INFO | kafka_producer | Sent 775000 events
[2026-08-26T12:26:12.753+0000] {logging_mixin.py:188} INFO - 2026-08-26 12:26:12,753 | INFO | kafka_producer | Sent 780000 events
[2026-08-26T12:26:13.608+0000] {logging_mixin.py:188} INFO - 2026-08-26 12:26:13,608 | INFO | kafka_producer | Sent 785000 events
[2026-08-26T12:26:14.299+0000] {logging_mixin.py:188} INFO - 2026-08-26 12:26:14,299 | INFO | kafka_producer | Sent 790000 events
[2026-08-26T12:26:15.071+0000] {logging_mixin.py:188} INFO - 2026-08-26 12:26:15,071 | INFO | kafka_producer | Sent 795000 events
[2026-08-26T12:26:16.057+0000] {logging_mixin.py:188} INFO - 2026-08-26 12:26:16,057 | INFO | kafka_producer | Sent 800000 events
[2026-08-26T12:26:16.826+0000] {logging_mixin.py:188} INFO - 2026-08-26 12:26:16,826 | INFO | kafka_producer | Sent 805000 events
[2026-08-26T12:26:17.681+0000] {logging_mixin.py:188} INFO - 2026-08-26 12:26:17,681 | INFO | kafka_producer | Sent 810000 events
[2026-08-26T12:26:18.468+0000] {logging_mixin.py:188} INFO - 2026-08-26 12:26:18,468 | INFO | kafka_producer | Sent 815000 events
[2026-08-26T12:26:19.201+0000] {logging_mixin.py:188} INFO - 2026-08-26 12:26:19,201 | INFO | kafka_producer | Sent 820000 events
[2026-08-26T12:26:19.880+0000] {logging_mixin.py:188} INFO - 2026-08-26 12:26:19,879 | INFO | kafka_producer | Sent 825000 events
[2026-08-26T12:26:20.600+0000] {logging_mixin.py:188} INFO - 2026-08-26 12:26:20,600 | INFO | kafka_producer | Sent 830000 events
[2026-08-26T12:26:21.378+0000] {logging_mixin.py:188} INFO - 2026-08-26 12:26:21,378 | INFO | kafka_producer | Sent 835000 events
[2026-08-26T12:26:22.076+0000] {logging_mixin.py:188} INFO - 2026-08-26 12:26:22,075 | INFO | kafka_producer | Sent 840000 events
[2026-08-26T12:26:22.821+0000] {logging_mixin.py:188} INFO - 2026-08-26 12:26:22,821 | INFO | kafka_producer | Sent 845000 events
[2026-08-26T12:26:23.675+0000] {logging_mixin.py:188} INFO - 2026-08-26 12:26:23,675 | INFO | kafka_producer | Sent 850000 events
[2026-08-26T12:26:24.442+0000] {logging_mixin.py:188} INFO - 2026-08-26 12:26:24,442 | INFO | kafka_producer | Sent 855000 events
[2026-08-26T12:26:25.103+0000] {logging_mixin.py:188} INFO - 2026-08-26 12:26:25,103 | INFO | kafka_producer | Sent 860000 events
[2026-08-26T12:26:25.937+0000] {logging_mixin.py:188} INFO - 2026-08-26 12:26:25,937 | INFO | kafka_producer | Sent 865000 events
[2026-08-26T12:26:26.734+0000] {logging_mixin.py:188} INFO - 2026-08-26 12:26:26,734 | INFO | kafka_producer | Sent 870000 events
[2026-08-26T12:26:27.409+0000] {logging_mixin.py:188} INFO - 2026-08-26 12:26:27,408 | INFO | kafka_producer | Sent 875000 events
[2026-08-26T12:26:28.217+0000] {logging_mixin.py:188} INFO - 2026-08-26 12:26:28,216 | INFO | kafka_producer | Sent 880000 events
[2026-08-26T12:26:29.052+0000] {logging_mixin.py:188} INFO - 2026-08-26 12:26:29,052 | INFO | kafka_producer | Sent 885000 events
[2026-08-26T12:26:29.856+0000] {logging_mixin.py:188} INFO - 2026-08-26 12:26:29,856 | INFO | kafka_producer | Sent 890000 events
[2026-08-26T12:26:30.631+0000] {logging_mixin.py:188} INFO - 2026-08-26 12:26:30,631 | INFO | kafka_producer | Sent 895000 events
[2026-08-26T12:26:31.348+0000] {logging_mixin.py:188} INFO - 2026-08-26 12:26:31,347 | INFO | kafka_producer | Sent 900000 events
[2026-08-26T12:26:32.021+0000] {logging_mixin.py:188} INFO - 2026-08-26 12:26:32,021 | INFO | kafka_producer | Sent 905000 events
[2026-08-26T12:26:32.670+0000] {logging_mixin.py:188} INFO - 2026-08-26 12:26:32,670 | INFO | kafka_producer | Sent 910000 events
[2026-08-26T12:26:33.392+0000] {logging_mixin.py:188} INFO - 2026-08-26 12:26:33,392 | INFO | kafka_producer | Sent 915000 events
[2026-08-26T12:26:34.204+0000] {logging_mixin.py:188} INFO - 2026-08-26 12:26:34,203 | INFO | kafka_producer | Sent 920000 events
[2026-08-26T12:26:34.952+0000] {logging_mixin.py:188} INFO - 2026-08-26 12:26:34,952 | INFO | kafka_producer | Sent 925000 events
[2026-08-26T12:26:35.715+0000] {logging_mixin.py:188} INFO - 2026-08-26 12:26:35,714 | INFO | kafka_producer | Sent 930000 events
[2026-08-26T12:26:36.375+0000] {logging_mixin.py:188} INFO - 2026-08-26 12:26:36,374 | INFO | kafka_producer | Sent 935000 events
[2026-08-26T12:26:37.068+0000] {logging_mixin.py:188} INFO - 2026-08-26 12:26:37,068 | INFO | kafka_producer | Sent 940000 events
[2026-08-26T12:26:37.789+0000] {logging_mixin.py:188} INFO - 2026-08-26 12:26:37,789 | INFO | kafka_producer | Sent 945000 events
[2026-08-26T12:26:38.541+0000] {logging_mixin.py:188} INFO - 2026-08-26 12:26:38,540 | INFO | kafka_producer | Sent 950000 events
[2026-08-26T12:26:39.230+0000] {logging_mixin.py:188} INFO - 2026-08-26 12:26:39,230 | INFO | kafka_producer | Sent 955000 events
[2026-08-26T12:26:39.939+0000] {logging_mixin.py:188} INFO - 2026-08-26 12:26:39,938 | INFO | kafka_producer | Sent 960000 events
[2026-08-26T12:26:40.638+0000] {logging_mixin.py:188} INFO - 2026-08-26 12:26:40,638 | INFO | kafka_producer | Sent 965000 events
[2026-08-26T12:26:41.332+0000] {logging_mixin.py:188} INFO - 2026-08-26 12:26:41,332 | INFO | kafka_producer | Sent 970000 events
[2026-08-26T12:26:41.962+0000] {logging_mixin.py:188} INFO - 2026-08-26 12:26:41,962 | INFO | kafka_producer | Sent 975000 events
[2026-08-26T12:26:42.702+0000] {logging_mixin.py:188} INFO - 2026-08-26 12:26:42,700 | INFO | kafka_producer | Sent 980000 events
[2026-08-26T12:26:43.537+0000] {logging_mixin.py:188} INFO - 2026-08-26 12:26:43,537 | INFO | kafka_producer | Sent 985000 events
[2026-08-26T12:26:44.298+0000] {logging_mixin.py:188} INFO - 2026-08-26 12:26:44,298 | INFO | kafka_producer | Sent 990000 events
[2026-08-26T12:26:45.053+0000] {logging_mixin.py:188} INFO - 2026-08-26 12:26:45,053 | INFO | kafka_producer | Sent 995000 events
[2026-08-26T12:26:45.842+0000] {logging_mixin.py:188} INFO - 2026-08-26 12:26:45,842 | INFO | kafka_producer | Sent 1000000 events
[2026-08-26T12:26:46.743+0000] {logging_mixin.py:188} INFO - 2026-08-26 12:26:46,743 | INFO | kafka_producer | Sent 1005000 events
[2026-08-26T12:26:47.439+0000] {logging_mixin.py:188} INFO - 2026-08-26 12:26:47,439 | INFO | kafka_producer | Sent 1010000 events
[2026-08-26T12:26:48.230+0000] {logging_mixin.py:188} INFO - 2026-08-26 12:26:48,230 | INFO | kafka_producer | Sent 1015000 events
[2026-08-26T12:26:48.927+0000] {logging_mixin.py:188} INFO - 2026-08-26 12:26:48,927 | INFO | kafka_producer | Sent 1020000 events
[2026-08-26T12:26:49.591+0000] {logging_mixin.py:188} INFO - 2026-08-26 12:26:49,591 | INFO | kafka_producer | Sent 1025000 events
[2026-08-26T12:26:50.344+0000] {logging_mixin.py:188} INFO - 2026-08-26 12:26:50,344 | INFO | kafka_producer | Sent 1030000 events
[2026-08-26T12:26:51.086+0000] {logging_mixin.py:188} INFO - 2026-08-26 12:26:51,086 | INFO | kafka_producer | Sent 1035000 events
[2026-08-26T12:26:51.790+0000] {logging_mixin.py:188} INFO - 2026-08-26 12:26:51,790 | INFO | kafka_producer | Sent 1040000 events
[2026-08-26T12:26:52.454+0000] {logging_mixin.py:188} INFO - 2026-08-26 12:26:52,454 | INFO | kafka_producer | Sent 1045000 events
[2026-08-26T12:26:53.186+0000] {logging_mixin.py:188} INFO - 2026-08-26 12:26:53,185 | INFO | kafka_producer | Sent 1050000 events
[2026-08-26T12:26:53.994+0000] {logging_mixin.py:188} INFO - 2026-08-26 12:26:53,994 | INFO | kafka_producer | Sent 1055000 events
[2026-08-26T12:26:54.734+0000] {logging_mixin.py:188} INFO - 2026-08-26 12:26:54,733 | INFO | kafka_producer | Sent 1060000 events
[2026-08-26T12:26:55.557+0000] {logging_mixin.py:188} INFO - 2026-08-26 12:26:55,556 | INFO | kafka_producer | Sent 1065000 events
[2026-08-26T12:26:56.282+0000] {logging_mixin.py:188} INFO - 2026-08-26 12:26:56,282 | INFO | kafka_producer | Sent 1070000 events
[2026-08-26T12:26:56.979+0000] {logging_mixin.py:188} INFO - 2026-08-26 12:26:56,979 | INFO | kafka_producer | Sent 1075000 events
[2026-08-26T12:26:57.713+0000] {logging_mixin.py:188} INFO - 2026-08-26 12:26:57,713 | INFO | kafka_producer | Sent 1080000 events
[2026-08-26T12:26:58.448+0000] {logging_mixin.py:188} INFO - 2026-08-26 12:26:58,448 | INFO | kafka_producer | Sent 1085000 events
[2026-08-26T12:26:59.231+0000] {logging_mixin.py:188} INFO - 2026-08-26 12:26:59,231 | INFO | kafka_producer | Sent 1090000 events
[2026-08-26T12:27:00.028+0000] {logging_mixin.py:188} INFO - 2026-08-26 12:27:00,028 | INFO | kafka_producer | Sent 1095000 events
[2026-08-26T12:27:00.673+0000] {logging_mixin.py:188} INFO - 2026-08-26 12:27:00,673 | INFO | kafka_producer | Sent 1100000 events
[2026-08-26T12:27:01.334+0000] {logging_mixin.py:188} INFO - 2026-08-26 12:27:01,333 | INFO | kafka_producer | Sent 1105000 events
[2026-08-26T12:27:02.042+0000] {logging_mixin.py:188} INFO - 2026-08-26 12:27:02,041 | INFO | kafka_producer | Sent 1110000 events
[2026-08-26T12:27:02.694+0000] {logging_mixin.py:188} INFO - 2026-08-26 12:27:02,694 | INFO | kafka_producer | Sent 1115000 events
[2026-08-26T12:27:03.312+0000] {logging_mixin.py:188} INFO - 2026-08-26 12:27:03,312 | INFO | kafka_producer | Sent 1120000 events
[2026-08-26T12:27:04.175+0000] {logging_mixin.py:188} INFO - 2026-08-26 12:27:04,175 | INFO | kafka_producer | Sent 1125000 events
[2026-08-26T12:27:04.935+0000] {logging_mixin.py:188} INFO - 2026-08-26 12:27:04,934 | INFO | kafka_producer | Sent 1130000 events
[2026-08-26T12:27:05.588+0000] {logging_mixin.py:188} INFO - 2026-08-26 12:27:05,587 | INFO | kafka_producer | Sent 1135000 events
[2026-08-26T12:27:06.359+0000] {logging_mixin.py:188} INFO - 2026-08-26 12:27:06,359 | INFO | kafka_producer | Sent 1140000 events
[2026-08-26T12:27:07.037+0000] {logging_mixin.py:188} INFO - 2026-08-26 12:27:07,037 | INFO | kafka_producer | Sent 1145000 events
[2026-08-26T12:27:07.719+0000] {logging_mixin.py:188} INFO - 2026-08-26 12:27:07,719 | INFO | kafka_producer | Sent 1150000 events
[2026-08-26T12:27:08.423+0000] {logging_mixin.py:188} INFO - 2026-08-26 12:27:08,423 | INFO | kafka_producer | Sent 1155000 events
[2026-08-26T12:27:09.204+0000] {logging_mixin.py:188} INFO - 2026-08-26 12:27:09,204 | INFO | kafka_producer | Sent 1160000 events
[2026-08-26T12:27:09.970+0000] {logging_mixin.py:188} INFO - 2026-08-26 12:27:09,970 | INFO | kafka_producer | Sent 1165000 events
[2026-08-26T12:27:10.689+0000] {logging_mixin.py:188} INFO - 2026-08-26 12:27:10,689 | INFO | kafka_producer | Sent 1170000 events
[2026-08-26T12:27:11.350+0000] {logging_mixin.py:188} INFO - 2026-08-26 12:27:11,350 | INFO | kafka_producer | Sent 1175000 events
[2026-08-26T12:27:12.041+0000] {logging_mixin.py:188} INFO - 2026-08-26 12:27:12,040 | INFO | kafka_producer | Sent 1180000 events
[2026-08-26T12:27:12.703+0000] {logging_mixin.py:188} INFO - 2026-08-26 12:27:12,702 | INFO | kafka_producer | Sent 1185000 events
[2026-08-26T12:27:13.475+0000] {logging_mixin.py:188} INFO - 2026-08-26 12:27:13,475 | INFO | kafka_producer | Sent 1190000 events
[2026-08-26T12:27:14.299+0000] {logging_mixin.py:188} INFO - 2026-08-26 12:27:14,298 | INFO | kafka_producer | Sent 1195000 events
[2026-08-26T12:27:15.087+0000] {logging_mixin.py:188} INFO - 2026-08-26 12:27:15,087 | INFO | kafka_producer | Sent 1200000 events
[2026-08-26T12:27:15.847+0000] {logging_mixin.py:188} INFO - 2026-08-26 12:27:15,847 | INFO | kafka_producer | Sent 1205000 events
[2026-08-26T12:27:16.524+0000] {logging_mixin.py:188} INFO - 2026-08-26 12:27:16,523 | INFO | kafka_producer | Sent 1210000 events
[2026-08-26T12:27:17.194+0000] {logging_mixin.py:188} INFO - 2026-08-26 12:27:17,193 | INFO | kafka_producer | Sent 1215000 events
[2026-08-26T12:27:17.860+0000] {logging_mixin.py:188} INFO - 2026-08-26 12:27:17,859 | INFO | kafka_producer | Sent 1220000 events
[2026-08-26T12:27:18.554+0000] {logging_mixin.py:188} INFO - 2026-08-26 12:27:18,554 | INFO | kafka_producer | Sent 1225000 events
[2026-08-26T12:27:19.290+0000] {logging_mixin.py:188} INFO - 2026-08-26 12:27:19,287 | INFO | kafka_producer | Sent 1230000 events
[2026-08-26T12:27:19.973+0000] {logging_mixin.py:188} INFO - 2026-08-26 12:27:19,973 | INFO | kafka_producer | Sent 1235000 events
[2026-08-26T12:27:20.643+0000] {logging_mixin.py:188} INFO - 2026-08-26 12:27:20,642 | INFO | kafka_producer | Sent 1240000 events
[2026-08-26T12:27:21.333+0000] {logging_mixin.py:188} INFO - 2026-08-26 12:27:21,333 | INFO | kafka_producer | Sent 1245000 events
[2026-08-26T12:27:22.088+0000] {logging_mixin.py:188} INFO - 2026-08-26 12:27:22,088 | INFO | kafka_producer | Sent 1250000 events
[2026-08-26T12:27:22.737+0000] {logging_mixin.py:188} INFO - 2026-08-26 12:27:22,737 | INFO | kafka_producer | Sent 1255000 events
[2026-08-26T12:27:23.379+0000] {logging_mixin.py:188} INFO - 2026-08-26 12:27:23,379 | INFO | kafka_producer | Sent 1260000 events
[2026-08-26T12:27:24.225+0000] {logging_mixin.py:188} INFO - 2026-08-26 12:27:24,225 | INFO | kafka_producer | Sent 1265000 events
[2026-08-26T12:27:24.965+0000] {logging_mixin.py:188} INFO - 2026-08-26 12:27:24,964 | INFO | kafka_producer | Sent 1270000 events
[2026-08-26T12:27:25.761+0000] {logging_mixin.py:188} INFO - 2026-08-26 12:27:25,761 | INFO | kafka_producer | Sent 1275000 events
[2026-08-26T12:27:26.482+0000] {logging_mixin.py:188} INFO - 2026-08-26 12:27:26,482 | INFO | kafka_producer | Sent 1280000 events
[2026-08-26T12:27:27.249+0000] {logging_mixin.py:188} INFO - 2026-08-26 12:27:27,249 | INFO | kafka_producer | Sent 1285000 events
[2026-08-26T12:27:27.939+0000] {logging_mixin.py:188} INFO - 2026-08-26 12:27:27,939 | INFO | kafka_producer | Sent 1290000 events
[2026-08-26T12:27:28.693+0000] {logging_mixin.py:188} INFO - 2026-08-26 12:27:28,693 | INFO | kafka_producer | Sent 1295000 events
[2026-08-26T12:27:29.444+0000] {logging_mixin.py:188} INFO - 2026-08-26 12:27:29,444 | INFO | kafka_producer | Sent 1300000 events
[2026-08-26T12:27:30.275+0000] {logging_mixin.py:188} INFO - 2026-08-26 12:27:30,275 | INFO | kafka_producer | Sent 1305000 events
[2026-08-26T12:27:30.964+0000] {logging_mixin.py:188} INFO - 2026-08-26 12:27:30,964 | INFO | kafka_producer | Sent 1310000 events
[2026-08-26T12:27:31.634+0000] {logging_mixin.py:188} INFO - 2026-08-26 12:27:31,633 | INFO | kafka_producer | Sent 1315000 events
[2026-08-26T12:27:32.272+0000] {logging_mixin.py:188} INFO - 2026-08-26 12:27:32,271 | INFO | kafka_producer | Sent 1320000 events
[2026-08-26T12:27:32.928+0000] {logging_mixin.py:188} INFO - 2026-08-26 12:27:32,928 | INFO | kafka_producer | Sent 1325000 events
[2026-08-26T12:27:33.679+0000] {logging_mixin.py:188} INFO - 2026-08-26 12:27:33,679 | INFO | kafka_producer | Sent 1330000 events
[2026-08-26T12:27:34.356+0000] {logging_mixin.py:188} INFO - 2026-08-26 12:27:34,356 | INFO | kafka_producer | Sent 1335000 events
[2026-08-26T12:27:35.102+0000] {logging_mixin.py:188} INFO - 2026-08-26 12:27:35,102 | INFO | kafka_producer | Sent 1340000 events
[2026-08-26T12:27:35.942+0000] {logging_mixin.py:188} INFO - 2026-08-26 12:27:35,942 | INFO | kafka_producer | Sent 1345000 events
[2026-08-26T12:27:36.612+0000] {logging_mixin.py:188} INFO - 2026-08-26 12:27:36,612 | INFO | kafka_producer | Sent 1350000 events
[2026-08-26T12:27:37.354+0000] {logging_mixin.py:188} INFO - 2026-08-26 12:27:37,353 | INFO | kafka_producer | Sent 1355000 events
[2026-08-26T12:27:38.020+0000] {logging_mixin.py:188} INFO - 2026-08-26 12:27:38,020 | INFO | kafka_producer | Sent 1360000 events
[2026-08-26T12:27:38.703+0000] {logging_mixin.py:188} INFO - 2026-08-26 12:27:38,703 | INFO | kafka_producer | Sent 1365000 events
[2026-08-26T12:27:39.357+0000] {logging_mixin.py:188} INFO - 2026-08-26 12:27:39,357 | INFO | kafka_producer | Sent 1370000 events
[2026-08-26T12:27:40.102+0000] {logging_mixin.py:188} INFO - 2026-08-26 12:27:40,102 | INFO | kafka_producer | Sent 1375000 events
[2026-08-26T12:27:40.831+0000] {logging_mixin.py:188} INFO - 2026-08-26 12:27:40,831 | INFO | kafka_producer | Sent 1380000 events
[2026-08-26T12:27:41.497+0000] {logging_mixin.py:188} INFO - 2026-08-26 12:27:41,496 | INFO | kafka_producer | Sent 1385000 events
[2026-08-26T12:27:42.194+0000] {logging_mixin.py:188} INFO - 2026-08-26 12:27:42,194 | INFO | kafka_producer | Sent 1390000 events
[2026-08-26T12:27:42.888+0000] {logging_mixin.py:188} INFO - 2026-08-26 12:27:42,888 | INFO | kafka_producer | Sent 1395000 events
[2026-08-26T12:27:43.801+0000] {logging_mixin.py:188} INFO - 2026-08-26 12:27:43,801 | INFO | kafka_producer | Sent 1400000 events
[2026-08-26T12:27:44.531+0000] {logging_mixin.py:188} INFO - 2026-08-26 12:27:44,530 | INFO | kafka_producer | Sent 1405000 events
[2026-08-26T12:27:45.296+0000] {logging_mixin.py:188} INFO - 2026-08-26 12:27:45,296 | INFO | kafka_producer | Sent 1410000 events
[2026-08-26T12:27:46.093+0000] {logging_mixin.py:188} INFO - 2026-08-26 12:27:46,093 | INFO | kafka_producer | Sent 1415000 events
[2026-08-26T12:27:46.915+0000] {logging_mixin.py:188} INFO - 2026-08-26 12:27:46,915 | INFO | kafka_producer | Sent 1420000 events
[2026-08-26T12:27:47.657+0000] {logging_mixin.py:188} INFO - 2026-08-26 12:27:47,656 | INFO | kafka_producer | Sent 1425000 events
[2026-08-26T12:27:48.454+0000] {logging_mixin.py:188} INFO - 2026-08-26 12:27:48,454 | INFO | kafka_producer | Sent 1430000 events
[2026-08-26T12:27:49.092+0000] {logging_mixin.py:188} INFO - 2026-08-26 12:27:49,091 | INFO | kafka_producer | Sent 1435000 events
[2026-08-26T12:27:49.796+0000] {logging_mixin.py:188} INFO - 2026-08-26 12:27:49,796 | INFO | kafka_producer | Sent 1440000 events
[2026-08-26T12:27:50.551+0000] {logging_mixin.py:188} INFO - 2026-08-26 12:27:50,550 | INFO | kafka_producer | Sent 1445000 events
[2026-08-26T12:27:51.213+0000] {logging_mixin.py:188} INFO - 2026-08-26 12:27:51,213 | INFO | kafka_producer | Sent 1450000 events
[2026-08-26T12:27:51.914+0000] {logging_mixin.py:188} INFO - 2026-08-26 12:27:51,914 | INFO | kafka_producer | Sent 1455000 events
[2026-08-26T12:27:52.702+0000] {logging_mixin.py:188} INFO - 2026-08-26 12:27:52,701 | INFO | kafka_producer | Sent 1460000 events
[2026-08-26T12:27:53.430+0000] {logging_mixin.py:188} INFO - 2026-08-26 12:27:53,430 | INFO | kafka_producer | Sent 1465000 events
[2026-08-26T12:27:54.292+0000] {logging_mixin.py:188} INFO - 2026-08-26 12:27:54,291 | INFO | kafka_producer | Sent 1470000 events
[2026-08-26T12:27:55.000+0000] {logging_mixin.py:188} INFO - 2026-08-26 12:27:55,000 | INFO | kafka_producer | Sent 1475000 events
[2026-08-26T12:27:55.805+0000] {logging_mixin.py:188} INFO - 2026-08-26 12:27:55,805 | INFO | kafka_producer | Sent 1480000 events
[2026-08-26T12:27:56.452+0000] {logging_mixin.py:188} INFO - 2026-08-26 12:27:56,452 | INFO | kafka_producer | Sent 1485000 events
[2026-08-26T12:27:57.179+0000] {logging_mixin.py:188} INFO - 2026-08-26 12:27:57,179 | INFO | kafka_producer | Sent 1490000 events
[2026-08-26T12:27:57.842+0000] {logging_mixin.py:188} INFO - 2026-08-26 12:27:57,842 | INFO | kafka_producer | Sent 1495000 events
[2026-08-26T12:27:58.525+0000] {logging_mixin.py:188} INFO - 2026-08-26 12:27:58,524 | INFO | kafka_producer | Sent 1500000 events
[2026-08-26T12:27:59.166+0000] {logging_mixin.py:188} INFO - 2026-08-26 12:27:59,166 | INFO | kafka_producer | Sent 1505000 events
[2026-08-26T12:27:59.884+0000] {logging_mixin.py:188} INFO - 2026-08-26 12:27:59,884 | INFO | kafka_producer | Sent 1510000 events
[2026-08-26T12:28:00.699+0000] {logging_mixin.py:188} INFO - 2026-08-26 12:28:00,699 | INFO | kafka_producer | Sent 1515000 events
[2026-08-26T12:28:01.453+0000] {logging_mixin.py:188} INFO - 2026-08-26 12:28:01,452 | INFO | kafka_producer | Sent 1520000 events
[2026-08-26T12:28:02.158+0000] {logging_mixin.py:188} INFO - 2026-08-26 12:28:02,158 | INFO | kafka_producer | Sent 1525000 events
[2026-08-26T12:28:02.834+0000] {logging_mixin.py:188} INFO - 2026-08-26 12:28:02,833 | INFO | kafka_producer | Sent 1530000 events
[2026-08-26T12:28:03.653+0000] {logging_mixin.py:188} INFO - 2026-08-26 12:28:03,652 | INFO | kafka_producer | Sent 1535000 events
[2026-08-26T12:28:04.324+0000] {logging_mixin.py:188} INFO - 2026-08-26 12:28:04,324 | INFO | kafka_producer | Sent 1540000 events
[2026-08-26T12:28:05.033+0000] {logging_mixin.py:188} INFO - 2026-08-26 12:28:05,033 | INFO | kafka_producer | Sent 1545000 events
[2026-08-26T12:28:05.926+0000] {logging_mixin.py:188} INFO - 2026-08-26 12:28:05,926 | INFO | kafka_producer | Sent 1550000 events
[2026-08-26T12:28:06.602+0000] {logging_mixin.py:188} INFO - 2026-08-26 12:28:06,602 | INFO | kafka_producer | Sent 1555000 events
[2026-08-26T12:28:07.262+0000] {logging_mixin.py:188} INFO - 2026-08-26 12:28:07,261 | INFO | kafka_producer | Sent 1560000 events
[2026-08-26T12:28:07.921+0000] {logging_mixin.py:188} INFO - 2026-08-26 12:28:07,920 | INFO | kafka_producer | Sent 1565000 events
[2026-08-26T12:28:08.545+0000] {logging_mixin.py:188} INFO - 2026-08-26 12:28:08,545 | INFO | kafka_producer | Sent 1570000 events
[2026-08-26T12:28:09.185+0000] {logging_mixin.py:188} INFO - 2026-08-26 12:28:09,185 | INFO | kafka_producer | Sent 1575000 events
[2026-08-26T12:28:09.915+0000] {logging_mixin.py:188} INFO - 2026-08-26 12:28:09,914 | INFO | kafka_producer | Sent 1580000 events
[2026-08-26T12:28:10.590+0000] {logging_mixin.py:188} INFO - 2026-08-26 12:28:10,589 | INFO | kafka_producer | Sent 1585000 events
[2026-08-26T12:28:11.350+0000] {logging_mixin.py:188} INFO - 2026-08-26 12:28:11,349 | INFO | kafka_producer | Sent 1590000 events
[2026-08-26T12:28:12.022+0000] {logging_mixin.py:188} INFO - 2026-08-26 12:28:12,021 | INFO | kafka_producer | Sent 1595000 events
[2026-08-26T12:28:12.682+0000] {logging_mixin.py:188} INFO - 2026-08-26 12:28:12,682 | INFO | kafka_producer | Sent 1600000 events
[2026-08-26T12:28:13.530+0000] {logging_mixin.py:188} INFO - 2026-08-26 12:28:13,530 | INFO | kafka_producer | Sent 1605000 events
[2026-08-26T12:28:14.306+0000] {logging_mixin.py:188} INFO - 2026-08-26 12:28:14,305 | INFO | kafka_producer | Sent 1610000 events
[2026-08-26T12:28:15.059+0000] {logging_mixin.py:188} INFO - 2026-08-26 12:28:15,058 | INFO | kafka_producer | Sent 1615000 events
[2026-08-26T12:28:15.920+0000] {logging_mixin.py:188} INFO - 2026-08-26 12:28:15,919 | INFO | kafka_producer | Sent 1620000 events
[2026-08-26T12:28:16.607+0000] {logging_mixin.py:188} INFO - 2026-08-26 12:28:16,607 | INFO | kafka_producer | Sent 1625000 events
[2026-08-26T12:28:17.290+0000] {logging_mixin.py:188} INFO - 2026-08-26 12:28:17,290 | INFO | kafka_producer | Sent 1630000 events
[2026-08-26T12:28:18.016+0000] {logging_mixin.py:188} INFO - 2026-08-26 12:28:18,015 | INFO | kafka_producer | Sent 1635000 events
[2026-08-26T12:28:18.729+0000] {logging_mixin.py:188} INFO - 2026-08-26 12:28:18,729 | INFO | kafka_producer | Sent 1640000 events
[2026-08-26T12:28:19.416+0000] {logging_mixin.py:188} INFO - 2026-08-26 12:28:19,416 | INFO | kafka_producer | Sent 1645000 events
[2026-08-26T12:28:20.161+0000] {logging_mixin.py:188} INFO - 2026-08-26 12:28:20,160 | INFO | kafka_producer | Sent 1650000 events
[2026-08-26T12:28:20.912+0000] {logging_mixin.py:188} INFO - 2026-08-26 12:28:20,912 | INFO | kafka_producer | Sent 1655000 events
[2026-08-26T12:28:21.660+0000] {logging_mixin.py:188} INFO - 2026-08-26 12:28:21,660 | INFO | kafka_producer | Sent 1660000 events
[2026-08-26T12:28:22.383+0000] {logging_mixin.py:188} INFO - 2026-08-26 12:28:22,383 | INFO | kafka_producer | Sent 1665000 events
[2026-08-26T12:28:23.073+0000] {logging_mixin.py:188} INFO - 2026-08-26 12:28:23,072 | INFO | kafka_producer | Sent 1670000 events
[2026-08-26T12:28:23.834+0000] {logging_mixin.py:188} INFO - 2026-08-26 12:28:23,834 | INFO | kafka_producer | Sent 1675000 events
[2026-08-26T12:28:24.536+0000] {logging_mixin.py:188} INFO - 2026-08-26 12:28:24,536 | INFO | kafka_producer | Sent 1680000 events
[2026-08-26T12:28:25.348+0000] {logging_mixin.py:188} INFO - 2026-08-26 12:28:25,348 | INFO | kafka_producer | Sent 1685000 events
[2026-08-26T12:28:26.189+0000] {logging_mixin.py:188} INFO - 2026-08-26 12:28:26,188 | INFO | kafka_producer | Sent 1690000 events
[2026-08-26T12:28:26.846+0000] {logging_mixin.py:188} INFO - 2026-08-26 12:28:26,846 | INFO | kafka_producer | Sent 1695000 events
[2026-08-26T12:28:27.546+0000] {logging_mixin.py:188} INFO - 2026-08-26 12:28:27,546 | INFO | kafka_producer | Sent 1700000 events
[2026-08-26T12:28:28.216+0000] {logging_mixin.py:188} INFO - 2026-08-26 12:28:28,216 | INFO | kafka_producer | Sent 1705000 events
[2026-08-26T12:28:28.985+0000] {logging_mixin.py:188} INFO - 2026-08-26 12:28:28,985 | INFO | kafka_producer | Sent 1710000 events
[2026-08-26T12:28:29.753+0000] {logging_mixin.py:188} INFO - 2026-08-26 12:28:29,753 | INFO | kafka_producer | Sent 1715000 events
[2026-08-26T12:28:30.459+0000] {logging_mixin.py:188} INFO - 2026-08-26 12:28:30,458 | INFO | kafka_producer | Sent 1720000 events
[2026-08-26T12:28:31.380+0000] {logging_mixin.py:188} INFO - 2026-08-26 12:28:31,379 | INFO | kafka_producer | Sent 1725000 events
[2026-08-26T12:28:32.079+0000] {logging_mixin.py:188} INFO - 2026-08-26 12:28:32,078 | INFO | kafka_producer | Sent 1730000 events
[2026-08-26T12:28:32.764+0000] {logging_mixin.py:188} INFO - 2026-08-26 12:28:32,763 | INFO | kafka_producer | Sent 1735000 events
[2026-08-26T12:28:33.405+0000] {logging_mixin.py:188} INFO - 2026-08-26 12:28:33,405 | INFO | kafka_producer | Sent 1740000 events
[2026-08-26T12:28:34.243+0000] {logging_mixin.py:188} INFO - 2026-08-26 12:28:34,243 | INFO | kafka_producer | Sent 1745000 events
[2026-08-26T12:28:34.944+0000] {logging_mixin.py:188} INFO - 2026-08-26 12:28:34,944 | INFO | kafka_producer | Sent 1750000 events
[2026-08-26T12:28:35.691+0000] {logging_mixin.py:188} INFO - 2026-08-26 12:28:35,691 | INFO | kafka_producer | Sent 1755000 events
[2026-08-26T12:28:36.484+0000] {logging_mixin.py:188} INFO - 2026-08-26 12:28:36,484 | INFO | kafka_producer | Sent 1760000 events
[2026-08-26T12:28:37.167+0000] {logging_mixin.py:188} INFO - 2026-08-26 12:28:37,167 | INFO | kafka_producer | Sent 1765000 events
[2026-08-26T12:28:37.813+0000] {logging_mixin.py:188} INFO - 2026-08-26 12:28:37,812 | INFO | kafka_producer | Sent 1770000 events
[2026-08-26T12:28:38.501+0000] {logging_mixin.py:188} INFO - 2026-08-26 12:28:38,501 | INFO | kafka_producer | Sent 1775000 events
[2026-08-26T12:28:39.201+0000] {logging_mixin.py:188} INFO - 2026-08-26 12:28:39,201 | INFO | kafka_producer | Sent 1780000 events
[2026-08-26T12:28:39.939+0000] {logging_mixin.py:188} INFO - 2026-08-26 12:28:39,938 | INFO | kafka_producer | Sent 1785000 events
[2026-08-26T12:28:40.660+0000] {logging_mixin.py:188} INFO - 2026-08-26 12:28:40,659 | INFO | kafka_producer | Sent 1790000 events
[2026-08-26T12:28:41.306+0000] {logging_mixin.py:188} INFO - 2026-08-26 12:28:41,306 | INFO | kafka_producer | Sent 1795000 events
[2026-08-26T12:28:42.111+0000] {logging_mixin.py:188} INFO - 2026-08-26 12:28:42,111 | INFO | kafka_producer | Sent 1800000 events
[2026-08-26T12:28:42.781+0000] {logging_mixin.py:188} INFO - 2026-08-26 12:28:42,781 | INFO | kafka_producer | Sent 1805000 events
[2026-08-26T12:28:43.484+0000] {logging_mixin.py:188} INFO - 2026-08-26 12:28:43,484 | INFO | kafka_producer | Sent 1810000 events
[2026-08-26T12:28:44.329+0000] {logging_mixin.py:188} INFO - 2026-08-26 12:28:44,329 | INFO | kafka_producer | Sent 1815000 events
[2026-08-26T12:28:45.174+0000] {logging_mixin.py:188} INFO - 2026-08-26 12:28:45,173 | INFO | kafka_producer | Sent 1820000 events
[2026-08-26T12:28:45.876+0000] {logging_mixin.py:188} INFO - 2026-08-26 12:28:45,875 | INFO | kafka_producer | Sent 1825000 events
[2026-08-26T12:28:46.669+0000] {logging_mixin.py:188} INFO - 2026-08-26 12:28:46,669 | INFO | kafka_producer | Sent 1830000 events
[2026-08-26T12:28:47.432+0000] {logging_mixin.py:188} INFO - 2026-08-26 12:28:47,431 | INFO | kafka_producer | Sent 1835000 events
[2026-08-26T12:28:48.117+0000] {logging_mixin.py:188} INFO - 2026-08-26 12:28:48,117 | INFO | kafka_producer | Sent 1840000 events
[2026-08-26T12:28:48.829+0000] {logging_mixin.py:188} INFO - 2026-08-26 12:28:48,829 | INFO | kafka_producer | Sent 1845000 events
[2026-08-26T12:28:49.615+0000] {logging_mixin.py:188} INFO - 2026-08-26 12:28:49,615 | INFO | kafka_producer | Sent 1850000 events
[2026-08-26T12:28:50.315+0000] {logging_mixin.py:188} INFO - 2026-08-26 12:28:50,315 | INFO | kafka_producer | Sent 1855000 events
[2026-08-26T12:28:51.090+0000] {logging_mixin.py:188} INFO - 2026-08-26 12:28:51,090 | INFO | kafka_producer | Sent 1860000 events
[2026-08-26T12:28:51.817+0000] {logging_mixin.py:188} INFO - 2026-08-26 12:28:51,817 | INFO | kafka_producer | Sent 1865000 events
[2026-08-26T12:28:52.594+0000] {logging_mixin.py:188} INFO - 2026-08-26 12:28:52,593 | INFO | kafka_producer | Sent 1870000 events
[2026-08-26T12:28:53.248+0000] {logging_mixin.py:188} INFO - 2026-08-26 12:28:53,247 | INFO | kafka_producer | Sent 1875000 events
[2026-08-26T12:28:54.100+0000] {logging_mixin.py:188} INFO - 2026-08-26 12:28:54,100 | INFO | kafka_producer | Sent 1880000 events
[2026-08-26T12:28:54.855+0000] {logging_mixin.py:188} INFO - 2026-08-26 12:28:54,854 | INFO | kafka_producer | Sent 1885000 events
[2026-08-26T12:28:55.813+0000] {logging_mixin.py:188} INFO - 2026-08-26 12:28:55,813 | INFO | kafka_producer | Sent 1890000 events
[2026-08-26T12:28:56.666+0000] {logging_mixin.py:188} INFO - 2026-08-26 12:28:56,665 | INFO | kafka_producer | Sent 1895000 events
[2026-08-26T12:28:57.464+0000] {logging_mixin.py:188} INFO - 2026-08-26 12:28:57,463 | INFO | kafka_producer | Sent 1900000 events
[2026-08-26T12:28:58.159+0000] {logging_mixin.py:188} INFO - 2026-08-26 12:28:58,158 | INFO | kafka_producer | Sent 1905000 events
[2026-08-26T12:28:58.965+0000] {logging_mixin.py:188} INFO - 2026-08-26 12:28:58,964 | INFO | kafka_producer | Sent 1910000 events
[2026-08-26T12:28:59.689+0000] {logging_mixin.py:188} INFO - 2026-08-26 12:28:59,689 | INFO | kafka_producer | Sent 1915000 events
[2026-08-26T12:29:00.454+0000] {logging_mixin.py:188} INFO - 2026-08-26 12:29:00,454 | INFO | kafka_producer | Sent 1920000 events
[2026-08-26T12:29:01.237+0000] {logging_mixin.py:188} INFO - 2026-08-26 12:29:01,236 | INFO | kafka_producer | Sent 1925000 events
[2026-08-26T12:29:01.959+0000] {logging_mixin.py:188} INFO - 2026-08-26 12:29:01,959 | INFO | kafka_producer | Sent 1930000 events
[2026-08-26T12:29:02.727+0000] {logging_mixin.py:188} INFO - 2026-08-26 12:29:02,727 | INFO | kafka_producer | Sent 1935000 events
[2026-08-26T12:29:03.400+0000] {logging_mixin.py:188} INFO - 2026-08-26 12:29:03,400 | INFO | kafka_producer | Sent 1940000 events
[2026-08-26T12:29:04.277+0000] {logging_mixin.py:188} INFO - 2026-08-26 12:29:04,277 | INFO | kafka_producer | Sent 1945000 events
[2026-08-26T12:29:05.056+0000] {logging_mixin.py:188} INFO - 2026-08-26 12:29:05,056 | INFO | kafka_producer | Sent 1950000 events
[2026-08-26T12:29:05.813+0000] {logging_mixin.py:188} INFO - 2026-08-26 12:29:05,813 | INFO | kafka_producer | Sent 1955000 events
[2026-08-26T12:29:06.551+0000] {logging_mixin.py:188} INFO - 2026-08-26 12:29:06,550 | INFO | kafka_producer | Sent 1960000 events
[2026-08-26T12:29:07.295+0000] {logging_mixin.py:188} INFO - 2026-08-26 12:29:07,295 | INFO | kafka_producer | Sent 1965000 events
[2026-08-26T12:29:08.121+0000] {logging_mixin.py:188} INFO - 2026-08-26 12:29:08,121 | INFO | kafka_producer | Sent 1970000 events
[2026-08-26T12:29:08.797+0000] {logging_mixin.py:188} INFO - 2026-08-26 12:29:08,797 | INFO | kafka_producer | Sent 1975000 events
[2026-08-26T12:29:09.566+0000] {logging_mixin.py:188} INFO - 2026-08-26 12:29:09,565 | INFO | kafka_producer | Sent 1980000 events
[2026-08-26T12:29:10.310+0000] {logging_mixin.py:188} INFO - 2026-08-26 12:29:10,309 | INFO | kafka_producer | Sent 1985000 events
[2026-08-26T12:29:11.055+0000] {logging_mixin.py:188} INFO - 2026-08-26 12:29:11,055 | INFO | kafka_producer | Sent 1990000 events
[2026-08-26T12:29:11.763+0000] {logging_mixin.py:188} INFO - 2026-08-26 12:29:11,763 | INFO | kafka_producer | Sent 1995000 events
[2026-08-26T12:29:12.587+0000] {logging_mixin.py:188} INFO - 2026-08-26 12:29:12,587 | INFO | kafka_producer | Sent 2000000 events
[2026-08-26T12:29:13.252+0000] {logging_mixin.py:188} INFO - 2026-08-26 12:29:13,251 | INFO | kafka_producer | Sent 2005000 events
[2026-08-26T12:29:14.095+0000] {logging_mixin.py:188} INFO - 2026-08-26 12:29:14,095 | INFO | kafka_producer | Sent 2010000 events
[2026-08-26T12:29:14.782+0000] {logging_mixin.py:188} INFO - 2026-08-26 12:29:14,782 | INFO | kafka_producer | Sent 2015000 events
[2026-08-26T12:29:15.547+0000] {logging_mixin.py:188} INFO - 2026-08-26 12:29:15,547 | INFO | kafka_producer | Sent 2020000 events
[2026-08-26T12:29:16.273+0000] {logging_mixin.py:188} INFO - 2026-08-26 12:29:16,273 | INFO | kafka_producer | Sent 2025000 events
[2026-08-26T12:29:16.992+0000] {logging_mixin.py:188} INFO - 2026-08-26 12:29:16,991 | INFO | kafka_producer | Sent 2030000 events
[2026-08-26T12:29:17.725+0000] {logging_mixin.py:188} INFO - 2026-08-26 12:29:17,725 | INFO | kafka_producer | Sent 2035000 events
[2026-08-26T12:29:18.506+0000] {logging_mixin.py:188} INFO - 2026-08-26 12:29:18,506 | INFO | kafka_producer | Sent 2040000 events
[2026-08-26T12:29:19.194+0000] {logging_mixin.py:188} INFO - 2026-08-26 12:29:19,194 | INFO | kafka_producer | Sent 2045000 events
[2026-08-26T12:29:19.836+0000] {logging_mixin.py:188} INFO - 2026-08-26 12:29:19,835 | INFO | kafka_producer | Sent 2050000 events
[2026-08-26T12:29:20.489+0000] {logging_mixin.py:188} INFO - 2026-08-26 12:29:20,489 | INFO | kafka_producer | Sent 2055000 events
[2026-08-26T12:29:21.192+0000] {logging_mixin.py:188} INFO - 2026-08-26 12:29:21,192 | INFO | kafka_producer | Sent 2060000 events
[2026-08-26T12:29:21.855+0000] {logging_mixin.py:188} INFO - 2026-08-26 12:29:21,855 | INFO | kafka_producer | Sent 2065000 events
[2026-08-26T12:29:22.542+0000] {logging_mixin.py:188} INFO - 2026-08-26 12:29:22,542 | INFO | kafka_producer | Sent 2070000 events
[2026-08-26T12:29:23.265+0000] {logging_mixin.py:188} INFO - 2026-08-26 12:29:23,265 | INFO | kafka_producer | Sent 2075000 events
[2026-08-26T12:29:24.373+0000] {logging_mixin.py:188} INFO - 2026-08-26 12:29:24,373 | INFO | kafka_producer | Sent 2080000 events
[2026-08-26T12:29:25.092+0000] {logging_mixin.py:188} INFO - 2026-08-26 12:29:25,092 | INFO | kafka_producer | Sent 2085000 events
[2026-08-26T12:29:26.347+0000] {logging_mixin.py:188} INFO - 2026-08-26 12:29:26,347 | INFO | kafka_producer | Sent 2090000 events
[2026-08-26T12:29:27.035+0000] {logging_mixin.py:188} INFO - 2026-08-26 12:29:27,035 | INFO | kafka_producer | Sent 2095000 events
[2026-08-26T12:29:27.662+0000] {logging_mixin.py:188} INFO - 2026-08-26 12:29:27,662 | INFO | kafka_producer | Sent 2100000 events
[2026-08-26T12:29:28.459+0000] {logging_mixin.py:188} INFO - 2026-08-26 12:29:28,458 | INFO | kafka_producer | Sent 2105000 events
[2026-08-26T12:29:29.218+0000] {logging_mixin.py:188} INFO - 2026-08-26 12:29:29,218 | INFO | kafka_producer | Sent 2110000 events
[2026-08-26T12:29:29.942+0000] {logging_mixin.py:188} INFO - 2026-08-26 12:29:29,942 | INFO | kafka_producer | Sent 2115000 events
[2026-08-26T12:29:30.655+0000] {logging_mixin.py:188} INFO - 2026-08-26 12:29:30,655 | INFO | kafka_producer | Sent 2120000 events
[2026-08-26T12:29:31.313+0000] {logging_mixin.py:188} INFO - 2026-08-26 12:29:31,312 | INFO | kafka_producer | Sent 2125000 events
[2026-08-26T12:29:32.068+0000] {logging_mixin.py:188} INFO - 2026-08-26 12:29:32,067 | INFO | kafka_producer | Sent 2130000 events
[2026-08-26T12:29:32.716+0000] {logging_mixin.py:188} INFO - 2026-08-26 12:29:32,716 | INFO | kafka_producer | Sent 2135000 events
[2026-08-26T12:29:33.445+0000] {logging_mixin.py:188} INFO - 2026-08-26 12:29:33,444 | INFO | kafka_producer | Sent 2140000 events
[2026-08-26T12:29:34.263+0000] {logging_mixin.py:188} INFO - 2026-08-26 12:29:34,263 | INFO | kafka_producer | Sent 2145000 events
[2026-08-26T12:29:34.983+0000] {logging_mixin.py:188} INFO - 2026-08-26 12:29:34,983 | INFO | kafka_producer | Sent 2150000 events
[2026-08-26T12:29:35.772+0000] {logging_mixin.py:188} INFO - 2026-08-26 12:29:35,772 | INFO | kafka_producer | Sent 2155000 events
[2026-08-26T12:29:36.477+0000] {logging_mixin.py:188} INFO - 2026-08-26 12:29:36,477 | INFO | kafka_producer | Sent 2160000 events
[2026-08-26T12:29:37.185+0000] {logging_mixin.py:188} INFO - 2026-08-26 12:29:37,184 | INFO | kafka_producer | Sent 2165000 events
[2026-08-26T12:29:37.849+0000] {logging_mixin.py:188} INFO - 2026-08-26 12:29:37,849 | INFO | kafka_producer | Sent 2170000 events
[2026-08-26T12:29:38.543+0000] {logging_mixin.py:188} INFO - 2026-08-26 12:29:38,543 | INFO | kafka_producer | Sent 2175000 events
[2026-08-26T12:29:39.228+0000] {logging_mixin.py:188} INFO - 2026-08-26 12:29:39,227 | INFO | kafka_producer | Sent 2180000 events
[2026-08-26T12:29:39.917+0000] {logging_mixin.py:188} INFO - 2026-08-26 12:29:39,917 | INFO | kafka_producer | Sent 2185000 events
[2026-08-26T12:29:40.548+0000] {logging_mixin.py:188} INFO - 2026-08-26 12:29:40,548 | INFO | kafka_producer | Sent 2190000 events
[2026-08-26T12:29:41.170+0000] {logging_mixin.py:188} INFO - 2026-08-26 12:29:41,169 | INFO | kafka_producer | Sent 2195000 events
[2026-08-26T12:29:41.825+0000] {logging_mixin.py:188} INFO - 2026-08-26 12:29:41,824 | INFO | kafka_producer | Sent 2200000 events
[2026-08-26T12:29:42.517+0000] {logging_mixin.py:188} INFO - 2026-08-26 12:29:42,517 | INFO | kafka_producer | Sent 2205000 events
[2026-08-26T12:29:43.177+0000] {logging_mixin.py:188} INFO - 2026-08-26 12:29:43,177 | INFO | kafka_producer | Sent 2210000 events
[2026-08-26T12:29:44.020+0000] {logging_mixin.py:188} INFO - 2026-08-26 12:29:44,019 | INFO | kafka_producer | Sent 2215000 events
[2026-08-26T12:29:44.674+0000] {logging_mixin.py:188} INFO - 2026-08-26 12:29:44,674 | INFO | kafka_producer | Sent 2220000 events
[2026-08-26T12:29:45.329+0000] {logging_mixin.py:188} INFO - 2026-08-26 12:29:45,329 | INFO | kafka_producer | Sent 2225000 events
[2026-08-26T12:29:46.095+0000] {logging_mixin.py:188} INFO - 2026-08-26 12:29:46,095 | INFO | kafka_producer | Sent 2230000 events
[2026-08-26T12:29:46.762+0000] {logging_mixin.py:188} INFO - 2026-08-26 12:29:46,761 | INFO | kafka_producer | Sent 2235000 events
[2026-08-26T12:29:47.507+0000] {logging_mixin.py:188} INFO - 2026-08-26 12:29:47,507 | INFO | kafka_producer | Sent 2240000 events
[2026-08-26T12:29:48.183+0000] {logging_mixin.py:188} INFO - 2026-08-26 12:29:48,182 | INFO | kafka_producer | Sent 2245000 events
[2026-08-26T12:29:48.957+0000] {logging_mixin.py:188} INFO - 2026-08-26 12:29:48,957 | INFO | kafka_producer | Sent 2250000 events
[2026-08-26T12:29:49.650+0000] {logging_mixin.py:188} INFO - 2026-08-26 12:29:49,650 | INFO | kafka_producer | Sent 2255000 events
[2026-08-26T12:29:50.333+0000] {logging_mixin.py:188} INFO - 2026-08-26 12:29:50,333 | INFO | kafka_producer | Sent 2260000 events
[2026-08-26T12:29:51.066+0000] {logging_mixin.py:188} INFO - 2026-08-26 12:29:51,066 | INFO | kafka_producer | Sent 2265000 events
[2026-08-26T12:29:51.704+0000] {logging_mixin.py:188} INFO - 2026-08-26 12:29:51,703 | INFO | kafka_producer | Sent 2270000 events
[2026-08-26T12:29:52.383+0000] {logging_mixin.py:188} INFO - 2026-08-26 12:29:52,382 | INFO | kafka_producer | Sent 2275000 events
[2026-08-26T12:29:53.090+0000] {logging_mixin.py:188} INFO - 2026-08-26 12:29:53,090 | INFO | kafka_producer | Sent 2280000 events
[2026-08-26T12:29:54.968+0000] {logging_mixin.py:188} INFO - 2026-08-26 12:29:54,968 | INFO | kafka_producer | Sent 2285000 events
[2026-08-26T12:29:59.583+0000] {logging_mixin.py:188} INFO - 2026-08-26 12:29:59,583 | INFO | kafka_producer | Sent 2290000 events
[2026-08-26T12:30:00.279+0000] {logging_mixin.py:188} INFO - 2026-08-26 12:30:00,279 | INFO | kafka_producer | Sent 2295000 events
[2026-08-26T12:30:01.061+0000] {logging_mixin.py:188} INFO - 2026-08-26 12:30:01,060 | INFO | kafka_producer | Sent 2300000 events
[2026-08-26T12:30:01.695+0000] {logging_mixin.py:188} INFO - 2026-08-26 12:30:01,695 | INFO | kafka_producer | Sent 2305000 events
[2026-08-26T12:30:02.482+0000] {logging_mixin.py:188} INFO - 2026-08-26 12:30:02,482 | INFO | kafka_producer | Sent 2310000 events
[2026-08-26T12:30:03.178+0000] {logging_mixin.py:188} INFO - 2026-08-26 12:30:03,177 | INFO | kafka_producer | Sent 2315000 events
[2026-08-26T12:30:03.947+0000] {logging_mixin.py:188} INFO - 2026-08-26 12:30:03,946 | INFO | kafka_producer | Sent 2320000 events
[2026-08-26T12:30:04.690+0000] {logging_mixin.py:188} INFO - 2026-08-26 12:30:04,690 | INFO | kafka_producer | Sent 2325000 events
[2026-08-26T12:30:05.353+0000] {logging_mixin.py:188} INFO - 2026-08-26 12:30:05,353 | INFO | kafka_producer | Sent 2330000 events
[2026-08-26T12:30:06.055+0000] {logging_mixin.py:188} INFO - 2026-08-26 12:30:06,055 | INFO | kafka_producer | Sent 2335000 events
[2026-08-26T12:30:06.696+0000] {logging_mixin.py:188} INFO - 2026-08-26 12:30:06,696 | INFO | kafka_producer | Sent 2340000 events
[2026-08-26T12:30:07.426+0000] {logging_mixin.py:188} INFO - 2026-08-26 12:30:07,426 | INFO | kafka_producer | Sent 2345000 events
[2026-08-26T12:30:08.137+0000] {logging_mixin.py:188} INFO - 2026-08-26 12:30:08,136 | INFO | kafka_producer | Sent 2350000 events
[2026-08-26T12:30:08.906+0000] {logging_mixin.py:188} INFO - 2026-08-26 12:30:08,906 | INFO | kafka_producer | Sent 2355000 events
[2026-08-26T12:30:09.722+0000] {logging_mixin.py:188} INFO - 2026-08-26 12:30:09,722 | INFO | kafka_producer | Sent 2360000 events
[2026-08-26T12:30:10.437+0000] {logging_mixin.py:188} INFO - 2026-08-26 12:30:10,437 | INFO | kafka_producer | Sent 2365000 events
[2026-08-26T12:30:11.193+0000] {logging_mixin.py:188} INFO - 2026-08-26 12:30:11,193 | INFO | kafka_producer | Sent 2370000 events
[2026-08-26T12:30:11.929+0000] {logging_mixin.py:188} INFO - 2026-08-26 12:30:11,929 | INFO | kafka_producer | Sent 2375000 events
[2026-08-26T12:30:12.620+0000] {logging_mixin.py:188} INFO - 2026-08-26 12:30:12,620 | INFO | kafka_producer | Sent 2380000 events
[2026-08-26T12:30:13.291+0000] {logging_mixin.py:188} INFO - 2026-08-26 12:30:13,291 | INFO | kafka_producer | Sent 2385000 events
[2026-08-26T12:30:14.092+0000] {logging_mixin.py:188} INFO - 2026-08-26 12:30:14,092 | INFO | kafka_producer | Sent 2390000 events
[2026-08-26T12:30:14.837+0000] {logging_mixin.py:188} INFO - 2026-08-26 12:30:14,836 | INFO | kafka_producer | Sent 2395000 events
[2026-08-26T12:30:15.597+0000] {logging_mixin.py:188} INFO - 2026-08-26 12:30:15,597 | INFO | kafka_producer | Sent 2400000 events
[2026-08-26T12:30:16.324+0000] {logging_mixin.py:188} INFO - 2026-08-26 12:30:16,324 | INFO | kafka_producer | Sent 2405000 events
[2026-08-26T12:30:17.004+0000] {logging_mixin.py:188} INFO - 2026-08-26 12:30:17,003 | INFO | kafka_producer | Sent 2410000 events
[2026-08-26T12:30:17.689+0000] {logging_mixin.py:188} INFO - 2026-08-26 12:30:17,688 | INFO | kafka_producer | Sent 2415000 events
[2026-08-26T12:30:18.406+0000] {logging_mixin.py:188} INFO - 2026-08-26 12:30:18,406 | INFO | kafka_producer | Sent 2420000 events
[2026-08-26T12:30:19.124+0000] {logging_mixin.py:188} INFO - 2026-08-26 12:30:19,121 | INFO | kafka_producer | Sent 2425000 events
[2026-08-26T12:30:19.842+0000] {logging_mixin.py:188} INFO - 2026-08-26 12:30:19,842 | INFO | kafka_producer | Sent 2430000 events
[2026-08-26T12:30:20.470+0000] {logging_mixin.py:188} INFO - 2026-08-26 12:30:20,470 | INFO | kafka_producer | Sent 2435000 events
[2026-08-26T12:30:21.175+0000] {logging_mixin.py:188} INFO - 2026-08-26 12:30:21,174 | INFO | kafka_producer | Sent 2440000 events
[2026-08-26T12:30:21.802+0000] {logging_mixin.py:188} INFO - 2026-08-26 12:30:21,802 | INFO | kafka_producer | Sent 2445000 events
[2026-08-26T12:30:22.473+0000] {logging_mixin.py:188} INFO - 2026-08-26 12:30:22,472 | INFO | kafka_producer | Sent 2450000 events
[2026-08-26T12:30:23.179+0000] {logging_mixin.py:188} INFO - 2026-08-26 12:30:23,178 | INFO | kafka_producer | Sent 2455000 events
[2026-08-26T12:30:23.960+0000] {logging_mixin.py:188} INFO - 2026-08-26 12:30:23,960 | INFO | kafka_producer | Sent 2460000 events
[2026-08-26T12:30:24.749+0000] {logging_mixin.py:188} INFO - 2026-08-26 12:30:24,749 | INFO | kafka_producer | Sent 2465000 events
[2026-08-26T12:30:25.448+0000] {logging_mixin.py:188} INFO - 2026-08-26 12:30:25,447 | INFO | kafka_producer | Sent 2470000 events
[2026-08-26T12:30:26.269+0000] {logging_mixin.py:188} INFO - 2026-08-26 12:30:26,269 | INFO | kafka_producer | Sent 2475000 events
[2026-08-26T12:30:26.946+0000] {logging_mixin.py:188} INFO - 2026-08-26 12:30:26,945 | INFO | kafka_producer | Sent 2480000 events
[2026-08-26T12:30:27.645+0000] {logging_mixin.py:188} INFO - 2026-08-26 12:30:27,644 | INFO | kafka_producer | Sent 2485000 events
[2026-08-26T12:30:28.360+0000] {logging_mixin.py:188} INFO - 2026-08-26 12:30:28,359 | INFO | kafka_producer | Sent 2490000 events
[2026-08-26T12:30:29.049+0000] {logging_mixin.py:188} INFO - 2026-08-26 12:30:29,049 | INFO | kafka_producer | Sent 2495000 events
[2026-08-26T12:30:29.865+0000] {logging_mixin.py:188} INFO - 2026-08-26 12:30:29,865 | INFO | kafka_producer | Sent 2500000 events
[2026-08-26T12:30:30.585+0000] {logging_mixin.py:188} INFO - 2026-08-26 12:30:30,584 | INFO | kafka_producer | Sent 2505000 events
[2026-08-26T12:30:31.267+0000] {logging_mixin.py:188} INFO - 2026-08-26 12:30:31,267 | INFO | kafka_producer | Sent 2510000 events
[2026-08-26T12:30:31.970+0000] {logging_mixin.py:188} INFO - 2026-08-26 12:30:31,970 | INFO | kafka_producer | Sent 2515000 events
[2026-08-26T12:30:32.699+0000] {logging_mixin.py:188} INFO - 2026-08-26 12:30:32,699 | INFO | kafka_producer | Sent 2520000 events
[2026-08-26T12:30:33.502+0000] {logging_mixin.py:188} INFO - 2026-08-26 12:30:33,501 | INFO | kafka_producer | Sent 2525000 events
[2026-08-26T12:30:34.436+0000] {logging_mixin.py:188} INFO - 2026-08-26 12:30:34,436 | INFO | kafka_producer | Sent 2530000 events
[2026-08-26T12:30:35.222+0000] {logging_mixin.py:188} INFO - 2026-08-26 12:30:35,221 | INFO | kafka_producer | Sent 2535000 events
[2026-08-26T12:30:36.017+0000] {logging_mixin.py:188} INFO - 2026-08-26 12:30:36,017 | INFO | kafka_producer | Sent 2540000 events
[2026-08-26T12:30:36.704+0000] {logging_mixin.py:188} INFO - 2026-08-26 12:30:36,704 | INFO | kafka_producer | Sent 2545000 events
[2026-08-26T12:30:37.351+0000] {logging_mixin.py:188} INFO - 2026-08-26 12:30:37,351 | INFO | kafka_producer | Sent 2550000 events
[2026-08-26T12:30:38.063+0000] {logging_mixin.py:188} INFO - 2026-08-26 12:30:38,063 | INFO | kafka_producer | Sent 2555000 events
[2026-08-26T12:30:38.734+0000] {logging_mixin.py:188} INFO - 2026-08-26 12:30:38,733 | INFO | kafka_producer | Sent 2560000 events
[2026-08-26T12:30:39.370+0000] {logging_mixin.py:188} INFO - 2026-08-26 12:30:39,370 | INFO | kafka_producer | Sent 2565000 events
[2026-08-26T12:30:40.155+0000] {logging_mixin.py:188} INFO - 2026-08-26 12:30:40,155 | INFO | kafka_producer | Sent 2570000 events
[2026-08-26T12:30:40.904+0000] {logging_mixin.py:188} INFO - 2026-08-26 12:30:40,903 | INFO | kafka_producer | Sent 2575000 events
[2026-08-26T12:30:41.632+0000] {logging_mixin.py:188} INFO - 2026-08-26 12:30:41,632 | INFO | kafka_producer | Sent 2580000 events
[2026-08-26T12:30:42.321+0000] {logging_mixin.py:188} INFO - 2026-08-26 12:30:42,321 | INFO | kafka_producer | Sent 2585000 events
[2026-08-26T12:30:42.991+0000] {logging_mixin.py:188} INFO - 2026-08-26 12:30:42,991 | INFO | kafka_producer | Sent 2590000 events
[2026-08-26T12:30:43.879+0000] {logging_mixin.py:188} INFO - 2026-08-26 12:30:43,879 | INFO | kafka_producer | Sent 2595000 events
[2026-08-26T12:30:44.583+0000] {logging_mixin.py:188} INFO - 2026-08-26 12:30:44,583 | INFO | kafka_producer | Sent 2600000 events
[2026-08-26T12:30:45.366+0000] {logging_mixin.py:188} INFO - 2026-08-26 12:30:45,366 | INFO | kafka_producer | Sent 2605000 events
[2026-08-26T12:30:46.099+0000] {logging_mixin.py:188} INFO - 2026-08-26 12:30:46,098 | INFO | kafka_producer | Sent 2610000 events
[2026-08-26T12:30:46.893+0000] {logging_mixin.py:188} INFO - 2026-08-26 12:30:46,893 | INFO | kafka_producer | Sent 2615000 events
[2026-08-26T12:30:47.562+0000] {logging_mixin.py:188} INFO - 2026-08-26 12:30:47,562 | INFO | kafka_producer | Sent 2620000 events
[2026-08-26T12:30:48.222+0000] {logging_mixin.py:188} INFO - 2026-08-26 12:30:48,222 | INFO | kafka_producer | Sent 2625000 events
[2026-08-26T12:30:48.905+0000] {logging_mixin.py:188} INFO - 2026-08-26 12:30:48,905 | INFO | kafka_producer | Sent 2630000 events
[2026-08-26T12:30:49.625+0000] {logging_mixin.py:188} INFO - 2026-08-26 12:30:49,624 | INFO | kafka_producer | Sent 2635000 events
[2026-08-26T12:30:50.421+0000] {logging_mixin.py:188} INFO - 2026-08-26 12:30:50,420 | INFO | kafka_producer | Sent 2640000 events
[2026-08-26T12:30:51.185+0000] {logging_mixin.py:188} INFO - 2026-08-26 12:30:51,185 | INFO | kafka_producer | Sent 2645000 events
[2026-08-26T12:30:51.843+0000] {logging_mixin.py:188} INFO - 2026-08-26 12:30:51,842 | INFO | kafka_producer | Sent 2650000 events
[2026-08-26T12:30:52.533+0000] {logging_mixin.py:188} INFO - 2026-08-26 12:30:52,533 | INFO | kafka_producer | Sent 2655000 events
[2026-08-26T12:30:53.187+0000] {logging_mixin.py:188} INFO - 2026-08-26 12:30:53,187 | INFO | kafka_producer | Sent 2660000 events
[2026-08-26T12:30:53.991+0000] {logging_mixin.py:188} INFO - 2026-08-26 12:30:53,990 | INFO | kafka_producer | Sent 2665000 events
[2026-08-26T12:30:54.702+0000] {logging_mixin.py:188} INFO - 2026-08-26 12:30:54,702 | INFO | kafka_producer | Sent 2670000 events
[2026-08-26T12:30:55.464+0000] {logging_mixin.py:188} INFO - 2026-08-26 12:30:55,464 | INFO | kafka_producer | Sent 2675000 events
[2026-08-26T12:30:56.197+0000] {logging_mixin.py:188} INFO - 2026-08-26 12:30:56,197 | INFO | kafka_producer | Sent 2680000 events
[2026-08-26T12:30:56.870+0000] {logging_mixin.py:188} INFO - 2026-08-26 12:30:56,870 | INFO | kafka_producer | Sent 2685000 events
[2026-08-26T12:30:57.545+0000] {logging_mixin.py:188} INFO - 2026-08-26 12:30:57,545 | INFO | kafka_producer | Sent 2690000 events
[2026-08-26T12:30:58.273+0000] {logging_mixin.py:188} INFO - 2026-08-26 12:30:58,273 | INFO | kafka_producer | Sent 2695000 events
[2026-08-26T12:30:58.968+0000] {logging_mixin.py:188} INFO - 2026-08-26 12:30:58,968 | INFO | kafka_producer | Sent 2700000 events
[2026-08-26T12:30:59.704+0000] {logging_mixin.py:188} INFO - 2026-08-26 12:30:59,704 | INFO | kafka_producer | Sent 2705000 events
[2026-08-26T12:31:00.512+0000] {logging_mixin.py:188} INFO - 2026-08-26 12:31:00,512 | INFO | kafka_producer | Sent 2710000 events
[2026-08-26T12:31:01.178+0000] {logging_mixin.py:188} INFO - 2026-08-26 12:31:01,177 | INFO | kafka_producer | Sent 2715000 events
[2026-08-26T12:31:01.871+0000] {logging_mixin.py:188} INFO - 2026-08-26 12:31:01,870 | INFO | kafka_producer | Sent 2720000 events
[2026-08-26T12:31:02.560+0000] {logging_mixin.py:188} INFO - 2026-08-26 12:31:02,560 | INFO | kafka_producer | Sent 2725000 events
[2026-08-26T12:31:03.254+0000] {logging_mixin.py:188} INFO - 2026-08-26 12:31:03,253 | INFO | kafka_producer | Sent 2730000 events
[2026-08-26T12:31:04.078+0000] {logging_mixin.py:188} INFO - 2026-08-26 12:31:04,078 | INFO | kafka_producer | Sent 2735000 events
[2026-08-26T12:31:04.729+0000] {logging_mixin.py:188} INFO - 2026-08-26 12:31:04,729 | INFO | kafka_producer | Sent 2740000 events
[2026-08-26T12:31:05.399+0000] {logging_mixin.py:188} INFO - 2026-08-26 12:31:05,399 | INFO | kafka_producer | Sent 2745000 events
[2026-08-26T12:31:06.205+0000] {logging_mixin.py:188} INFO - 2026-08-26 12:31:06,205 | INFO | kafka_producer | Sent 2750000 events
[2026-08-26T12:31:06.850+0000] {logging_mixin.py:188} INFO - 2026-08-26 12:31:06,849 | INFO | kafka_producer | Sent 2755000 events
[2026-08-26T12:31:07.003+0000] {logging_mixin.py:188} INFO - 2026-08-26 12:31:07,003 | INFO | kafka_producer | Producer finished — replayed 2756101 real events
[2026-08-26T12:31:07.005+0000] {logging_mixin.py:188} INFO - 2026-08-26 12:31:07,003 | INFO | kafka_producer | kafka_producer completed successfully for date=2026-08-25
[2026-08-26T12:31:07.007+0000] {logging_mixin.py:188} INFO - /opt/***/scripts/kafka_producer.py:68: DeprecationWarning: value_serializer does not implement kafka.serializer.Serializer
[2026-08-26T12:31:07.008+0000] {logging_mixin.py:188} INFO -   run(args, logger)
[2026-08-26T12:31:07.085+0000] {python.py:201} INFO - Done. Returned value was: None
[2026-08-26T12:31:07.113+0000] {taskinstance.py:1138} INFO - Marking task as SUCCESS. dag_id=retailpulse_medallion_pipeline, task_id=kafka_producer, execution_date=20260825T000000, start_date=20260826T122406, end_date=20260826T123107
[2026-08-26T12:31:07.177+0000] {local_task_job_runner.py:234} INFO - Task exited with return code 0
[2026-08-26T12:31:07.229+0000] {taskinstance.py:3280} INFO - 1 downstream tasks scheduled from follow-on schedule check
