[2026-08-27T02:57:18.838+0000] {taskinstance.py:1956} INFO - Dependencies all met for dep_context=non-requeueable deps ti=<TaskInstance: retailpulse_medallion_pipeline.gold scheduled__2026-08-26T00:00:00+00:00 [queued]>
[2026-08-27T02:57:18.860+0000] {taskinstance.py:1956} INFO - Dependencies all met for dep_context=requeueable deps ti=<TaskInstance: retailpulse_medallion_pipeline.gold scheduled__2026-08-26T00:00:00+00:00 [queued]>
[2026-08-27T02:57:18.862+0000] {taskinstance.py:2170} INFO - Starting attempt 1 of 2
[2026-08-27T02:57:18.893+0000] {taskinstance.py:2191} INFO - Executing <Task(PythonOperator): gold> on 2026-08-26 00:00:00+00:00
[2026-08-27T02:57:18.904+0000] {standard_task_runner.py:60} INFO - Started process 5101 to run task
[2026-08-27T02:57:18.913+0000] {standard_task_runner.py:87} INFO - Running: ['***', 'tasks', 'run', 'retailpulse_medallion_pipeline', 'gold', 'scheduled__2026-08-26T00:00:00+00:00', '--job-id', '16', '--raw', '--subdir', 'DAGS_FOLDER/retailpulse_dag.py', '--cfg-path', '/tmp/tmplqe4r7iy']
[2026-08-27T02:57:18.919+0000] {standard_task_runner.py:88} INFO - Job 16: Subtask gold
[2026-08-27T02:57:19.088+0000] {task_command.py:423} INFO - Running <TaskInstance: retailpulse_medallion_pipeline.gold scheduled__2026-08-26T00:00:00+00:00 [running]> on host 1decbd92f565
[2026-08-27T02:57:19.327+0000] {taskinstance.py:2480} INFO - Exporting env vars: AIRFLOW_CTX_DAG_OWNER='retailpulse' AIRFLOW_CTX_DAG_ID='retailpulse_medallion_pipeline' AIRFLOW_CTX_TASK_ID='gold' AIRFLOW_CTX_EXECUTION_DATE='2026-08-26T00:00:00+00:00' AIRFLOW_CTX_TRY_NUMBER='1' AIRFLOW_CTX_DAG_RUN_ID='scheduled__2026-08-26T00:00:00+00:00'
[2026-08-27T02:57:23.045+0000] {logging_mixin.py:188} INFO - :: loading settings :: url = jar:file:/home/***/.local/lib/python3.8/site-packages/pyspark/jars/ivy-2.5.1.jar!/org/apache/ivy/core/settings/ivysettings.xml
[2026-08-27T02:57:23.230+0000] {logging_mixin.py:188} INFO - Ivy Default Cache set to: /home/***/.ivy2/cache
[2026-08-27T02:57:23.234+0000] {logging_mixin.py:188} INFO - The jars for the packages stored in: /home/***/.ivy2/jars
[2026-08-27T02:57:23.242+0000] {logging_mixin.py:188} INFO - org.apache.hadoop#hadoop-aws added as a dependency
[2026-08-27T02:57:23.244+0000] {logging_mixin.py:188} INFO - com.amazonaws#aws-java-sdk-bundle added as a dependency
[2026-08-27T02:57:23.246+0000] {logging_mixin.py:188} INFO - :: resolving dependencies :: org.apache.spark#spark-submit-parent-e3066adb-f481-4d45-831d-0c5dde2ca2f6;1.0
[2026-08-27T02:57:23.247+0000] {logging_mixin.py:188} INFO - 	confs: [default]
[2026-08-27T02:57:23.574+0000] {logging_mixin.py:188} INFO - 	found org.apache.hadoop#hadoop-aws;3.3.4 in central
[2026-08-27T02:57:23.627+0000] {logging_mixin.py:188} INFO - 	found com.amazonaws#aws-java-sdk-bundle;1.12.262 in central
[2026-08-27T02:57:23.669+0000] {logging_mixin.py:188} INFO - 	found org.wildfly.openssl#wildfly-openssl;1.0.7.Final in central
[2026-08-27T02:57:23.707+0000] {logging_mixin.py:188} INFO - :: resolution report :: resolve 447ms :: artifacts dl 15ms
[2026-08-27T02:57:23.709+0000] {logging_mixin.py:188} INFO - 	:: modules in use:
[2026-08-27T02:57:23.711+0000] {logging_mixin.py:188} INFO - 	com.amazonaws#aws-java-sdk-bundle;1.12.262 from central in [default]
[2026-08-27T02:57:23.714+0000] {logging_mixin.py:188} INFO - 	org.apache.hadoop#hadoop-aws;3.3.4 from central in [default]
[2026-08-27T02:57:23.718+0000] {logging_mixin.py:188} INFO - 	org.wildfly.openssl#wildfly-openssl;1.0.7.Final from central in [default]
[2026-08-27T02:57:23.719+0000] {logging_mixin.py:188} INFO - 	---------------------------------------------------------------------
[2026-08-27T02:57:23.723+0000] {logging_mixin.py:188} INFO - 	|                  |            modules            ||   artifacts   |
[2026-08-27T02:57:23.725+0000] {logging_mixin.py:188} INFO - 	|       conf       | number| search|dwnlded|evicted|| number|dwnlded|
[2026-08-27T02:57:23.726+0000] {logging_mixin.py:188} INFO - 	---------------------------------------------------------------------
[2026-08-27T02:57:23.728+0000] {logging_mixin.py:188} INFO - 	|      default     |   3   |   0   |   0   |   0   ||   3   |   0   |
[2026-08-27T02:57:23.732+0000] {logging_mixin.py:188} INFO - 	---------------------------------------------------------------------
[2026-08-27T02:57:23.735+0000] {logging_mixin.py:188} INFO - :: retrieving :: org.apache.spark#spark-submit-parent-e3066adb-f481-4d45-831d-0c5dde2ca2f6
[2026-08-27T02:57:23.737+0000] {logging_mixin.py:188} INFO - 	confs: [default]
[2026-08-27T02:57:23.742+0000] {logging_mixin.py:188} INFO - 	0 artifacts copied, 3 already retrieved (0kB/16ms)
[2026-08-27T02:57:24.090+0000] {logging_mixin.py:188} INFO - 26/08/27 02:57:24 WARN NativeCodeLoader: Unable to load native-hadoop library for your platform... using builtin-java classes where applicable
[2026-08-27T02:57:24.495+0000] {logging_mixin.py:188} INFO - Setting default log level to "WARN".
[2026-08-27T02:57:24.499+0000] {logging_mixin.py:188} INFO - To adjust logging level use sc.setLogLevel(newLevel). For SparkR, use setLogLevel(newLevel).
[2026-08-27T02:57:29.687+0000] {logging_mixin.py:188} INFO - 26/08/27 02:57:29 WARN MetricsConfig: Cannot locate configuration: tried hadoop-metrics2-s3a-file-system.properties,hadoop-metrics2.properties
[2026-08-27T02:57:38.665+0000] {logging_mixin.py:188} INFO - [Stage 0:>                                                          (0 + 0) / 1]
[2026-08-27T02:57:50.627+0000] {logging_mixin.py:188} INFO - [Stage 0:>                                                          (0 + 1) / 1]
[2026-08-27T02:57:58.308+0000] {logging_mixin.py:188} INFO - [Stage 1:>                                                          (0 + 2) / 2]
[2026-08-27T02:57:58.736+0000] {logging_mixin.py:188} INFO - [Stage 3:>                                                          (0 + 1) / 1]
[2026-08-27T02:57:58.779+0000] {logging_mixin.py:188} INFO - 2026-08-27 02:57:58,774 | INFO | gold | Writing 1108 category-day rows to s3a://gold/daily_category_counts/dt=2026-08-26 (mode=append)
[2026-08-27T02:58:02.512+0000] {logging_mixin.py:188} INFO - [Stage 7:>                                                          (0 + 2) / 2]
[2026-08-27T02:58:05.817+0000] {logging_mixin.py:188} INFO - [Stage 9:>                                                          (0 + 2) / 2]
[2026-08-27T02:58:05.893+0000] {logging_mixin.py:188} INFO - [Stage 12:>                                                         (0 + 1) / 1]
[2026-08-27T02:58:09.273+0000] {logging_mixin.py:188} INFO - [Stage 19:>                                                         (0 + 1) / 1]
[2026-08-27T02:58:10.980+0000] {logging_mixin.py:188} INFO - 2026-08-27 02:58:10,980 | INFO | gold | Writing 54 daily total rows to s3a://gold/daily_totals/dt=2026-08-26 (mode=append)
[2026-08-27T02:58:13.645+0000] {logging_mixin.py:188} INFO - [Stage 26:>                                                         (0 + 2) / 2]
[2026-08-27T02:58:14.046+0000] {logging_mixin.py:188} INFO - [Stage 28:>                                                         (0 + 2) / 3]
[2026-08-27T02:58:14.699+0000] {logging_mixin.py:188} INFO - [Stage 28:======================================>                   (2 + 1) / 3]
[2026-08-27T02:58:15.980+0000] {logging_mixin.py:188} INFO - 2026-08-27 02:58:15,979 | INFO | gold | gold completed successfully for date=2026-08-26
[2026-08-27T02:58:17.173+0000] {python.py:201} INFO - Done. Returned value was: None
[2026-08-27T02:58:17.194+0000] {taskinstance.py:1138} INFO - Marking task as SUCCESS. dag_id=retailpulse_medallion_pipeline, task_id=gold, execution_date=20260826T000000, start_date=20260827T025718, end_date=20260827T025817
[2026-08-27T02:58:17.406+0000] {local_task_job_runner.py:234} INFO - Task exited with return code 0
[2026-08-27T02:58:19.110+0000] {taskinstance.py:3280} INFO - 1 downstream tasks scheduled from follow-on schedule check
