[2026-08-27T03:00:11.113+0000] {taskinstance.py:1956} INFO - Dependencies all met for dep_context=non-requeueable deps ti=<TaskInstance: retailpulse_medallion_pipeline.tableau_export scheduled__2026-08-26T00:00:00+00:00 [queued]>
[2026-08-27T03:00:11.129+0000] {taskinstance.py:1956} INFO - Dependencies all met for dep_context=requeueable deps ti=<TaskInstance: retailpulse_medallion_pipeline.tableau_export scheduled__2026-08-26T00:00:00+00:00 [queued]>
[2026-08-27T03:00:11.131+0000] {taskinstance.py:2170} INFO - Starting attempt 1 of 2
[2026-08-27T03:00:11.163+0000] {taskinstance.py:2191} INFO - Executing <Task(PythonOperator): tableau_export> on 2026-08-26 00:00:00+00:00
[2026-08-27T03:00:11.173+0000] {standard_task_runner.py:60} INFO - Started process 6094 to run task
[2026-08-27T03:00:11.184+0000] {standard_task_runner.py:87} INFO - Running: ['***', 'tasks', 'run', 'retailpulse_medallion_pipeline', 'tableau_export', 'scheduled__2026-08-26T00:00:00+00:00', '--job-id', '19', '--raw', '--subdir', 'DAGS_FOLDER/retailpulse_dag.py', '--cfg-path', '/tmp/tmp3g2j8vep']
[2026-08-27T03:00:11.189+0000] {standard_task_runner.py:88} INFO - Job 19: Subtask tableau_export
[2026-08-27T03:00:11.328+0000] {task_command.py:423} INFO - Running <TaskInstance: retailpulse_medallion_pipeline.tableau_export scheduled__2026-08-26T00:00:00+00:00 [running]> on host 1decbd92f565
[2026-08-27T03:00:11.490+0000] {taskinstance.py:2480} INFO - Exporting env vars: AIRFLOW_CTX_DAG_OWNER='retailpulse' AIRFLOW_CTX_DAG_ID='retailpulse_medallion_pipeline' AIRFLOW_CTX_TASK_ID='tableau_export' AIRFLOW_CTX_EXECUTION_DATE='2026-08-26T00:00:00+00:00' AIRFLOW_CTX_TRY_NUMBER='1' AIRFLOW_CTX_DAG_RUN_ID='scheduled__2026-08-26T00:00:00+00:00'
[2026-08-27T03:00:14.536+0000] {logging_mixin.py:188} INFO - :: loading settings :: url = jar:file:/home/***/.local/lib/python3.8/site-packages/pyspark/jars/ivy-2.5.1.jar!/org/apache/ivy/core/settings/ivysettings.xml
[2026-08-27T03:00:14.652+0000] {logging_mixin.py:188} INFO - Ivy Default Cache set to: /home/***/.ivy2/cache
[2026-08-27T03:00:14.654+0000] {logging_mixin.py:188} INFO - The jars for the packages stored in: /home/***/.ivy2/jars
[2026-08-27T03:00:14.663+0000] {logging_mixin.py:188} INFO - org.apache.hadoop#hadoop-aws added as a dependency
[2026-08-27T03:00:14.666+0000] {logging_mixin.py:188} INFO - com.amazonaws#aws-java-sdk-bundle added as a dependency
[2026-08-27T03:00:14.668+0000] {logging_mixin.py:188} INFO - :: resolving dependencies :: org.apache.spark#spark-submit-parent-147cb921-9c1b-47ef-af25-e1c45b48b5e3;1.0
[2026-08-27T03:00:14.669+0000] {logging_mixin.py:188} INFO - 	confs: [default]
[2026-08-27T03:00:15.116+0000] {logging_mixin.py:188} INFO - 	found org.apache.hadoop#hadoop-aws;3.3.4 in central
[2026-08-27T03:00:15.303+0000] {logging_mixin.py:188} INFO - 	found com.amazonaws#aws-java-sdk-bundle;1.12.262 in central
[2026-08-27T03:00:15.506+0000] {logging_mixin.py:188} INFO - 	found org.wildfly.openssl#wildfly-openssl;1.0.7.Final in central
[2026-08-27T03:00:15.563+0000] {logging_mixin.py:188} INFO - :: resolution report :: resolve 875ms :: artifacts dl 23ms
[2026-08-27T03:00:15.570+0000] {logging_mixin.py:188} INFO - 	:: modules in use:
[2026-08-27T03:00:15.576+0000] {logging_mixin.py:188} INFO - 	com.amazonaws#aws-java-sdk-bundle;1.12.262 from central in [default]
[2026-08-27T03:00:15.579+0000] {logging_mixin.py:188} INFO - 	org.apache.hadoop#hadoop-aws;3.3.4 from central in [default]
[2026-08-27T03:00:15.583+0000] {logging_mixin.py:188} INFO - 	org.wildfly.openssl#wildfly-openssl;1.0.7.Final from central in [default]
[2026-08-27T03:00:15.586+0000] {logging_mixin.py:188} INFO - 	---------------------------------------------------------------------
[2026-08-27T03:00:15.590+0000] {logging_mixin.py:188} INFO - 	|                  |            modules            ||   artifacts   |
[2026-08-27T03:00:15.594+0000] {logging_mixin.py:188} INFO - 	|       conf       | number| search|dwnlded|evicted|| number|dwnlded|
[2026-08-27T03:00:15.598+0000] {logging_mixin.py:188} INFO - 	---------------------------------------------------------------------
[2026-08-27T03:00:15.600+0000] {logging_mixin.py:188} INFO - 	|      default     |   3   |   0   |   0   |   0   ||   3   |   0   |
[2026-08-27T03:00:15.606+0000] {logging_mixin.py:188} INFO - 	---------------------------------------------------------------------
[2026-08-27T03:00:15.610+0000] {logging_mixin.py:188} INFO - :: retrieving :: org.apache.spark#spark-submit-parent-147cb921-9c1b-47ef-af25-e1c45b48b5e3
[2026-08-27T03:00:15.613+0000] {logging_mixin.py:188} INFO - 	confs: [default]
[2026-08-27T03:00:15.616+0000] {logging_mixin.py:188} INFO - 	0 artifacts copied, 3 already retrieved (0kB/17ms)
[2026-08-27T03:00:15.928+0000] {logging_mixin.py:188} INFO - 26/08/27 03:00:15 WARN NativeCodeLoader: Unable to load native-hadoop library for your platform... using builtin-java classes where applicable
[2026-08-27T03:00:16.264+0000] {logging_mixin.py:188} INFO - Setting default log level to "WARN".
[2026-08-27T03:00:16.267+0000] {logging_mixin.py:188} INFO - To adjust logging level use sc.setLogLevel(newLevel). For SparkR, use setLogLevel(newLevel).
[2026-08-27T03:00:19.352+0000] {logging_mixin.py:188} INFO - 2026-08-27 03:00:19,347 | INFO | tableau_export | Reading forecast results from s3a://gold/forecast_results/dt=2026-08-26
[2026-08-27T03:00:21.205+0000] {logging_mixin.py:188} INFO - 26/08/27 03:00:21 WARN MetricsConfig: Cannot locate configuration: tried hadoop-metrics2-s3a-file-system.properties,hadoop-metrics2.properties
[2026-08-27T03:00:38.501+0000] {logging_mixin.py:188} INFO - [Stage 0:>                                                          (0 + 0) / 1]
[2026-08-27T03:00:44.084+0000] {logging_mixin.py:188} INFO - [Stage 0:>                                                          (0 + 1) / 1]
[2026-08-27T03:00:52.557+0000] {logging_mixin.py:188} INFO - [Stage 1:>                                                          (0 + 2) / 2]
[2026-08-27T03:00:56.768+0000] {logging_mixin.py:188} INFO - [Stage 2:>                                                          (0 + 2) / 2]
[2026-08-27T03:00:57.410+0000] {logging_mixin.py:188} INFO - [Stage 2:=============================>                             (1 + 1) / 2]
[2026-08-27T03:00:57.418+0000] {logging_mixin.py:188} INFO - 2026-08-27 03:00:57,417 | INFO | tableau_export | Exported 980 rows to /opt/***/data/exports/forecast_results_2026-08-26.csv
[2026-08-27T03:00:59.417+0000] {logging_mixin.py:188} INFO - [Stage 7:=============================>                             (1 + 1) / 2]
[2026-08-27T03:00:59.437+0000] {logging_mixin.py:188} INFO - 2026-08-27 03:00:59,432 | INFO | tableau_export | Exported 10 rows to /opt/***/data/exports/forecast_accuracy_2026-08-26.csv
[2026-08-27T03:00:59.448+0000] {logging_mixin.py:188} INFO - 2026-08-27 03:00:59,432 | INFO | tableau_export | tableau_export completed successfully for date=2026-08-26
[2026-08-27T03:01:00.716+0000] {python.py:201} INFO - Done. Returned value was: None
[2026-08-27T03:01:00.746+0000] {taskinstance.py:1138} INFO - Marking task as SUCCESS. dag_id=retailpulse_medallion_pipeline, task_id=tableau_export, execution_date=20260826T000000, start_date=20260827T030011, end_date=20260827T030100
[2026-08-27T03:01:00.825+0000] {local_task_job_runner.py:234} INFO - Task exited with return code 0
[2026-08-27T03:01:00.858+0000] {taskinstance.py:3280} INFO - 0 downstream tasks scheduled from follow-on schedule check
