[2026-08-27T02:38:47.945+0000] {taskinstance.py:1956} INFO - Dependencies all met for dep_context=non-requeueable deps ti=<TaskInstance: retailpulse_medallion_pipeline.kafka_producer scheduled__2026-08-26T00:00:00+00:00 [queued]>
[2026-08-27T02:38:47.965+0000] {taskinstance.py:1956} INFO - Dependencies all met for dep_context=requeueable deps ti=<TaskInstance: retailpulse_medallion_pipeline.kafka_producer scheduled__2026-08-26T00:00:00+00:00 [queued]>
[2026-08-27T02:38:47.967+0000] {taskinstance.py:2170} INFO - Starting attempt 1 of 2
[2026-08-27T02:38:47.991+0000] {taskinstance.py:2191} INFO - Executing <Task(PythonOperator): kafka_producer> on 2026-08-26 00:00:00+00:00
[2026-08-27T02:38:48.000+0000] {standard_task_runner.py:60} INFO - Started process 3887 to run task
[2026-08-27T02:38:48.009+0000] {standard_task_runner.py:87} INFO - Running: ['***', 'tasks', 'run', 'retailpulse_medallion_pipeline', 'kafka_producer', 'scheduled__2026-08-26T00:00:00+00:00', '--job-id', '12', '--raw', '--subdir', 'DAGS_FOLDER/retailpulse_dag.py', '--cfg-path', '/tmp/tmpjpwrvdzl']
[2026-08-27T02:38:48.013+0000] {standard_task_runner.py:88} INFO - Job 12: Subtask kafka_producer
[2026-08-27T02:38:48.132+0000] {task_command.py:423} INFO - Running <TaskInstance: retailpulse_medallion_pipeline.kafka_producer scheduled__2026-08-26T00:00:00+00:00 [running]> on host 1decbd92f565
[2026-08-27T02:38:48.262+0000] {taskinstance.py:2480} INFO - Exporting env vars: AIRFLOW_CTX_DAG_OWNER='retailpulse' AIRFLOW_CTX_DAG_ID='retailpulse_medallion_pipeline' AIRFLOW_CTX_TASK_ID='kafka_producer' AIRFLOW_CTX_EXECUTION_DATE='2026-08-26T00:00:00+00:00' AIRFLOW_CTX_TRY_NUMBER='1' AIRFLOW_CTX_DAG_RUN_ID='scheduled__2026-08-26T00:00:00+00:00'
[2026-08-27T02:38:49.540+0000] {logging_mixin.py:188} INFO - 2026-08-27 02:38:49,539 | INFO | kafka_producer | Replaying /opt/***/data/raw/retailrocket/events.csv to topic 'retail.transactions' at kafka:9092
[2026-08-27T02:38:50.583+0000] {logging_mixin.py:188} INFO - 2026-08-27 02:38:50,582 | INFO | kafka_producer | Sent 5000 events
[2026-08-27T02:38:51.484+0000] {logging_mixin.py:188} INFO - 2026-08-27 02:38:51,483 | INFO | kafka_producer | Sent 10000 events
[2026-08-27T02:38:52.326+0000] {logging_mixin.py:188} INFO - 2026-08-27 02:38:52,326 | INFO | kafka_producer | Sent 15000 events
[2026-08-27T02:38:53.123+0000] {logging_mixin.py:188} INFO - 2026-08-27 02:38:53,123 | INFO | kafka_producer | Sent 20000 events
[2026-08-27T02:38:54.180+0000] {logging_mixin.py:188} INFO - 2026-08-27 02:38:54,180 | INFO | kafka_producer | Sent 25000 events
[2026-08-27T02:38:55.034+0000] {logging_mixin.py:188} INFO - 2026-08-27 02:38:55,034 | INFO | kafka_producer | Sent 30000 events
[2026-08-27T02:38:55.829+0000] {logging_mixin.py:188} INFO - 2026-08-27 02:38:55,829 | INFO | kafka_producer | Sent 35000 events
[2026-08-27T02:38:56.652+0000] {logging_mixin.py:188} INFO - 2026-08-27 02:38:56,652 | INFO | kafka_producer | Sent 40000 events
[2026-08-27T02:38:57.568+0000] {logging_mixin.py:188} INFO - 2026-08-27 02:38:57,568 | INFO | kafka_producer | Sent 45000 events
[2026-08-27T02:38:59.823+0000] {logging_mixin.py:188} INFO - 2026-08-27 02:38:59,823 | INFO | kafka_producer | Sent 50000 events
[2026-08-27T02:39:01.402+0000] {logging_mixin.py:188} INFO - 2026-08-27 02:39:01,402 | INFO | kafka_producer | Sent 55000 events
[2026-08-27T02:39:02.637+0000] {logging_mixin.py:188} INFO - 2026-08-27 02:39:02,636 | INFO | kafka_producer | Sent 60000 events
[2026-08-27T02:39:04.033+0000] {logging_mixin.py:188} INFO - 2026-08-27 02:39:04,032 | INFO | kafka_producer | Sent 65000 events
[2026-08-27T02:39:05.283+0000] {logging_mixin.py:188} INFO - 2026-08-27 02:39:05,282 | INFO | kafka_producer | Sent 70000 events
[2026-08-27T02:39:06.580+0000] {logging_mixin.py:188} INFO - 2026-08-27 02:39:06,579 | INFO | kafka_producer | Sent 75000 events
[2026-08-27T02:39:08.682+0000] {logging_mixin.py:188} INFO - 2026-08-27 02:39:08,682 | INFO | kafka_producer | Sent 80000 events
[2026-08-27T02:39:11.017+0000] {logging_mixin.py:188} INFO - 2026-08-27 02:39:11,017 | INFO | kafka_producer | Sent 85000 events
[2026-08-27T02:39:12.720+0000] {logging_mixin.py:188} INFO - 2026-08-27 02:39:12,719 | INFO | kafka_producer | Sent 90000 events
[2026-08-27T02:39:14.520+0000] {logging_mixin.py:188} INFO - 2026-08-27 02:39:14,519 | INFO | kafka_producer | Sent 95000 events
[2026-08-27T02:39:17.073+0000] {logging_mixin.py:188} INFO - 2026-08-27 02:39:17,072 | INFO | kafka_producer | Sent 100000 events
[2026-08-27T02:39:18.503+0000] {logging_mixin.py:188} INFO - 2026-08-27 02:39:18,503 | INFO | kafka_producer | Sent 105000 events
[2026-08-27T02:39:19.566+0000] {logging_mixin.py:188} INFO - 2026-08-27 02:39:19,565 | INFO | kafka_producer | Sent 110000 events
[2026-08-27T02:39:20.664+0000] {logging_mixin.py:188} INFO - 2026-08-27 02:39:20,663 | INFO | kafka_producer | Sent 115000 events
[2026-08-27T02:39:21.934+0000] {logging_mixin.py:188} INFO - 2026-08-27 02:39:21,934 | INFO | kafka_producer | Sent 120000 events
[2026-08-27T02:39:22.920+0000] {logging_mixin.py:188} INFO - 2026-08-27 02:39:22,920 | INFO | kafka_producer | Sent 125000 events
[2026-08-27T02:39:24.142+0000] {logging_mixin.py:188} INFO - 2026-08-27 02:39:24,142 | INFO | kafka_producer | Sent 130000 events
[2026-08-27T02:39:25.211+0000] {logging_mixin.py:188} INFO - 2026-08-27 02:39:25,211 | INFO | kafka_producer | Sent 135000 events
[2026-08-27T02:39:26.197+0000] {logging_mixin.py:188} INFO - 2026-08-27 02:39:26,197 | INFO | kafka_producer | Sent 140000 events
[2026-08-27T02:39:27.265+0000] {logging_mixin.py:188} INFO - 2026-08-27 02:39:27,265 | INFO | kafka_producer | Sent 145000 events
[2026-08-27T02:39:28.286+0000] {logging_mixin.py:188} INFO - 2026-08-27 02:39:28,285 | INFO | kafka_producer | Sent 150000 events
[2026-08-27T02:39:29.265+0000] {logging_mixin.py:188} INFO - 2026-08-27 02:39:29,265 | INFO | kafka_producer | Sent 155000 events
[2026-08-27T02:39:30.342+0000] {logging_mixin.py:188} INFO - 2026-08-27 02:39:30,341 | INFO | kafka_producer | Sent 160000 events
[2026-08-27T02:39:31.377+0000] {logging_mixin.py:188} INFO - 2026-08-27 02:39:31,377 | INFO | kafka_producer | Sent 165000 events
[2026-08-27T02:39:32.307+0000] {logging_mixin.py:188} INFO - 2026-08-27 02:39:32,307 | INFO | kafka_producer | Sent 170000 events
[2026-08-27T02:39:33.109+0000] {logging_mixin.py:188} INFO - 2026-08-27 02:39:33,109 | INFO | kafka_producer | Sent 175000 events
[2026-08-27T02:39:33.984+0000] {logging_mixin.py:188} INFO - 2026-08-27 02:39:33,983 | INFO | kafka_producer | Sent 180000 events
[2026-08-27T02:39:34.690+0000] {logging_mixin.py:188} INFO - 2026-08-27 02:39:34,690 | INFO | kafka_producer | Sent 185000 events
[2026-08-27T02:39:35.686+0000] {logging_mixin.py:188} INFO - 2026-08-27 02:39:35,686 | INFO | kafka_producer | Sent 190000 events
[2026-08-27T02:39:36.428+0000] {logging_mixin.py:188} INFO - 2026-08-27 02:39:36,428 | INFO | kafka_producer | Sent 195000 events
[2026-08-27T02:39:37.193+0000] {logging_mixin.py:188} INFO - 2026-08-27 02:39:37,193 | INFO | kafka_producer | Sent 200000 events
[2026-08-27T02:39:37.879+0000] {logging_mixin.py:188} INFO - 2026-08-27 02:39:37,878 | INFO | kafka_producer | Sent 205000 events
[2026-08-27T02:39:38.586+0000] {logging_mixin.py:188} INFO - 2026-08-27 02:39:38,586 | INFO | kafka_producer | Sent 210000 events
[2026-08-27T02:39:39.294+0000] {logging_mixin.py:188} INFO - 2026-08-27 02:39:39,294 | INFO | kafka_producer | Sent 215000 events
[2026-08-27T02:39:40.242+0000] {logging_mixin.py:188} INFO - 2026-08-27 02:39:40,242 | INFO | kafka_producer | Sent 220000 events
[2026-08-27T02:39:41.109+0000] {logging_mixin.py:188} INFO - 2026-08-27 02:39:41,108 | INFO | kafka_producer | Sent 225000 events
[2026-08-27T02:39:41.829+0000] {logging_mixin.py:188} INFO - 2026-08-27 02:39:41,828 | INFO | kafka_producer | Sent 230000 events
[2026-08-27T02:39:42.661+0000] {logging_mixin.py:188} INFO - 2026-08-27 02:39:42,661 | INFO | kafka_producer | Sent 235000 events
[2026-08-27T02:39:43.581+0000] {logging_mixin.py:188} INFO - 2026-08-27 02:39:43,581 | INFO | kafka_producer | Sent 240000 events
[2026-08-27T02:39:44.671+0000] {logging_mixin.py:188} INFO - 2026-08-27 02:39:44,671 | INFO | kafka_producer | Sent 245000 events
[2026-08-27T02:39:45.529+0000] {logging_mixin.py:188} INFO - 2026-08-27 02:39:45,529 | INFO | kafka_producer | Sent 250000 events
[2026-08-27T02:39:46.620+0000] {logging_mixin.py:188} INFO - 2026-08-27 02:39:46,619 | INFO | kafka_producer | Sent 255000 events
[2026-08-27T02:39:47.628+0000] {logging_mixin.py:188} INFO - 2026-08-27 02:39:47,628 | INFO | kafka_producer | Sent 260000 events
[2026-08-27T02:39:48.632+0000] {logging_mixin.py:188} INFO - 2026-08-27 02:39:48,631 | INFO | kafka_producer | Sent 265000 events
[2026-08-27T02:39:49.639+0000] {logging_mixin.py:188} INFO - 2026-08-27 02:39:49,638 | INFO | kafka_producer | Sent 270000 events
[2026-08-27T02:39:50.516+0000] {logging_mixin.py:188} INFO - 2026-08-27 02:39:50,515 | INFO | kafka_producer | Sent 275000 events
[2026-08-27T02:39:51.594+0000] {logging_mixin.py:188} INFO - 2026-08-27 02:39:51,594 | INFO | kafka_producer | Sent 280000 events
[2026-08-27T02:39:52.914+0000] {logging_mixin.py:188} INFO - 2026-08-27 02:39:52,913 | INFO | kafka_producer | Sent 285000 events
[2026-08-27T02:39:56.154+0000] {logging_mixin.py:188} INFO - 2026-08-27 02:39:56,153 | INFO | kafka_producer | Sent 290000 events
[2026-08-27T02:39:58.643+0000] {logging_mixin.py:188} INFO - 2026-08-27 02:39:58,643 | INFO | kafka_producer | Sent 295000 events
[2026-08-27T02:40:02.624+0000] {logging_mixin.py:188} INFO - 2026-08-27 02:40:02,623 | INFO | kafka_producer | Sent 300000 events
[2026-08-27T02:40:03.652+0000] {logging_mixin.py:188} INFO - 2026-08-27 02:40:03,651 | INFO | kafka_producer | Sent 305000 events
[2026-08-27T02:40:04.624+0000] {logging_mixin.py:188} INFO - 2026-08-27 02:40:04,624 | INFO | kafka_producer | Sent 310000 events
[2026-08-27T02:40:05.502+0000] {logging_mixin.py:188} INFO - 2026-08-27 02:40:05,502 | INFO | kafka_producer | Sent 315000 events
[2026-08-27T02:40:06.377+0000] {logging_mixin.py:188} INFO - 2026-08-27 02:40:06,377 | INFO | kafka_producer | Sent 320000 events
[2026-08-27T02:40:07.175+0000] {logging_mixin.py:188} INFO - 2026-08-27 02:40:07,175 | INFO | kafka_producer | Sent 325000 events
[2026-08-27T02:40:08.015+0000] {logging_mixin.py:188} INFO - 2026-08-27 02:40:08,015 | INFO | kafka_producer | Sent 330000 events
[2026-08-27T02:40:08.876+0000] {logging_mixin.py:188} INFO - 2026-08-27 02:40:08,876 | INFO | kafka_producer | Sent 335000 events
[2026-08-27T02:40:09.658+0000] {logging_mixin.py:188} INFO - 2026-08-27 02:40:09,657 | INFO | kafka_producer | Sent 340000 events
[2026-08-27T02:40:10.557+0000] {logging_mixin.py:188} INFO - 2026-08-27 02:40:10,557 | INFO | kafka_producer | Sent 345000 events
[2026-08-27T02:40:11.412+0000] {logging_mixin.py:188} INFO - 2026-08-27 02:40:11,411 | INFO | kafka_producer | Sent 350000 events
[2026-08-27T02:40:12.275+0000] {logging_mixin.py:188} INFO - 2026-08-27 02:40:12,275 | INFO | kafka_producer | Sent 355000 events
[2026-08-27T02:40:13.155+0000] {logging_mixin.py:188} INFO - 2026-08-27 02:40:13,155 | INFO | kafka_producer | Sent 360000 events
[2026-08-27T02:40:14.102+0000] {logging_mixin.py:188} INFO - 2026-08-27 02:40:14,102 | INFO | kafka_producer | Sent 365000 events
[2026-08-27T02:40:14.825+0000] {logging_mixin.py:188} INFO - 2026-08-27 02:40:14,825 | INFO | kafka_producer | Sent 370000 events
[2026-08-27T02:40:15.657+0000] {logging_mixin.py:188} INFO - 2026-08-27 02:40:15,657 | INFO | kafka_producer | Sent 375000 events
[2026-08-27T02:40:16.480+0000] {logging_mixin.py:188} INFO - 2026-08-27 02:40:16,479 | INFO | kafka_producer | Sent 380000 events
[2026-08-27T02:40:17.287+0000] {logging_mixin.py:188} INFO - 2026-08-27 02:40:17,287 | INFO | kafka_producer | Sent 385000 events
[2026-08-27T02:40:18.015+0000] {logging_mixin.py:188} INFO - 2026-08-27 02:40:18,015 | INFO | kafka_producer | Sent 390000 events
[2026-08-27T02:40:18.834+0000] {logging_mixin.py:188} INFO - 2026-08-27 02:40:18,833 | INFO | kafka_producer | Sent 395000 events
[2026-08-27T02:40:19.590+0000] {logging_mixin.py:188} INFO - 2026-08-27 02:40:19,590 | INFO | kafka_producer | Sent 400000 events
[2026-08-27T02:40:20.364+0000] {logging_mixin.py:188} INFO - 2026-08-27 02:40:20,363 | INFO | kafka_producer | Sent 405000 events
[2026-08-27T02:40:21.176+0000] {logging_mixin.py:188} INFO - 2026-08-27 02:40:21,176 | INFO | kafka_producer | Sent 410000 events
[2026-08-27T02:40:21.952+0000] {logging_mixin.py:188} INFO - 2026-08-27 02:40:21,951 | INFO | kafka_producer | Sent 415000 events
[2026-08-27T02:40:22.792+0000] {logging_mixin.py:188} INFO - 2026-08-27 02:40:22,792 | INFO | kafka_producer | Sent 420000 events
[2026-08-27T02:40:23.679+0000] {logging_mixin.py:188} INFO - 2026-08-27 02:40:23,678 | INFO | kafka_producer | Sent 425000 events
[2026-08-27T02:40:24.724+0000] {logging_mixin.py:188} INFO - 2026-08-27 02:40:24,724 | INFO | kafka_producer | Sent 430000 events
[2026-08-27T02:40:25.641+0000] {logging_mixin.py:188} INFO - 2026-08-27 02:40:25,641 | INFO | kafka_producer | Sent 435000 events
[2026-08-27T02:40:26.619+0000] {logging_mixin.py:188} INFO - 2026-08-27 02:40:26,618 | INFO | kafka_producer | Sent 440000 events
[2026-08-27T02:40:27.452+0000] {logging_mixin.py:188} INFO - 2026-08-27 02:40:27,452 | INFO | kafka_producer | Sent 445000 events
[2026-08-27T02:40:28.236+0000] {logging_mixin.py:188} INFO - 2026-08-27 02:40:28,235 | INFO | kafka_producer | Sent 450000 events
[2026-08-27T02:40:29.110+0000] {logging_mixin.py:188} INFO - 2026-08-27 02:40:29,110 | INFO | kafka_producer | Sent 455000 events
[2026-08-27T02:40:29.902+0000] {logging_mixin.py:188} INFO - 2026-08-27 02:40:29,901 | INFO | kafka_producer | Sent 460000 events
[2026-08-27T02:40:30.670+0000] {logging_mixin.py:188} INFO - 2026-08-27 02:40:30,669 | INFO | kafka_producer | Sent 465000 events
[2026-08-27T02:40:31.457+0000] {logging_mixin.py:188} INFO - 2026-08-27 02:40:31,457 | INFO | kafka_producer | Sent 470000 events
[2026-08-27T02:40:32.243+0000] {logging_mixin.py:188} INFO - 2026-08-27 02:40:32,243 | INFO | kafka_producer | Sent 475000 events
[2026-08-27T02:40:33.058+0000] {logging_mixin.py:188} INFO - 2026-08-27 02:40:33,058 | INFO | kafka_producer | Sent 480000 events
[2026-08-27T02:40:34.079+0000] {logging_mixin.py:188} INFO - 2026-08-27 02:40:34,078 | INFO | kafka_producer | Sent 485000 events
[2026-08-27T02:40:34.906+0000] {logging_mixin.py:188} INFO - 2026-08-27 02:40:34,906 | INFO | kafka_producer | Sent 490000 events
[2026-08-27T02:40:35.755+0000] {logging_mixin.py:188} INFO - 2026-08-27 02:40:35,754 | INFO | kafka_producer | Sent 495000 events
[2026-08-27T02:40:36.593+0000] {logging_mixin.py:188} INFO - 2026-08-27 02:40:36,593 | INFO | kafka_producer | Sent 500000 events
[2026-08-27T02:40:37.413+0000] {logging_mixin.py:188} INFO - 2026-08-27 02:40:37,413 | INFO | kafka_producer | Sent 505000 events
[2026-08-27T02:40:38.200+0000] {logging_mixin.py:188} INFO - 2026-08-27 02:40:38,200 | INFO | kafka_producer | Sent 510000 events
[2026-08-27T02:40:39.029+0000] {logging_mixin.py:188} INFO - 2026-08-27 02:40:39,029 | INFO | kafka_producer | Sent 515000 events
[2026-08-27T02:40:39.867+0000] {logging_mixin.py:188} INFO - 2026-08-27 02:40:39,866 | INFO | kafka_producer | Sent 520000 events
[2026-08-27T02:40:40.638+0000] {logging_mixin.py:188} INFO - 2026-08-27 02:40:40,635 | INFO | kafka_producer | Sent 525000 events
[2026-08-27T02:40:41.558+0000] {logging_mixin.py:188} INFO - 2026-08-27 02:40:41,558 | INFO | kafka_producer | Sent 530000 events
[2026-08-27T02:40:42.339+0000] {logging_mixin.py:188} INFO - 2026-08-27 02:40:42,339 | INFO | kafka_producer | Sent 535000 events
[2026-08-27T02:40:43.206+0000] {logging_mixin.py:188} INFO - 2026-08-27 02:40:43,206 | INFO | kafka_producer | Sent 540000 events
[2026-08-27T02:40:44.243+0000] {logging_mixin.py:188} INFO - 2026-08-27 02:40:44,243 | INFO | kafka_producer | Sent 545000 events
[2026-08-27T02:40:45.036+0000] {logging_mixin.py:188} INFO - 2026-08-27 02:40:45,036 | INFO | kafka_producer | Sent 550000 events
[2026-08-27T02:40:45.876+0000] {logging_mixin.py:188} INFO - 2026-08-27 02:40:45,876 | INFO | kafka_producer | Sent 555000 events
[2026-08-27T02:40:46.795+0000] {logging_mixin.py:188} INFO - 2026-08-27 02:40:46,794 | INFO | kafka_producer | Sent 560000 events
[2026-08-27T02:40:47.660+0000] {logging_mixin.py:188} INFO - 2026-08-27 02:40:47,660 | INFO | kafka_producer | Sent 565000 events
[2026-08-27T02:40:48.515+0000] {logging_mixin.py:188} INFO - 2026-08-27 02:40:48,515 | INFO | kafka_producer | Sent 570000 events
[2026-08-27T02:40:49.327+0000] {logging_mixin.py:188} INFO - 2026-08-27 02:40:49,327 | INFO | kafka_producer | Sent 575000 events
[2026-08-27T02:40:50.116+0000] {logging_mixin.py:188} INFO - 2026-08-27 02:40:50,115 | INFO | kafka_producer | Sent 580000 events
[2026-08-27T02:40:50.945+0000] {logging_mixin.py:188} INFO - 2026-08-27 02:40:50,944 | INFO | kafka_producer | Sent 585000 events
[2026-08-27T02:40:51.770+0000] {logging_mixin.py:188} INFO - 2026-08-27 02:40:51,769 | INFO | kafka_producer | Sent 590000 events
[2026-08-27T02:40:52.600+0000] {logging_mixin.py:188} INFO - 2026-08-27 02:40:52,600 | INFO | kafka_producer | Sent 595000 events
[2026-08-27T02:40:53.384+0000] {logging_mixin.py:188} INFO - 2026-08-27 02:40:53,384 | INFO | kafka_producer | Sent 600000 events
[2026-08-27T02:40:54.364+0000] {logging_mixin.py:188} INFO - 2026-08-27 02:40:54,364 | INFO | kafka_producer | Sent 605000 events
[2026-08-27T02:40:55.224+0000] {logging_mixin.py:188} INFO - 2026-08-27 02:40:55,224 | INFO | kafka_producer | Sent 610000 events
[2026-08-27T02:40:56.060+0000] {logging_mixin.py:188} INFO - 2026-08-27 02:40:56,059 | INFO | kafka_producer | Sent 615000 events
[2026-08-27T02:40:56.867+0000] {logging_mixin.py:188} INFO - 2026-08-27 02:40:56,867 | INFO | kafka_producer | Sent 620000 events
[2026-08-27T02:40:57.699+0000] {logging_mixin.py:188} INFO - 2026-08-27 02:40:57,698 | INFO | kafka_producer | Sent 625000 events
[2026-08-27T02:40:58.497+0000] {logging_mixin.py:188} INFO - 2026-08-27 02:40:58,496 | INFO | kafka_producer | Sent 630000 events
[2026-08-27T02:41:00.561+0000] {logging_mixin.py:188} INFO - 2026-08-27 02:41:00,560 | INFO | kafka_producer | Sent 635000 events
[2026-08-27T02:41:01.775+0000] {logging_mixin.py:188} INFO - 2026-08-27 02:41:01,774 | INFO | kafka_producer | Sent 640000 events
[2026-08-27T02:41:03.776+0000] {logging_mixin.py:188} INFO - 2026-08-27 02:41:03,776 | INFO | kafka_producer | Sent 645000 events
[2026-08-27T02:41:05.645+0000] {logging_mixin.py:188} INFO - 2026-08-27 02:41:05,645 | INFO | kafka_producer | Sent 650000 events
[2026-08-27T02:41:06.839+0000] {logging_mixin.py:188} INFO - 2026-08-27 02:41:06,838 | INFO | kafka_producer | Sent 655000 events
[2026-08-27T02:41:07.954+0000] {logging_mixin.py:188} INFO - 2026-08-27 02:41:07,953 | INFO | kafka_producer | Sent 660000 events
[2026-08-27T02:41:09.088+0000] {logging_mixin.py:188} INFO - 2026-08-27 02:41:09,088 | INFO | kafka_producer | Sent 665000 events
[2026-08-27T02:41:10.445+0000] {logging_mixin.py:188} INFO - 2026-08-27 02:41:10,444 | INFO | kafka_producer | Sent 670000 events
[2026-08-27T02:41:11.909+0000] {logging_mixin.py:188} INFO - 2026-08-27 02:41:11,908 | INFO | kafka_producer | Sent 675000 events
[2026-08-27T02:41:12.916+0000] {logging_mixin.py:188} INFO - 2026-08-27 02:41:12,916 | INFO | kafka_producer | Sent 680000 events
[2026-08-27T02:41:13.783+0000] {logging_mixin.py:188} INFO - 2026-08-27 02:41:13,783 | INFO | kafka_producer | Sent 685000 events
[2026-08-27T02:41:14.744+0000] {logging_mixin.py:188} INFO - 2026-08-27 02:41:14,743 | INFO | kafka_producer | Sent 690000 events
[2026-08-27T02:41:15.629+0000] {logging_mixin.py:188} INFO - 2026-08-27 02:41:15,628 | INFO | kafka_producer | Sent 695000 events
[2026-08-27T02:41:16.444+0000] {logging_mixin.py:188} INFO - 2026-08-27 02:41:16,444 | INFO | kafka_producer | Sent 700000 events
[2026-08-27T02:41:17.240+0000] {logging_mixin.py:188} INFO - 2026-08-27 02:41:17,240 | INFO | kafka_producer | Sent 705000 events
[2026-08-27T02:41:18.022+0000] {logging_mixin.py:188} INFO - 2026-08-27 02:41:18,022 | INFO | kafka_producer | Sent 710000 events
[2026-08-27T02:41:18.909+0000] {logging_mixin.py:188} INFO - 2026-08-27 02:41:18,908 | INFO | kafka_producer | Sent 715000 events
[2026-08-27T02:41:19.682+0000] {logging_mixin.py:188} INFO - 2026-08-27 02:41:19,681 | INFO | kafka_producer | Sent 720000 events
[2026-08-27T02:41:20.464+0000] {logging_mixin.py:188} INFO - 2026-08-27 02:41:20,464 | INFO | kafka_producer | Sent 725000 events
[2026-08-27T02:41:21.341+0000] {logging_mixin.py:188} INFO - 2026-08-27 02:41:21,341 | INFO | kafka_producer | Sent 730000 events
[2026-08-27T02:41:22.170+0000] {logging_mixin.py:188} INFO - 2026-08-27 02:41:22,170 | INFO | kafka_producer | Sent 735000 events
[2026-08-27T02:41:23.007+0000] {logging_mixin.py:188} INFO - 2026-08-27 02:41:23,007 | INFO | kafka_producer | Sent 740000 events
[2026-08-27T02:41:23.915+0000] {logging_mixin.py:188} INFO - 2026-08-27 02:41:23,912 | INFO | kafka_producer | Sent 745000 events
[2026-08-27T02:41:25.077+0000] {logging_mixin.py:188} INFO - 2026-08-27 02:41:25,076 | INFO | kafka_producer | Sent 750000 events
[2026-08-27T02:41:26.006+0000] {logging_mixin.py:188} INFO - 2026-08-27 02:41:26,005 | INFO | kafka_producer | Sent 755000 events
[2026-08-27T02:41:26.847+0000] {logging_mixin.py:188} INFO - 2026-08-27 02:41:26,847 | INFO | kafka_producer | Sent 760000 events
[2026-08-27T02:41:27.645+0000] {logging_mixin.py:188} INFO - 2026-08-27 02:41:27,644 | INFO | kafka_producer | Sent 765000 events
[2026-08-27T02:41:28.431+0000] {logging_mixin.py:188} INFO - 2026-08-27 02:41:28,431 | INFO | kafka_producer | Sent 770000 events
[2026-08-27T02:41:29.258+0000] {logging_mixin.py:188} INFO - 2026-08-27 02:41:29,258 | INFO | kafka_producer | Sent 775000 events
[2026-08-27T02:41:30.024+0000] {logging_mixin.py:188} INFO - 2026-08-27 02:41:30,023 | INFO | kafka_producer | Sent 780000 events
[2026-08-27T02:41:30.904+0000] {logging_mixin.py:188} INFO - 2026-08-27 02:41:30,904 | INFO | kafka_producer | Sent 785000 events
[2026-08-27T02:41:31.715+0000] {logging_mixin.py:188} INFO - 2026-08-27 02:41:31,715 | INFO | kafka_producer | Sent 790000 events
[2026-08-27T02:41:32.593+0000] {logging_mixin.py:188} INFO - 2026-08-27 02:41:32,592 | INFO | kafka_producer | Sent 795000 events
[2026-08-27T02:41:33.430+0000] {logging_mixin.py:188} INFO - 2026-08-27 02:41:33,430 | INFO | kafka_producer | Sent 800000 events
[2026-08-27T02:41:34.805+0000] {logging_mixin.py:188} INFO - 2026-08-27 02:41:34,805 | INFO | kafka_producer | Sent 805000 events
[2026-08-27T02:41:35.834+0000] {logging_mixin.py:188} INFO - 2026-08-27 02:41:35,834 | INFO | kafka_producer | Sent 810000 events
[2026-08-27T02:41:36.602+0000] {logging_mixin.py:188} INFO - 2026-08-27 02:41:36,602 | INFO | kafka_producer | Sent 815000 events
[2026-08-27T02:41:37.269+0000] {logging_mixin.py:188} INFO - 2026-08-27 02:41:37,269 | INFO | kafka_producer | Sent 820000 events
[2026-08-27T02:41:37.960+0000] {logging_mixin.py:188} INFO - 2026-08-27 02:41:37,959 | INFO | kafka_producer | Sent 825000 events
[2026-08-27T02:41:38.695+0000] {logging_mixin.py:188} INFO - 2026-08-27 02:41:38,695 | INFO | kafka_producer | Sent 830000 events
[2026-08-27T02:41:39.374+0000] {logging_mixin.py:188} INFO - 2026-08-27 02:41:39,374 | INFO | kafka_producer | Sent 835000 events
[2026-08-27T02:41:40.092+0000] {logging_mixin.py:188} INFO - 2026-08-27 02:41:40,091 | INFO | kafka_producer | Sent 840000 events
[2026-08-27T02:41:40.920+0000] {logging_mixin.py:188} INFO - 2026-08-27 02:41:40,920 | INFO | kafka_producer | Sent 845000 events
[2026-08-27T02:41:41.670+0000] {logging_mixin.py:188} INFO - 2026-08-27 02:41:41,670 | INFO | kafka_producer | Sent 850000 events
[2026-08-27T02:41:42.562+0000] {logging_mixin.py:188} INFO - 2026-08-27 02:41:42,561 | INFO | kafka_producer | Sent 855000 events
[2026-08-27T02:41:43.350+0000] {logging_mixin.py:188} INFO - 2026-08-27 02:41:43,350 | INFO | kafka_producer | Sent 860000 events
[2026-08-27T02:41:44.140+0000] {logging_mixin.py:188} INFO - 2026-08-27 02:41:44,140 | INFO | kafka_producer | Sent 865000 events
[2026-08-27T02:41:44.893+0000] {logging_mixin.py:188} INFO - 2026-08-27 02:41:44,893 | INFO | kafka_producer | Sent 870000 events
[2026-08-27T02:41:45.855+0000] {logging_mixin.py:188} INFO - 2026-08-27 02:41:45,854 | INFO | kafka_producer | Sent 875000 events
[2026-08-27T02:41:46.682+0000] {logging_mixin.py:188} INFO - 2026-08-27 02:41:46,681 | INFO | kafka_producer | Sent 880000 events
[2026-08-27T02:41:47.340+0000] {logging_mixin.py:188} INFO - 2026-08-27 02:41:47,339 | INFO | kafka_producer | Sent 885000 events
[2026-08-27T02:41:48.192+0000] {logging_mixin.py:188} INFO - 2026-08-27 02:41:48,191 | INFO | kafka_producer | Sent 890000 events
[2026-08-27T02:41:48.841+0000] {logging_mixin.py:188} INFO - 2026-08-27 02:41:48,841 | INFO | kafka_producer | Sent 895000 events
[2026-08-27T02:41:49.613+0000] {logging_mixin.py:188} INFO - 2026-08-27 02:41:49,613 | INFO | kafka_producer | Sent 900000 events
[2026-08-27T02:41:50.361+0000] {logging_mixin.py:188} INFO - 2026-08-27 02:41:50,361 | INFO | kafka_producer | Sent 905000 events
[2026-08-27T02:41:50.997+0000] {logging_mixin.py:188} INFO - 2026-08-27 02:41:50,996 | INFO | kafka_producer | Sent 910000 events
[2026-08-27T02:41:51.812+0000] {logging_mixin.py:188} INFO - 2026-08-27 02:41:51,812 | INFO | kafka_producer | Sent 915000 events
[2026-08-27T02:41:52.621+0000] {logging_mixin.py:188} INFO - 2026-08-27 02:41:52,621 | INFO | kafka_producer | Sent 920000 events
[2026-08-27T02:41:53.332+0000] {logging_mixin.py:188} INFO - 2026-08-27 02:41:53,332 | INFO | kafka_producer | Sent 925000 events
[2026-08-27T02:41:54.177+0000] {logging_mixin.py:188} INFO - 2026-08-27 02:41:54,177 | INFO | kafka_producer | Sent 930000 events
[2026-08-27T02:41:54.858+0000] {logging_mixin.py:188} INFO - 2026-08-27 02:41:54,857 | INFO | kafka_producer | Sent 935000 events
[2026-08-27T02:41:55.788+0000] {logging_mixin.py:188} INFO - 2026-08-27 02:41:55,788 | INFO | kafka_producer | Sent 940000 events
[2026-08-27T02:41:56.595+0000] {logging_mixin.py:188} INFO - 2026-08-27 02:41:56,594 | INFO | kafka_producer | Sent 945000 events
[2026-08-27T02:41:57.350+0000] {logging_mixin.py:188} INFO - 2026-08-27 02:41:57,349 | INFO | kafka_producer | Sent 950000 events
[2026-08-27T02:41:58.103+0000] {logging_mixin.py:188} INFO - 2026-08-27 02:41:58,103 | INFO | kafka_producer | Sent 955000 events
[2026-08-27T02:41:58.782+0000] {logging_mixin.py:188} INFO - 2026-08-27 02:41:58,782 | INFO | kafka_producer | Sent 960000 events
[2026-08-27T02:41:59.454+0000] {logging_mixin.py:188} INFO - 2026-08-27 02:41:59,454 | INFO | kafka_producer | Sent 965000 events
[2026-08-27T02:42:00.335+0000] {logging_mixin.py:188} INFO - 2026-08-27 02:42:00,334 | INFO | kafka_producer | Sent 970000 events
[2026-08-27T02:42:01.076+0000] {logging_mixin.py:188} INFO - 2026-08-27 02:42:01,076 | INFO | kafka_producer | Sent 975000 events
[2026-08-27T02:42:01.886+0000] {logging_mixin.py:188} INFO - 2026-08-27 02:42:01,885 | INFO | kafka_producer | Sent 980000 events
[2026-08-27T02:42:02.839+0000] {logging_mixin.py:188} INFO - 2026-08-27 02:42:02,839 | INFO | kafka_producer | Sent 985000 events
[2026-08-27T02:42:03.567+0000] {logging_mixin.py:188} INFO - 2026-08-27 02:42:03,567 | INFO | kafka_producer | Sent 990000 events
[2026-08-27T02:42:04.372+0000] {logging_mixin.py:188} INFO - 2026-08-27 02:42:04,372 | INFO | kafka_producer | Sent 995000 events
[2026-08-27T02:42:05.120+0000] {logging_mixin.py:188} INFO - 2026-08-27 02:42:05,120 | INFO | kafka_producer | Sent 1000000 events
[2026-08-27T02:42:05.886+0000] {logging_mixin.py:188} INFO - 2026-08-27 02:42:05,885 | INFO | kafka_producer | Sent 1005000 events
[2026-08-27T02:42:06.688+0000] {logging_mixin.py:188} INFO - 2026-08-27 02:42:06,688 | INFO | kafka_producer | Sent 1010000 events
[2026-08-27T02:42:07.369+0000] {logging_mixin.py:188} INFO - 2026-08-27 02:42:07,369 | INFO | kafka_producer | Sent 1015000 events
[2026-08-27T02:42:08.104+0000] {logging_mixin.py:188} INFO - 2026-08-27 02:42:08,103 | INFO | kafka_producer | Sent 1020000 events
[2026-08-27T02:42:08.840+0000] {logging_mixin.py:188} INFO - 2026-08-27 02:42:08,840 | INFO | kafka_producer | Sent 1025000 events
[2026-08-27T02:42:09.494+0000] {logging_mixin.py:188} INFO - 2026-08-27 02:42:09,494 | INFO | kafka_producer | Sent 1030000 events
[2026-08-27T02:42:10.272+0000] {logging_mixin.py:188} INFO - 2026-08-27 02:42:10,272 | INFO | kafka_producer | Sent 1035000 events
[2026-08-27T02:42:10.968+0000] {logging_mixin.py:188} INFO - 2026-08-27 02:42:10,968 | INFO | kafka_producer | Sent 1040000 events
[2026-08-27T02:42:11.735+0000] {logging_mixin.py:188} INFO - 2026-08-27 02:42:11,735 | INFO | kafka_producer | Sent 1045000 events
[2026-08-27T02:42:12.487+0000] {logging_mixin.py:188} INFO - 2026-08-27 02:42:12,487 | INFO | kafka_producer | Sent 1050000 events
[2026-08-27T02:42:13.387+0000] {logging_mixin.py:188} INFO - 2026-08-27 02:42:13,386 | INFO | kafka_producer | Sent 1055000 events
[2026-08-27T02:42:14.189+0000] {logging_mixin.py:188} INFO - 2026-08-27 02:42:14,189 | INFO | kafka_producer | Sent 1060000 events
[2026-08-27T02:42:14.890+0000] {logging_mixin.py:188} INFO - 2026-08-27 02:42:14,890 | INFO | kafka_producer | Sent 1065000 events
[2026-08-27T02:42:15.611+0000] {logging_mixin.py:188} INFO - 2026-08-27 02:42:15,610 | INFO | kafka_producer | Sent 1070000 events
[2026-08-27T02:42:16.395+0000] {logging_mixin.py:188} INFO - 2026-08-27 02:42:16,395 | INFO | kafka_producer | Sent 1075000 events
[2026-08-27T02:42:17.178+0000] {logging_mixin.py:188} INFO - 2026-08-27 02:42:17,178 | INFO | kafka_producer | Sent 1080000 events
[2026-08-27T02:42:17.919+0000] {logging_mixin.py:188} INFO - 2026-08-27 02:42:17,919 | INFO | kafka_producer | Sent 1085000 events
[2026-08-27T02:42:18.600+0000] {logging_mixin.py:188} INFO - 2026-08-27 02:42:18,600 | INFO | kafka_producer | Sent 1090000 events
[2026-08-27T02:42:19.355+0000] {logging_mixin.py:188} INFO - 2026-08-27 02:42:19,355 | INFO | kafka_producer | Sent 1095000 events
[2026-08-27T02:42:20.041+0000] {logging_mixin.py:188} INFO - 2026-08-27 02:42:20,040 | INFO | kafka_producer | Sent 1100000 events
[2026-08-27T02:42:20.768+0000] {logging_mixin.py:188} INFO - 2026-08-27 02:42:20,768 | INFO | kafka_producer | Sent 1105000 events
[2026-08-27T02:42:21.498+0000] {logging_mixin.py:188} INFO - 2026-08-27 02:42:21,497 | INFO | kafka_producer | Sent 1110000 events
[2026-08-27T02:42:22.263+0000] {logging_mixin.py:188} INFO - 2026-08-27 02:42:22,263 | INFO | kafka_producer | Sent 1115000 events
[2026-08-27T02:42:22.978+0000] {logging_mixin.py:188} INFO - 2026-08-27 02:42:22,978 | INFO | kafka_producer | Sent 1120000 events
[2026-08-27T02:42:23.725+0000] {logging_mixin.py:188} INFO - 2026-08-27 02:42:23,725 | INFO | kafka_producer | Sent 1125000 events
[2026-08-27T02:42:24.585+0000] {logging_mixin.py:188} INFO - 2026-08-27 02:42:24,584 | INFO | kafka_producer | Sent 1130000 events
[2026-08-27T02:42:25.395+0000] {logging_mixin.py:188} INFO - 2026-08-27 02:42:25,395 | INFO | kafka_producer | Sent 1135000 events
[2026-08-27T02:42:26.066+0000] {logging_mixin.py:188} INFO - 2026-08-27 02:42:26,066 | INFO | kafka_producer | Sent 1140000 events
[2026-08-27T02:42:26.896+0000] {logging_mixin.py:188} INFO - 2026-08-27 02:42:26,896 | INFO | kafka_producer | Sent 1145000 events
[2026-08-27T02:42:27.723+0000] {logging_mixin.py:188} INFO - 2026-08-27 02:42:27,723 | INFO | kafka_producer | Sent 1150000 events
[2026-08-27T02:42:28.446+0000] {logging_mixin.py:188} INFO - 2026-08-27 02:42:28,446 | INFO | kafka_producer | Sent 1155000 events
[2026-08-27T02:42:29.177+0000] {logging_mixin.py:188} INFO - 2026-08-27 02:42:29,176 | INFO | kafka_producer | Sent 1160000 events
[2026-08-27T02:42:29.828+0000] {logging_mixin.py:188} INFO - 2026-08-27 02:42:29,828 | INFO | kafka_producer | Sent 1165000 events
[2026-08-27T02:42:30.560+0000] {logging_mixin.py:188} INFO - 2026-08-27 02:42:30,559 | INFO | kafka_producer | Sent 1170000 events
[2026-08-27T02:42:31.239+0000] {logging_mixin.py:188} INFO - 2026-08-27 02:42:31,239 | INFO | kafka_producer | Sent 1175000 events
[2026-08-27T02:42:31.960+0000] {logging_mixin.py:188} INFO - 2026-08-27 02:42:31,959 | INFO | kafka_producer | Sent 1180000 events
[2026-08-27T02:42:32.724+0000] {logging_mixin.py:188} INFO - 2026-08-27 02:42:32,724 | INFO | kafka_producer | Sent 1185000 events
[2026-08-27T02:42:33.480+0000] {logging_mixin.py:188} INFO - 2026-08-27 02:42:33,479 | INFO | kafka_producer | Sent 1190000 events
[2026-08-27T02:42:34.318+0000] {logging_mixin.py:188} INFO - 2026-08-27 02:42:34,318 | INFO | kafka_producer | Sent 1195000 events
[2026-08-27T02:42:35.089+0000] {logging_mixin.py:188} INFO - 2026-08-27 02:42:35,089 | INFO | kafka_producer | Sent 1200000 events
[2026-08-27T02:42:35.836+0000] {logging_mixin.py:188} INFO - 2026-08-27 02:42:35,836 | INFO | kafka_producer | Sent 1205000 events
[2026-08-27T02:42:36.572+0000] {logging_mixin.py:188} INFO - 2026-08-27 02:42:36,572 | INFO | kafka_producer | Sent 1210000 events
[2026-08-27T02:42:37.282+0000] {logging_mixin.py:188} INFO - 2026-08-27 02:42:37,282 | INFO | kafka_producer | Sent 1215000 events
[2026-08-27T02:42:38.133+0000] {logging_mixin.py:188} INFO - 2026-08-27 02:42:38,133 | INFO | kafka_producer | Sent 1220000 events
[2026-08-27T02:42:38.942+0000] {logging_mixin.py:188} INFO - 2026-08-27 02:42:38,941 | INFO | kafka_producer | Sent 1225000 events
[2026-08-27T02:42:39.629+0000] {logging_mixin.py:188} INFO - 2026-08-27 02:42:39,629 | INFO | kafka_producer | Sent 1230000 events
[2026-08-27T02:42:40.300+0000] {logging_mixin.py:188} INFO - 2026-08-27 02:42:40,300 | INFO | kafka_producer | Sent 1235000 events
[2026-08-27T02:42:40.965+0000] {logging_mixin.py:188} INFO - 2026-08-27 02:42:40,964 | INFO | kafka_producer | Sent 1240000 events
[2026-08-27T02:42:41.699+0000] {logging_mixin.py:188} INFO - 2026-08-27 02:42:41,699 | INFO | kafka_producer | Sent 1245000 events
[2026-08-27T02:42:42.407+0000] {logging_mixin.py:188} INFO - 2026-08-27 02:42:42,407 | INFO | kafka_producer | Sent 1250000 events
[2026-08-27T02:42:43.135+0000] {logging_mixin.py:188} INFO - 2026-08-27 02:42:43,134 | INFO | kafka_producer | Sent 1255000 events
[2026-08-27T02:42:44.109+0000] {logging_mixin.py:188} INFO - 2026-08-27 02:42:44,109 | INFO | kafka_producer | Sent 1260000 events
[2026-08-27T02:42:44.827+0000] {logging_mixin.py:188} INFO - 2026-08-27 02:42:44,826 | INFO | kafka_producer | Sent 1265000 events
[2026-08-27T02:42:45.501+0000] {logging_mixin.py:188} INFO - 2026-08-27 02:42:45,501 | INFO | kafka_producer | Sent 1270000 events
[2026-08-27T02:42:46.229+0000] {logging_mixin.py:188} INFO - 2026-08-27 02:42:46,229 | INFO | kafka_producer | Sent 1275000 events
[2026-08-27T02:42:46.992+0000] {logging_mixin.py:188} INFO - 2026-08-27 02:42:46,992 | INFO | kafka_producer | Sent 1280000 events
[2026-08-27T02:42:48.122+0000] {logging_mixin.py:188} INFO - 2026-08-27 02:42:48,121 | INFO | kafka_producer | Sent 1285000 events
[2026-08-27T02:42:49.011+0000] {logging_mixin.py:188} INFO - 2026-08-27 02:42:49,011 | INFO | kafka_producer | Sent 1290000 events
[2026-08-27T02:42:49.827+0000] {logging_mixin.py:188} INFO - 2026-08-27 02:42:49,827 | INFO | kafka_producer | Sent 1295000 events
[2026-08-27T02:42:50.693+0000] {logging_mixin.py:188} INFO - 2026-08-27 02:42:50,693 | INFO | kafka_producer | Sent 1300000 events
[2026-08-27T02:42:51.437+0000] {logging_mixin.py:188} INFO - 2026-08-27 02:42:51,437 | INFO | kafka_producer | Sent 1305000 events
[2026-08-27T02:42:52.174+0000] {logging_mixin.py:188} INFO - 2026-08-27 02:42:52,174 | INFO | kafka_producer | Sent 1310000 events
[2026-08-27T02:42:52.976+0000] {logging_mixin.py:188} INFO - 2026-08-27 02:42:52,972 | INFO | kafka_producer | Sent 1315000 events
[2026-08-27T02:42:53.684+0000] {logging_mixin.py:188} INFO - 2026-08-27 02:42:53,684 | INFO | kafka_producer | Sent 1320000 events
[2026-08-27T02:42:54.471+0000] {logging_mixin.py:188} INFO - 2026-08-27 02:42:54,471 | INFO | kafka_producer | Sent 1325000 events
[2026-08-27T02:42:55.201+0000] {logging_mixin.py:188} INFO - 2026-08-27 02:42:55,201 | INFO | kafka_producer | Sent 1330000 events
[2026-08-27T02:42:55.986+0000] {logging_mixin.py:188} INFO - 2026-08-27 02:42:55,985 | INFO | kafka_producer | Sent 1335000 events
[2026-08-27T02:42:56.714+0000] {logging_mixin.py:188} INFO - 2026-08-27 02:42:56,714 | INFO | kafka_producer | Sent 1340000 events
[2026-08-27T02:42:57.513+0000] {logging_mixin.py:188} INFO - 2026-08-27 02:42:57,512 | INFO | kafka_producer | Sent 1345000 events
[2026-08-27T02:42:58.311+0000] {logging_mixin.py:188} INFO - 2026-08-27 02:42:58,311 | INFO | kafka_producer | Sent 1350000 events
[2026-08-27T02:42:59.033+0000] {logging_mixin.py:188} INFO - 2026-08-27 02:42:59,032 | INFO | kafka_producer | Sent 1355000 events
[2026-08-27T02:42:59.820+0000] {logging_mixin.py:188} INFO - 2026-08-27 02:42:59,820 | INFO | kafka_producer | Sent 1360000 events
[2026-08-27T02:43:00.568+0000] {logging_mixin.py:188} INFO - 2026-08-27 02:43:00,568 | INFO | kafka_producer | Sent 1365000 events
[2026-08-27T02:43:01.341+0000] {logging_mixin.py:188} INFO - 2026-08-27 02:43:01,341 | INFO | kafka_producer | Sent 1370000 events
[2026-08-27T02:43:02.122+0000] {logging_mixin.py:188} INFO - 2026-08-27 02:43:02,122 | INFO | kafka_producer | Sent 1375000 events
[2026-08-27T02:43:02.924+0000] {logging_mixin.py:188} INFO - 2026-08-27 02:43:02,923 | INFO | kafka_producer | Sent 1380000 events
[2026-08-27T02:43:03.704+0000] {logging_mixin.py:188} INFO - 2026-08-27 02:43:03,703 | INFO | kafka_producer | Sent 1385000 events
[2026-08-27T02:43:04.611+0000] {logging_mixin.py:188} INFO - 2026-08-27 02:43:04,611 | INFO | kafka_producer | Sent 1390000 events
[2026-08-27T02:43:05.316+0000] {logging_mixin.py:188} INFO - 2026-08-27 02:43:05,316 | INFO | kafka_producer | Sent 1395000 events
[2026-08-27T02:43:05.967+0000] {logging_mixin.py:188} INFO - 2026-08-27 02:43:05,967 | INFO | kafka_producer | Sent 1400000 events
[2026-08-27T02:43:06.723+0000] {logging_mixin.py:188} INFO - 2026-08-27 02:43:06,723 | INFO | kafka_producer | Sent 1405000 events
[2026-08-27T02:43:07.398+0000] {logging_mixin.py:188} INFO - 2026-08-27 02:43:07,398 | INFO | kafka_producer | Sent 1410000 events
[2026-08-27T02:43:08.181+0000] {logging_mixin.py:188} INFO - 2026-08-27 02:43:08,181 | INFO | kafka_producer | Sent 1415000 events
[2026-08-27T02:43:08.905+0000] {logging_mixin.py:188} INFO - 2026-08-27 02:43:08,905 | INFO | kafka_producer | Sent 1420000 events
[2026-08-27T02:43:09.644+0000] {logging_mixin.py:188} INFO - 2026-08-27 02:43:09,643 | INFO | kafka_producer | Sent 1425000 events
[2026-08-27T02:43:10.394+0000] {logging_mixin.py:188} INFO - 2026-08-27 02:43:10,394 | INFO | kafka_producer | Sent 1430000 events
[2026-08-27T02:43:11.212+0000] {logging_mixin.py:188} INFO - 2026-08-27 02:43:11,212 | INFO | kafka_producer | Sent 1435000 events
[2026-08-27T02:43:11.922+0000] {logging_mixin.py:188} INFO - 2026-08-27 02:43:11,921 | INFO | kafka_producer | Sent 1440000 events
[2026-08-27T02:43:12.670+0000] {logging_mixin.py:188} INFO - 2026-08-27 02:43:12,670 | INFO | kafka_producer | Sent 1445000 events
[2026-08-27T02:43:13.491+0000] {logging_mixin.py:188} INFO - 2026-08-27 02:43:13,491 | INFO | kafka_producer | Sent 1450000 events
[2026-08-27T02:43:14.478+0000] {logging_mixin.py:188} INFO - 2026-08-27 02:43:14,478 | INFO | kafka_producer | Sent 1455000 events
[2026-08-27T02:43:15.237+0000] {logging_mixin.py:188} INFO - 2026-08-27 02:43:15,237 | INFO | kafka_producer | Sent 1460000 events
[2026-08-27T02:43:15.972+0000] {logging_mixin.py:188} INFO - 2026-08-27 02:43:15,972 | INFO | kafka_producer | Sent 1465000 events
[2026-08-27T02:43:16.662+0000] {logging_mixin.py:188} INFO - 2026-08-27 02:43:16,661 | INFO | kafka_producer | Sent 1470000 events
[2026-08-27T02:43:17.404+0000] {logging_mixin.py:188} INFO - 2026-08-27 02:43:17,403 | INFO | kafka_producer | Sent 1475000 events
[2026-08-27T02:43:18.142+0000] {logging_mixin.py:188} INFO - 2026-08-27 02:43:18,142 | INFO | kafka_producer | Sent 1480000 events
[2026-08-27T02:43:18.961+0000] {logging_mixin.py:188} INFO - 2026-08-27 02:43:18,961 | INFO | kafka_producer | Sent 1485000 events
[2026-08-27T02:43:19.686+0000] {logging_mixin.py:188} INFO - 2026-08-27 02:43:19,686 | INFO | kafka_producer | Sent 1490000 events
[2026-08-27T02:43:20.467+0000] {logging_mixin.py:188} INFO - 2026-08-27 02:43:20,466 | INFO | kafka_producer | Sent 1495000 events
[2026-08-27T02:43:21.165+0000] {logging_mixin.py:188} INFO - 2026-08-27 02:43:21,165 | INFO | kafka_producer | Sent 1500000 events
[2026-08-27T02:43:21.948+0000] {logging_mixin.py:188} INFO - 2026-08-27 02:43:21,947 | INFO | kafka_producer | Sent 1505000 events
[2026-08-27T02:43:22.653+0000] {logging_mixin.py:188} INFO - 2026-08-27 02:43:22,653 | INFO | kafka_producer | Sent 1510000 events
[2026-08-27T02:43:23.394+0000] {logging_mixin.py:188} INFO - 2026-08-27 02:43:23,394 | INFO | kafka_producer | Sent 1515000 events
[2026-08-27T02:43:24.233+0000] {logging_mixin.py:188} INFO - 2026-08-27 02:43:24,233 | INFO | kafka_producer | Sent 1520000 events
[2026-08-27T02:43:24.901+0000] {logging_mixin.py:188} INFO - 2026-08-27 02:43:24,900 | INFO | kafka_producer | Sent 1525000 events
[2026-08-27T02:43:25.586+0000] {logging_mixin.py:188} INFO - 2026-08-27 02:43:25,585 | INFO | kafka_producer | Sent 1530000 events
[2026-08-27T02:43:26.625+0000] {logging_mixin.py:188} INFO - 2026-08-27 02:43:26,625 | INFO | kafka_producer | Sent 1535000 events
[2026-08-27T02:43:27.377+0000] {logging_mixin.py:188} INFO - 2026-08-27 02:43:27,377 | INFO | kafka_producer | Sent 1540000 events
[2026-08-27T02:43:28.074+0000] {logging_mixin.py:188} INFO - 2026-08-27 02:43:28,073 | INFO | kafka_producer | Sent 1545000 events
[2026-08-27T02:43:28.786+0000] {logging_mixin.py:188} INFO - 2026-08-27 02:43:28,786 | INFO | kafka_producer | Sent 1550000 events
[2026-08-27T02:43:29.624+0000] {logging_mixin.py:188} INFO - 2026-08-27 02:43:29,624 | INFO | kafka_producer | Sent 1555000 events
[2026-08-27T02:43:30.429+0000] {logging_mixin.py:188} INFO - 2026-08-27 02:43:30,429 | INFO | kafka_producer | Sent 1560000 events
[2026-08-27T02:43:31.144+0000] {logging_mixin.py:188} INFO - 2026-08-27 02:43:31,144 | INFO | kafka_producer | Sent 1565000 events
[2026-08-27T02:43:31.874+0000] {logging_mixin.py:188} INFO - 2026-08-27 02:43:31,874 | INFO | kafka_producer | Sent 1570000 events
[2026-08-27T02:43:32.591+0000] {logging_mixin.py:188} INFO - 2026-08-27 02:43:32,591 | INFO | kafka_producer | Sent 1575000 events
[2026-08-27T02:43:33.323+0000] {logging_mixin.py:188} INFO - 2026-08-27 02:43:33,323 | INFO | kafka_producer | Sent 1580000 events
[2026-08-27T02:43:34.209+0000] {logging_mixin.py:188} INFO - 2026-08-27 02:43:34,209 | INFO | kafka_producer | Sent 1585000 events
[2026-08-27T02:43:34.948+0000] {logging_mixin.py:188} INFO - 2026-08-27 02:43:34,947 | INFO | kafka_producer | Sent 1590000 events
[2026-08-27T02:43:35.687+0000] {logging_mixin.py:188} INFO - 2026-08-27 02:43:35,687 | INFO | kafka_producer | Sent 1595000 events
[2026-08-27T02:43:36.424+0000] {logging_mixin.py:188} INFO - 2026-08-27 02:43:36,424 | INFO | kafka_producer | Sent 1600000 events
[2026-08-27T02:43:37.105+0000] {logging_mixin.py:188} INFO - 2026-08-27 02:43:37,105 | INFO | kafka_producer | Sent 1605000 events
[2026-08-27T02:43:37.854+0000] {logging_mixin.py:188} INFO - 2026-08-27 02:43:37,854 | INFO | kafka_producer | Sent 1610000 events
[2026-08-27T02:43:38.505+0000] {logging_mixin.py:188} INFO - 2026-08-27 02:43:38,505 | INFO | kafka_producer | Sent 1615000 events
[2026-08-27T02:43:39.174+0000] {logging_mixin.py:188} INFO - 2026-08-27 02:43:39,173 | INFO | kafka_producer | Sent 1620000 events
[2026-08-27T02:43:39.939+0000] {logging_mixin.py:188} INFO - 2026-08-27 02:43:39,939 | INFO | kafka_producer | Sent 1625000 events
[2026-08-27T02:43:40.681+0000] {logging_mixin.py:188} INFO - 2026-08-27 02:43:40,681 | INFO | kafka_producer | Sent 1630000 events
[2026-08-27T02:43:41.355+0000] {logging_mixin.py:188} INFO - 2026-08-27 02:43:41,354 | INFO | kafka_producer | Sent 1635000 events
[2026-08-27T02:43:42.091+0000] {logging_mixin.py:188} INFO - 2026-08-27 02:43:42,091 | INFO | kafka_producer | Sent 1640000 events
[2026-08-27T02:43:42.838+0000] {logging_mixin.py:188} INFO - 2026-08-27 02:43:42,838 | INFO | kafka_producer | Sent 1645000 events
[2026-08-27T02:43:43.628+0000] {logging_mixin.py:188} INFO - 2026-08-27 02:43:43,627 | INFO | kafka_producer | Sent 1650000 events
[2026-08-27T02:43:44.417+0000] {logging_mixin.py:188} INFO - 2026-08-27 02:43:44,417 | INFO | kafka_producer | Sent 1655000 events
[2026-08-27T02:43:45.306+0000] {logging_mixin.py:188} INFO - 2026-08-27 02:43:45,305 | INFO | kafka_producer | Sent 1660000 events
[2026-08-27T02:43:46.118+0000] {logging_mixin.py:188} INFO - 2026-08-27 02:43:46,118 | INFO | kafka_producer | Sent 1665000 events
[2026-08-27T02:43:46.877+0000] {logging_mixin.py:188} INFO - 2026-08-27 02:43:46,877 | INFO | kafka_producer | Sent 1670000 events
[2026-08-27T02:43:47.599+0000] {logging_mixin.py:188} INFO - 2026-08-27 02:43:47,598 | INFO | kafka_producer | Sent 1675000 events
[2026-08-27T02:43:48.323+0000] {logging_mixin.py:188} INFO - 2026-08-27 02:43:48,323 | INFO | kafka_producer | Sent 1680000 events
[2026-08-27T02:43:49.083+0000] {logging_mixin.py:188} INFO - 2026-08-27 02:43:49,082 | INFO | kafka_producer | Sent 1685000 events
[2026-08-27T02:43:49.848+0000] {logging_mixin.py:188} INFO - 2026-08-27 02:43:49,847 | INFO | kafka_producer | Sent 1690000 events
[2026-08-27T02:43:50.576+0000] {logging_mixin.py:188} INFO - 2026-08-27 02:43:50,575 | INFO | kafka_producer | Sent 1695000 events
[2026-08-27T02:43:51.357+0000] {logging_mixin.py:188} INFO - 2026-08-27 02:43:51,356 | INFO | kafka_producer | Sent 1700000 events
[2026-08-27T02:43:52.113+0000] {logging_mixin.py:188} INFO - 2026-08-27 02:43:52,113 | INFO | kafka_producer | Sent 1705000 events
[2026-08-27T02:43:52.856+0000] {logging_mixin.py:188} INFO - 2026-08-27 02:43:52,856 | INFO | kafka_producer | Sent 1710000 events
[2026-08-27T02:43:53.562+0000] {logging_mixin.py:188} INFO - 2026-08-27 02:43:53,561 | INFO | kafka_producer | Sent 1715000 events
[2026-08-27T02:43:54.316+0000] {logging_mixin.py:188} INFO - 2026-08-27 02:43:54,316 | INFO | kafka_producer | Sent 1720000 events
[2026-08-27T02:43:55.151+0000] {logging_mixin.py:188} INFO - 2026-08-27 02:43:55,151 | INFO | kafka_producer | Sent 1725000 events
[2026-08-27T02:43:55.916+0000] {logging_mixin.py:188} INFO - 2026-08-27 02:43:55,916 | INFO | kafka_producer | Sent 1730000 events
[2026-08-27T02:43:56.616+0000] {logging_mixin.py:188} INFO - 2026-08-27 02:43:56,615 | INFO | kafka_producer | Sent 1735000 events
[2026-08-27T02:43:57.448+0000] {logging_mixin.py:188} INFO - 2026-08-27 02:43:57,448 | INFO | kafka_producer | Sent 1740000 events
[2026-08-27T02:43:58.275+0000] {logging_mixin.py:188} INFO - 2026-08-27 02:43:58,275 | INFO | kafka_producer | Sent 1745000 events
[2026-08-27T02:43:58.975+0000] {logging_mixin.py:188} INFO - 2026-08-27 02:43:58,975 | INFO | kafka_producer | Sent 1750000 events
[2026-08-27T02:43:59.711+0000] {logging_mixin.py:188} INFO - 2026-08-27 02:43:59,710 | INFO | kafka_producer | Sent 1755000 events
[2026-08-27T02:44:00.467+0000] {logging_mixin.py:188} INFO - 2026-08-27 02:44:00,467 | INFO | kafka_producer | Sent 1760000 events
[2026-08-27T02:44:01.190+0000] {logging_mixin.py:188} INFO - 2026-08-27 02:44:01,189 | INFO | kafka_producer | Sent 1765000 events
[2026-08-27T02:44:01.932+0000] {logging_mixin.py:188} INFO - 2026-08-27 02:44:01,932 | INFO | kafka_producer | Sent 1770000 events
[2026-08-27T02:44:02.649+0000] {logging_mixin.py:188} INFO - 2026-08-27 02:44:02,649 | INFO | kafka_producer | Sent 1775000 events
[2026-08-27T02:44:03.378+0000] {logging_mixin.py:188} INFO - 2026-08-27 02:44:03,377 | INFO | kafka_producer | Sent 1780000 events
[2026-08-27T02:44:04.265+0000] {logging_mixin.py:188} INFO - 2026-08-27 02:44:04,265 | INFO | kafka_producer | Sent 1785000 events
[2026-08-27T02:44:05.052+0000] {logging_mixin.py:188} INFO - 2026-08-27 02:44:05,052 | INFO | kafka_producer | Sent 1790000 events
[2026-08-27T02:44:05.812+0000] {logging_mixin.py:188} INFO - 2026-08-27 02:44:05,812 | INFO | kafka_producer | Sent 1795000 events
[2026-08-27T02:44:06.562+0000] {logging_mixin.py:188} INFO - 2026-08-27 02:44:06,562 | INFO | kafka_producer | Sent 1800000 events
[2026-08-27T02:44:07.313+0000] {logging_mixin.py:188} INFO - 2026-08-27 02:44:07,312 | INFO | kafka_producer | Sent 1805000 events
[2026-08-27T02:44:08.020+0000] {logging_mixin.py:188} INFO - 2026-08-27 02:44:08,020 | INFO | kafka_producer | Sent 1810000 events
[2026-08-27T02:44:08.762+0000] {logging_mixin.py:188} INFO - 2026-08-27 02:44:08,761 | INFO | kafka_producer | Sent 1815000 events
[2026-08-27T02:44:09.507+0000] {logging_mixin.py:188} INFO - 2026-08-27 02:44:09,506 | INFO | kafka_producer | Sent 1820000 events
[2026-08-27T02:44:10.249+0000] {logging_mixin.py:188} INFO - 2026-08-27 02:44:10,249 | INFO | kafka_producer | Sent 1825000 events
[2026-08-27T02:44:10.953+0000] {logging_mixin.py:188} INFO - 2026-08-27 02:44:10,953 | INFO | kafka_producer | Sent 1830000 events
[2026-08-27T02:44:11.660+0000] {logging_mixin.py:188} INFO - 2026-08-27 02:44:11,660 | INFO | kafka_producer | Sent 1835000 events
[2026-08-27T02:44:12.358+0000] {logging_mixin.py:188} INFO - 2026-08-27 02:44:12,358 | INFO | kafka_producer | Sent 1840000 events
[2026-08-27T02:44:13.204+0000] {logging_mixin.py:188} INFO - 2026-08-27 02:44:13,204 | INFO | kafka_producer | Sent 1845000 events
[2026-08-27T02:44:14.055+0000] {logging_mixin.py:188} INFO - 2026-08-27 02:44:14,054 | INFO | kafka_producer | Sent 1850000 events
[2026-08-27T02:44:14.804+0000] {logging_mixin.py:188} INFO - 2026-08-27 02:44:14,804 | INFO | kafka_producer | Sent 1855000 events
[2026-08-27T02:44:15.675+0000] {logging_mixin.py:188} INFO - 2026-08-27 02:44:15,675 | INFO | kafka_producer | Sent 1860000 events
[2026-08-27T02:44:16.491+0000] {logging_mixin.py:188} INFO - 2026-08-27 02:44:16,491 | INFO | kafka_producer | Sent 1865000 events
[2026-08-27T02:44:17.282+0000] {logging_mixin.py:188} INFO - 2026-08-27 02:44:17,281 | INFO | kafka_producer | Sent 1870000 events
[2026-08-27T02:44:18.099+0000] {logging_mixin.py:188} INFO - 2026-08-27 02:44:18,099 | INFO | kafka_producer | Sent 1875000 events
[2026-08-27T02:44:18.918+0000] {logging_mixin.py:188} INFO - 2026-08-27 02:44:18,918 | INFO | kafka_producer | Sent 1880000 events
[2026-08-27T02:44:19.717+0000] {logging_mixin.py:188} INFO - 2026-08-27 02:44:19,717 | INFO | kafka_producer | Sent 1885000 events
[2026-08-27T02:44:20.560+0000] {logging_mixin.py:188} INFO - 2026-08-27 02:44:20,559 | INFO | kafka_producer | Sent 1890000 events
[2026-08-27T02:44:21.364+0000] {logging_mixin.py:188} INFO - 2026-08-27 02:44:21,363 | INFO | kafka_producer | Sent 1895000 events
[2026-08-27T02:44:22.210+0000] {logging_mixin.py:188} INFO - 2026-08-27 02:44:22,209 | INFO | kafka_producer | Sent 1900000 events
[2026-08-27T02:44:22.996+0000] {logging_mixin.py:188} INFO - 2026-08-27 02:44:22,995 | INFO | kafka_producer | Sent 1905000 events
[2026-08-27T02:44:23.833+0000] {logging_mixin.py:188} INFO - 2026-08-27 02:44:23,832 | INFO | kafka_producer | Sent 1910000 events
[2026-08-27T02:44:24.781+0000] {logging_mixin.py:188} INFO - 2026-08-27 02:44:24,781 | INFO | kafka_producer | Sent 1915000 events
[2026-08-27T02:44:25.597+0000] {logging_mixin.py:188} INFO - 2026-08-27 02:44:25,597 | INFO | kafka_producer | Sent 1920000 events
[2026-08-27T02:44:26.564+0000] {logging_mixin.py:188} INFO - 2026-08-27 02:44:26,564 | INFO | kafka_producer | Sent 1925000 events
[2026-08-27T02:44:27.402+0000] {logging_mixin.py:188} INFO - 2026-08-27 02:44:27,402 | INFO | kafka_producer | Sent 1930000 events
[2026-08-27T02:44:28.205+0000] {logging_mixin.py:188} INFO - 2026-08-27 02:44:28,205 | INFO | kafka_producer | Sent 1935000 events
[2026-08-27T02:44:29.005+0000] {logging_mixin.py:188} INFO - 2026-08-27 02:44:29,004 | INFO | kafka_producer | Sent 1940000 events
[2026-08-27T02:44:29.783+0000] {logging_mixin.py:188} INFO - 2026-08-27 02:44:29,783 | INFO | kafka_producer | Sent 1945000 events
[2026-08-27T02:44:30.576+0000] {logging_mixin.py:188} INFO - 2026-08-27 02:44:30,575 | INFO | kafka_producer | Sent 1950000 events
[2026-08-27T02:44:31.396+0000] {logging_mixin.py:188} INFO - 2026-08-27 02:44:31,396 | INFO | kafka_producer | Sent 1955000 events
[2026-08-27T02:44:32.265+0000] {logging_mixin.py:188} INFO - 2026-08-27 02:44:32,264 | INFO | kafka_producer | Sent 1960000 events
[2026-08-27T02:44:33.115+0000] {logging_mixin.py:188} INFO - 2026-08-27 02:44:33,114 | INFO | kafka_producer | Sent 1965000 events
[2026-08-27T02:44:34.097+0000] {logging_mixin.py:188} INFO - 2026-08-27 02:44:34,095 | INFO | kafka_producer | Sent 1970000 events
[2026-08-27T02:44:34.959+0000] {logging_mixin.py:188} INFO - 2026-08-27 02:44:34,959 | INFO | kafka_producer | Sent 1975000 events
[2026-08-27T02:44:35.927+0000] {logging_mixin.py:188} INFO - 2026-08-27 02:44:35,927 | INFO | kafka_producer | Sent 1980000 events
[2026-08-27T02:44:36.701+0000] {logging_mixin.py:188} INFO - 2026-08-27 02:44:36,701 | INFO | kafka_producer | Sent 1985000 events
[2026-08-27T02:44:37.557+0000] {logging_mixin.py:188} INFO - 2026-08-27 02:44:37,557 | INFO | kafka_producer | Sent 1990000 events
[2026-08-27T02:44:38.484+0000] {logging_mixin.py:188} INFO - 2026-08-27 02:44:38,484 | INFO | kafka_producer | Sent 1995000 events
[2026-08-27T02:44:39.322+0000] {logging_mixin.py:188} INFO - 2026-08-27 02:44:39,322 | INFO | kafka_producer | Sent 2000000 events
[2026-08-27T02:44:40.163+0000] {logging_mixin.py:188} INFO - 2026-08-27 02:44:40,163 | INFO | kafka_producer | Sent 2005000 events
[2026-08-27T02:44:40.979+0000] {logging_mixin.py:188} INFO - 2026-08-27 02:44:40,979 | INFO | kafka_producer | Sent 2010000 events
[2026-08-27T02:44:42.044+0000] {logging_mixin.py:188} INFO - 2026-08-27 02:44:42,044 | INFO | kafka_producer | Sent 2015000 events
[2026-08-27T02:44:42.965+0000] {logging_mixin.py:188} INFO - 2026-08-27 02:44:42,964 | INFO | kafka_producer | Sent 2020000 events
[2026-08-27T02:44:45.467+0000] {logging_mixin.py:188} INFO - 2026-08-27 02:44:45,466 | INFO | kafka_producer | Sent 2025000 events
[2026-08-27T02:44:48.791+0000] {logging_mixin.py:188} INFO - 2026-08-27 02:44:48,791 | INFO | kafka_producer | Sent 2030000 events
[2026-08-27T02:44:50.004+0000] {logging_mixin.py:188} INFO - 2026-08-27 02:44:50,004 | INFO | kafka_producer | Sent 2035000 events
[2026-08-27T02:44:51.070+0000] {logging_mixin.py:188} INFO - 2026-08-27 02:44:51,069 | INFO | kafka_producer | Sent 2040000 events
[2026-08-27T02:44:52.119+0000] {logging_mixin.py:188} INFO - 2026-08-27 02:44:52,119 | INFO | kafka_producer | Sent 2045000 events
[2026-08-27T02:44:53.373+0000] {logging_mixin.py:188} INFO - 2026-08-27 02:44:53,373 | INFO | kafka_producer | Sent 2050000 events
[2026-08-27T02:44:55.203+0000] {logging_mixin.py:188} INFO - 2026-08-27 02:44:55,203 | INFO | kafka_producer | Sent 2055000 events
[2026-08-27T02:44:56.862+0000] {logging_mixin.py:188} INFO - 2026-08-27 02:44:56,862 | INFO | kafka_producer | Sent 2060000 events
[2026-08-27T02:44:58.132+0000] {logging_mixin.py:188} INFO - 2026-08-27 02:44:58,132 | INFO | kafka_producer | Sent 2065000 events
[2026-08-27T02:44:59.160+0000] {logging_mixin.py:188} INFO - 2026-08-27 02:44:59,160 | INFO | kafka_producer | Sent 2070000 events
[2026-08-27T02:45:00.340+0000] {logging_mixin.py:188} INFO - 2026-08-27 02:45:00,340 | INFO | kafka_producer | Sent 2075000 events
[2026-08-27T02:45:01.368+0000] {logging_mixin.py:188} INFO - 2026-08-27 02:45:01,368 | INFO | kafka_producer | Sent 2080000 events
[2026-08-27T02:45:02.514+0000] {logging_mixin.py:188} INFO - 2026-08-27 02:45:02,513 | INFO | kafka_producer | Sent 2085000 events
[2026-08-27T02:45:03.456+0000] {logging_mixin.py:188} INFO - 2026-08-27 02:45:03,456 | INFO | kafka_producer | Sent 2090000 events
[2026-08-27T02:45:04.453+0000] {logging_mixin.py:188} INFO - 2026-08-27 02:45:04,453 | INFO | kafka_producer | Sent 2095000 events
[2026-08-27T02:45:05.357+0000] {logging_mixin.py:188} INFO - 2026-08-27 02:45:05,357 | INFO | kafka_producer | Sent 2100000 events
[2026-08-27T02:45:06.324+0000] {logging_mixin.py:188} INFO - 2026-08-27 02:45:06,324 | INFO | kafka_producer | Sent 2105000 events
[2026-08-27T02:45:07.506+0000] {logging_mixin.py:188} INFO - 2026-08-27 02:45:07,505 | INFO | kafka_producer | Sent 2110000 events
[2026-08-27T02:45:08.421+0000] {logging_mixin.py:188} INFO - 2026-08-27 02:45:08,420 | INFO | kafka_producer | Sent 2115000 events
[2026-08-27T02:45:09.369+0000] {logging_mixin.py:188} INFO - 2026-08-27 02:45:09,368 | INFO | kafka_producer | Sent 2120000 events
[2026-08-27T02:45:10.290+0000] {logging_mixin.py:188} INFO - 2026-08-27 02:45:10,290 | INFO | kafka_producer | Sent 2125000 events
[2026-08-27T02:45:11.254+0000] {logging_mixin.py:188} INFO - 2026-08-27 02:45:11,253 | INFO | kafka_producer | Sent 2130000 events
[2026-08-27T02:45:12.201+0000] {logging_mixin.py:188} INFO - 2026-08-27 02:45:12,201 | INFO | kafka_producer | Sent 2135000 events
[2026-08-27T02:45:13.254+0000] {logging_mixin.py:188} INFO - 2026-08-27 02:45:13,254 | INFO | kafka_producer | Sent 2140000 events
[2026-08-27T02:45:14.715+0000] {logging_mixin.py:188} INFO - 2026-08-27 02:45:14,715 | INFO | kafka_producer | Sent 2145000 events
[2026-08-27T02:45:15.612+0000] {logging_mixin.py:188} INFO - 2026-08-27 02:45:15,611 | INFO | kafka_producer | Sent 2150000 events
[2026-08-27T02:45:16.471+0000] {logging_mixin.py:188} INFO - 2026-08-27 02:45:16,471 | INFO | kafka_producer | Sent 2155000 events
[2026-08-27T02:45:17.651+0000] {logging_mixin.py:188} INFO - 2026-08-27 02:45:17,651 | INFO | kafka_producer | Sent 2160000 events
[2026-08-27T02:45:18.528+0000] {logging_mixin.py:188} INFO - 2026-08-27 02:45:18,528 | INFO | kafka_producer | Sent 2165000 events
[2026-08-27T02:45:19.359+0000] {logging_mixin.py:188} INFO - 2026-08-27 02:45:19,358 | INFO | kafka_producer | Sent 2170000 events
[2026-08-27T02:45:20.277+0000] {logging_mixin.py:188} INFO - 2026-08-27 02:45:20,277 | INFO | kafka_producer | Sent 2175000 events
[2026-08-27T02:45:21.143+0000] {logging_mixin.py:188} INFO - 2026-08-27 02:45:21,143 | INFO | kafka_producer | Sent 2180000 events
[2026-08-27T02:45:22.055+0000] {logging_mixin.py:188} INFO - 2026-08-27 02:45:22,054 | INFO | kafka_producer | Sent 2185000 events
[2026-08-27T02:45:22.945+0000] {logging_mixin.py:188} INFO - 2026-08-27 02:45:22,945 | INFO | kafka_producer | Sent 2190000 events
[2026-08-27T02:45:23.754+0000] {logging_mixin.py:188} INFO - 2026-08-27 02:45:23,754 | INFO | kafka_producer | Sent 2195000 events
[2026-08-27T02:45:24.763+0000] {logging_mixin.py:188} INFO - 2026-08-27 02:45:24,762 | INFO | kafka_producer | Sent 2200000 events
[2026-08-27T02:45:25.630+0000] {logging_mixin.py:188} INFO - 2026-08-27 02:45:25,630 | INFO | kafka_producer | Sent 2205000 events
[2026-08-27T02:45:26.722+0000] {logging_mixin.py:188} INFO - 2026-08-27 02:45:26,722 | INFO | kafka_producer | Sent 2210000 events
[2026-08-27T02:45:27.639+0000] {logging_mixin.py:188} INFO - 2026-08-27 02:45:27,639 | INFO | kafka_producer | Sent 2215000 events
[2026-08-27T02:45:28.602+0000] {logging_mixin.py:188} INFO - 2026-08-27 02:45:28,602 | INFO | kafka_producer | Sent 2220000 events
[2026-08-27T02:45:29.520+0000] {logging_mixin.py:188} INFO - 2026-08-27 02:45:29,520 | INFO | kafka_producer | Sent 2225000 events
[2026-08-27T02:45:30.444+0000] {logging_mixin.py:188} INFO - 2026-08-27 02:45:30,443 | INFO | kafka_producer | Sent 2230000 events
[2026-08-27T02:45:31.212+0000] {logging_mixin.py:188} INFO - 2026-08-27 02:45:31,211 | INFO | kafka_producer | Sent 2235000 events
[2026-08-27T02:45:32.019+0000] {logging_mixin.py:188} INFO - 2026-08-27 02:45:32,018 | INFO | kafka_producer | Sent 2240000 events
[2026-08-27T02:45:32.891+0000] {logging_mixin.py:188} INFO - 2026-08-27 02:45:32,891 | INFO | kafka_producer | Sent 2245000 events
[2026-08-27T02:45:33.675+0000] {logging_mixin.py:188} INFO - 2026-08-27 02:45:33,675 | INFO | kafka_producer | Sent 2250000 events
[2026-08-27T02:45:34.547+0000] {logging_mixin.py:188} INFO - 2026-08-27 02:45:34,547 | INFO | kafka_producer | Sent 2255000 events
[2026-08-27T02:45:35.283+0000] {logging_mixin.py:188} INFO - 2026-08-27 02:45:35,283 | INFO | kafka_producer | Sent 2260000 events
[2026-08-27T02:45:36.071+0000] {logging_mixin.py:188} INFO - 2026-08-27 02:45:36,071 | INFO | kafka_producer | Sent 2265000 events
[2026-08-27T02:45:36.848+0000] {logging_mixin.py:188} INFO - 2026-08-27 02:45:36,848 | INFO | kafka_producer | Sent 2270000 events
[2026-08-27T02:45:37.685+0000] {logging_mixin.py:188} INFO - 2026-08-27 02:45:37,684 | INFO | kafka_producer | Sent 2275000 events
[2026-08-27T02:45:38.464+0000] {logging_mixin.py:188} INFO - 2026-08-27 02:45:38,463 | INFO | kafka_producer | Sent 2280000 events
[2026-08-27T02:45:39.258+0000] {logging_mixin.py:188} INFO - 2026-08-27 02:45:39,257 | INFO | kafka_producer | Sent 2285000 events
[2026-08-27T02:45:40.015+0000] {logging_mixin.py:188} INFO - 2026-08-27 02:45:40,015 | INFO | kafka_producer | Sent 2290000 events
[2026-08-27T02:45:40.805+0000] {logging_mixin.py:188} INFO - 2026-08-27 02:45:40,805 | INFO | kafka_producer | Sent 2295000 events
[2026-08-27T02:45:41.558+0000] {logging_mixin.py:188} INFO - 2026-08-27 02:45:41,558 | INFO | kafka_producer | Sent 2300000 events
[2026-08-27T02:45:42.331+0000] {logging_mixin.py:188} INFO - 2026-08-27 02:45:42,330 | INFO | kafka_producer | Sent 2305000 events
[2026-08-27T02:45:43.227+0000] {logging_mixin.py:188} INFO - 2026-08-27 02:45:43,227 | INFO | kafka_producer | Sent 2310000 events
[2026-08-27T02:45:43.944+0000] {logging_mixin.py:188} INFO - 2026-08-27 02:45:43,944 | INFO | kafka_producer | Sent 2315000 events
[2026-08-27T02:45:44.847+0000] {logging_mixin.py:188} INFO - 2026-08-27 02:45:44,847 | INFO | kafka_producer | Sent 2320000 events
[2026-08-27T02:45:45.633+0000] {logging_mixin.py:188} INFO - 2026-08-27 02:45:45,633 | INFO | kafka_producer | Sent 2325000 events
[2026-08-27T02:45:46.380+0000] {logging_mixin.py:188} INFO - 2026-08-27 02:45:46,380 | INFO | kafka_producer | Sent 2330000 events
[2026-08-27T02:45:47.175+0000] {logging_mixin.py:188} INFO - 2026-08-27 02:45:47,175 | INFO | kafka_producer | Sent 2335000 events
[2026-08-27T02:45:48.080+0000] {logging_mixin.py:188} INFO - 2026-08-27 02:45:48,079 | INFO | kafka_producer | Sent 2340000 events
[2026-08-27T02:45:48.931+0000] {logging_mixin.py:188} INFO - 2026-08-27 02:45:48,931 | INFO | kafka_producer | Sent 2345000 events
[2026-08-27T02:45:49.791+0000] {logging_mixin.py:188} INFO - 2026-08-27 02:45:49,791 | INFO | kafka_producer | Sent 2350000 events
[2026-08-27T02:45:50.630+0000] {logging_mixin.py:188} INFO - 2026-08-27 02:45:50,630 | INFO | kafka_producer | Sent 2355000 events
[2026-08-27T02:45:51.357+0000] {logging_mixin.py:188} INFO - 2026-08-27 02:45:51,357 | INFO | kafka_producer | Sent 2360000 events
[2026-08-27T02:45:52.054+0000] {logging_mixin.py:188} INFO - 2026-08-27 02:45:52,053 | INFO | kafka_producer | Sent 2365000 events
[2026-08-27T02:45:52.840+0000] {logging_mixin.py:188} INFO - 2026-08-27 02:45:52,839 | INFO | kafka_producer | Sent 2370000 events
[2026-08-27T02:45:53.658+0000] {logging_mixin.py:188} INFO - 2026-08-27 02:45:53,658 | INFO | kafka_producer | Sent 2375000 events
[2026-08-27T02:45:54.510+0000] {logging_mixin.py:188} INFO - 2026-08-27 02:45:54,510 | INFO | kafka_producer | Sent 2380000 events
[2026-08-27T02:45:55.343+0000] {logging_mixin.py:188} INFO - 2026-08-27 02:45:55,343 | INFO | kafka_producer | Sent 2385000 events
[2026-08-27T02:45:56.134+0000] {logging_mixin.py:188} INFO - 2026-08-27 02:45:56,134 | INFO | kafka_producer | Sent 2390000 events
[2026-08-27T02:45:57.033+0000] {logging_mixin.py:188} INFO - 2026-08-27 02:45:57,033 | INFO | kafka_producer | Sent 2395000 events
[2026-08-27T02:45:57.776+0000] {logging_mixin.py:188} INFO - 2026-08-27 02:45:57,776 | INFO | kafka_producer | Sent 2400000 events
[2026-08-27T02:45:58.621+0000] {logging_mixin.py:188} INFO - 2026-08-27 02:45:58,620 | INFO | kafka_producer | Sent 2405000 events
[2026-08-27T02:45:59.401+0000] {logging_mixin.py:188} INFO - 2026-08-27 02:45:59,400 | INFO | kafka_producer | Sent 2410000 events
[2026-08-27T02:46:00.354+0000] {logging_mixin.py:188} INFO - 2026-08-27 02:46:00,354 | INFO | kafka_producer | Sent 2415000 events
[2026-08-27T02:46:01.186+0000] {logging_mixin.py:188} INFO - 2026-08-27 02:46:01,185 | INFO | kafka_producer | Sent 2420000 events
[2026-08-27T02:46:02.275+0000] {logging_mixin.py:188} INFO - 2026-08-27 02:46:02,275 | INFO | kafka_producer | Sent 2425000 events
[2026-08-27T02:46:03.187+0000] {logging_mixin.py:188} INFO - 2026-08-27 02:46:03,187 | INFO | kafka_producer | Sent 2430000 events
[2026-08-27T02:46:04.176+0000] {logging_mixin.py:188} INFO - 2026-08-27 02:46:04,173 | INFO | kafka_producer | Sent 2435000 events
[2026-08-27T02:46:05.133+0000] {logging_mixin.py:188} INFO - 2026-08-27 02:46:05,133 | INFO | kafka_producer | Sent 2440000 events
[2026-08-27T02:46:06.165+0000] {logging_mixin.py:188} INFO - 2026-08-27 02:46:06,165 | INFO | kafka_producer | Sent 2445000 events
[2026-08-27T02:46:07.190+0000] {logging_mixin.py:188} INFO - 2026-08-27 02:46:07,189 | INFO | kafka_producer | Sent 2450000 events
[2026-08-27T02:46:08.200+0000] {logging_mixin.py:188} INFO - 2026-08-27 02:46:08,199 | INFO | kafka_producer | Sent 2455000 events
[2026-08-27T02:46:09.131+0000] {logging_mixin.py:188} INFO - 2026-08-27 02:46:09,131 | INFO | kafka_producer | Sent 2460000 events
[2026-08-27T02:46:10.036+0000] {logging_mixin.py:188} INFO - 2026-08-27 02:46:10,036 | INFO | kafka_producer | Sent 2465000 events
[2026-08-27T02:46:10.923+0000] {logging_mixin.py:188} INFO - 2026-08-27 02:46:10,922 | INFO | kafka_producer | Sent 2470000 events
[2026-08-27T02:46:11.875+0000] {logging_mixin.py:188} INFO - 2026-08-27 02:46:11,875 | INFO | kafka_producer | Sent 2475000 events
[2026-08-27T02:46:12.805+0000] {logging_mixin.py:188} INFO - 2026-08-27 02:46:12,805 | INFO | kafka_producer | Sent 2480000 events
[2026-08-27T02:46:13.819+0000] {logging_mixin.py:188} INFO - 2026-08-27 02:46:13,818 | INFO | kafka_producer | Sent 2485000 events
[2026-08-27T02:46:14.985+0000] {logging_mixin.py:188} INFO - 2026-08-27 02:46:14,984 | INFO | kafka_producer | Sent 2490000 events
[2026-08-27T02:46:15.902+0000] {logging_mixin.py:188} INFO - 2026-08-27 02:46:15,901 | INFO | kafka_producer | Sent 2495000 events
[2026-08-27T02:46:16.918+0000] {logging_mixin.py:188} INFO - 2026-08-27 02:46:16,918 | INFO | kafka_producer | Sent 2500000 events
[2026-08-27T02:46:18.068+0000] {logging_mixin.py:188} INFO - 2026-08-27 02:46:18,068 | INFO | kafka_producer | Sent 2505000 events
[2026-08-27T02:46:19.170+0000] {logging_mixin.py:188} INFO - 2026-08-27 02:46:19,169 | INFO | kafka_producer | Sent 2510000 events
[2026-08-27T02:46:20.094+0000] {logging_mixin.py:188} INFO - 2026-08-27 02:46:20,094 | INFO | kafka_producer | Sent 2515000 events
[2026-08-27T02:46:20.999+0000] {logging_mixin.py:188} INFO - 2026-08-27 02:46:20,999 | INFO | kafka_producer | Sent 2520000 events
[2026-08-27T02:46:21.932+0000] {logging_mixin.py:188} INFO - 2026-08-27 02:46:21,932 | INFO | kafka_producer | Sent 2525000 events
[2026-08-27T02:46:22.882+0000] {logging_mixin.py:188} INFO - 2026-08-27 02:46:22,881 | INFO | kafka_producer | Sent 2530000 events
[2026-08-27T02:46:23.707+0000] {logging_mixin.py:188} INFO - 2026-08-27 02:46:23,707 | INFO | kafka_producer | Sent 2535000 events
[2026-08-27T02:46:24.718+0000] {logging_mixin.py:188} INFO - 2026-08-27 02:46:24,717 | INFO | kafka_producer | Sent 2540000 events
[2026-08-27T02:46:25.626+0000] {logging_mixin.py:188} INFO - 2026-08-27 02:46:25,625 | INFO | kafka_producer | Sent 2545000 events
[2026-08-27T02:46:26.494+0000] {logging_mixin.py:188} INFO - 2026-08-27 02:46:26,494 | INFO | kafka_producer | Sent 2550000 events
[2026-08-27T02:46:27.461+0000] {logging_mixin.py:188} INFO - 2026-08-27 02:46:27,460 | INFO | kafka_producer | Sent 2555000 events
[2026-08-27T02:46:28.397+0000] {logging_mixin.py:188} INFO - 2026-08-27 02:46:28,396 | INFO | kafka_producer | Sent 2560000 events
[2026-08-27T02:46:29.426+0000] {logging_mixin.py:188} INFO - 2026-08-27 02:46:29,426 | INFO | kafka_producer | Sent 2565000 events
[2026-08-27T02:46:30.366+0000] {logging_mixin.py:188} INFO - 2026-08-27 02:46:30,365 | INFO | kafka_producer | Sent 2570000 events
[2026-08-27T02:46:31.259+0000] {logging_mixin.py:188} INFO - 2026-08-27 02:46:31,258 | INFO | kafka_producer | Sent 2575000 events
[2026-08-27T02:46:32.257+0000] {logging_mixin.py:188} INFO - 2026-08-27 02:46:32,257 | INFO | kafka_producer | Sent 2580000 events
[2026-08-27T02:46:33.472+0000] {logging_mixin.py:188} INFO - 2026-08-27 02:46:33,471 | INFO | kafka_producer | Sent 2585000 events
[2026-08-27T02:46:35.317+0000] {logging_mixin.py:188} INFO - 2026-08-27 02:46:35,317 | INFO | kafka_producer | Sent 2590000 events
[2026-08-27T02:46:36.664+0000] {logging_mixin.py:188} INFO - 2026-08-27 02:46:36,663 | INFO | kafka_producer | Sent 2595000 events
[2026-08-27T02:46:37.800+0000] {logging_mixin.py:188} INFO - 2026-08-27 02:46:37,800 | INFO | kafka_producer | Sent 2600000 events
[2026-08-27T02:46:38.718+0000] {logging_mixin.py:188} INFO - 2026-08-27 02:46:38,718 | INFO | kafka_producer | Sent 2605000 events
[2026-08-27T02:46:39.692+0000] {logging_mixin.py:188} INFO - 2026-08-27 02:46:39,691 | INFO | kafka_producer | Sent 2610000 events
[2026-08-27T02:46:40.645+0000] {logging_mixin.py:188} INFO - 2026-08-27 02:46:40,644 | INFO | kafka_producer | Sent 2615000 events
[2026-08-27T02:46:41.553+0000] {logging_mixin.py:188} INFO - 2026-08-27 02:46:41,552 | INFO | kafka_producer | Sent 2620000 events
[2026-08-27T02:46:42.491+0000] {logging_mixin.py:188} INFO - 2026-08-27 02:46:42,491 | INFO | kafka_producer | Sent 2625000 events
[2026-08-27T02:46:43.497+0000] {logging_mixin.py:188} INFO - 2026-08-27 02:46:43,497 | INFO | kafka_producer | Sent 2630000 events
[2026-08-27T02:46:44.909+0000] {logging_mixin.py:188} INFO - 2026-08-27 02:46:44,908 | INFO | kafka_producer | Sent 2635000 events
[2026-08-27T02:46:46.082+0000] {logging_mixin.py:188} INFO - 2026-08-27 02:46:46,081 | INFO | kafka_producer | Sent 2640000 events
[2026-08-27T02:46:47.043+0000] {logging_mixin.py:188} INFO - 2026-08-27 02:46:47,043 | INFO | kafka_producer | Sent 2645000 events
[2026-08-27T02:46:47.919+0000] {logging_mixin.py:188} INFO - 2026-08-27 02:46:47,919 | INFO | kafka_producer | Sent 2650000 events
[2026-08-27T02:46:48.813+0000] {logging_mixin.py:188} INFO - 2026-08-27 02:46:48,813 | INFO | kafka_producer | Sent 2655000 events
[2026-08-27T02:46:49.828+0000] {logging_mixin.py:188} INFO - 2026-08-27 02:46:49,828 | INFO | kafka_producer | Sent 2660000 events
[2026-08-27T02:46:51.115+0000] {logging_mixin.py:188} INFO - 2026-08-27 02:46:51,115 | INFO | kafka_producer | Sent 2665000 events
[2026-08-27T02:46:52.313+0000] {logging_mixin.py:188} INFO - 2026-08-27 02:46:52,312 | INFO | kafka_producer | Sent 2670000 events
[2026-08-27T02:46:53.219+0000] {logging_mixin.py:188} INFO - 2026-08-27 02:46:53,219 | INFO | kafka_producer | Sent 2675000 events
[2026-08-27T02:46:54.426+0000] {logging_mixin.py:188} INFO - 2026-08-27 02:46:54,426 | INFO | kafka_producer | Sent 2680000 events
[2026-08-27T02:46:55.938+0000] {logging_mixin.py:188} INFO - 2026-08-27 02:46:55,937 | INFO | kafka_producer | Sent 2685000 events
[2026-08-27T02:46:57.451+0000] {logging_mixin.py:188} INFO - 2026-08-27 02:46:57,450 | INFO | kafka_producer | Sent 2690000 events
[2026-08-27T02:46:58.823+0000] {logging_mixin.py:188} INFO - 2026-08-27 02:46:58,822 | INFO | kafka_producer | Sent 2695000 events
[2026-08-27T02:46:59.785+0000] {logging_mixin.py:188} INFO - 2026-08-27 02:46:59,784 | INFO | kafka_producer | Sent 2700000 events
[2026-08-27T02:47:01.094+0000] {logging_mixin.py:188} INFO - 2026-08-27 02:47:01,094 | INFO | kafka_producer | Sent 2705000 events
[2026-08-27T02:47:07.226+0000] {logging_mixin.py:188} INFO - 2026-08-27 02:47:07,225 | INFO | kafka_producer | Sent 2710000 events
[2026-08-27T02:47:08.824+0000] {logging_mixin.py:188} INFO - 2026-08-27 02:47:08,824 | INFO | kafka_producer | Sent 2715000 events
[2026-08-27T02:47:09.750+0000] {logging_mixin.py:188} INFO - 2026-08-27 02:47:09,750 | INFO | kafka_producer | Sent 2720000 events
[2026-08-27T02:47:10.765+0000] {logging_mixin.py:188} INFO - 2026-08-27 02:47:10,765 | INFO | kafka_producer | Sent 2725000 events
[2026-08-27T02:47:11.700+0000] {logging_mixin.py:188} INFO - 2026-08-27 02:47:11,699 | INFO | kafka_producer | Sent 2730000 events
[2026-08-27T02:47:12.581+0000] {logging_mixin.py:188} INFO - 2026-08-27 02:47:12,580 | INFO | kafka_producer | Sent 2735000 events
[2026-08-27T02:47:13.534+0000] {logging_mixin.py:188} INFO - 2026-08-27 02:47:13,534 | INFO | kafka_producer | Sent 2740000 events
[2026-08-27T02:47:14.597+0000] {logging_mixin.py:188} INFO - 2026-08-27 02:47:14,597 | INFO | kafka_producer | Sent 2745000 events
[2026-08-27T02:47:15.588+0000] {logging_mixin.py:188} INFO - 2026-08-27 02:47:15,588 | INFO | kafka_producer | Sent 2750000 events
[2026-08-27T02:47:16.639+0000] {logging_mixin.py:188} INFO - 2026-08-27 02:47:16,639 | INFO | kafka_producer | Sent 2755000 events
[2026-08-27T02:47:16.845+0000] {logging_mixin.py:188} INFO - 2026-08-27 02:47:16,841 | INFO | kafka_producer | Producer finished — replayed 2756101 real events
[2026-08-27T02:47:16.846+0000] {logging_mixin.py:188} INFO - 2026-08-27 02:47:16,841 | INFO | kafka_producer | kafka_producer completed successfully for date=2026-08-26
[2026-08-27T02:47:16.848+0000] {logging_mixin.py:188} INFO - /opt/***/scripts/kafka_producer.py:68: DeprecationWarning: value_serializer does not implement kafka.serializer.Serializer
[2026-08-27T02:47:16.850+0000] {logging_mixin.py:188} INFO -   run(args, logger)
[2026-08-27T02:47:16.937+0000] {python.py:201} INFO - Done. Returned value was: None
[2026-08-27T02:47:16.963+0000] {taskinstance.py:1138} INFO - Marking task as SUCCESS. dag_id=retailpulse_medallion_pipeline, task_id=kafka_producer, execution_date=20260826T000000, start_date=20260827T023847, end_date=20260827T024716
[2026-08-27T02:47:17.443+0000] {local_task_job_runner.py:234} INFO - Task exited with return code 0
[2026-08-27T02:47:17.518+0000] {taskinstance.py:3280} INFO - 1 downstream tasks scheduled from follow-on schedule check
