[2026-08-26T12:34:07.313+0000] {taskinstance.py:1956} INFO - Dependencies all met for dep_context=non-requeueable deps ti=<TaskInstance: retailpulse_medallion_pipeline.bronze scheduled__2026-08-25T00:00:00+00:00 [queued]>
[2026-08-26T12:34:07.335+0000] {taskinstance.py:1956} INFO - Dependencies all met for dep_context=requeueable deps ti=<TaskInstance: retailpulse_medallion_pipeline.bronze scheduled__2026-08-25T00:00:00+00:00 [queued]>
[2026-08-26T12:34:07.337+0000] {taskinstance.py:2170} INFO - Starting attempt 1 of 2
[2026-08-26T12:34:07.479+0000] {taskinstance.py:2191} INFO - Executing <Task(PythonOperator): bronze> on 2026-08-25 00:00:00+00:00
[2026-08-26T12:34:07.487+0000] {standard_task_runner.py:60} INFO - Started process 864 to run task
[2026-08-26T12:34:07.493+0000] {standard_task_runner.py:87} INFO - Running: ['***', 'tasks', 'run', 'retailpulse_medallion_pipeline', 'bronze', 'scheduled__2026-08-25T00:00:00+00:00', '--job-id', '5', '--raw', '--subdir', 'DAGS_FOLDER/retailpulse_dag.py', '--cfg-path', '/tmp/tmp7otk8wx9']
[2026-08-26T12:34:07.498+0000] {standard_task_runner.py:88} INFO - Job 5: Subtask bronze
[2026-08-26T12:34:07.639+0000] {task_command.py:423} INFO - Running <TaskInstance: retailpulse_medallion_pipeline.bronze scheduled__2026-08-25T00:00:00+00:00 [running]> on host 1decbd92f565
[2026-08-26T12:34:07.849+0000] {taskinstance.py:2480} INFO - Exporting env vars: AIRFLOW_CTX_DAG_OWNER='retailpulse' AIRFLOW_CTX_DAG_ID='retailpulse_medallion_pipeline' AIRFLOW_CTX_TASK_ID='bronze' AIRFLOW_CTX_EXECUTION_DATE='2026-08-25T00:00:00+00:00' AIRFLOW_CTX_TRY_NUMBER='1' AIRFLOW_CTX_DAG_RUN_ID='scheduled__2026-08-25T00:00:00+00:00'
[2026-08-26T12:34:13.065+0000] {logging_mixin.py:188} INFO - :: loading settings :: url = jar:file:/home/***/.local/lib/python3.8/site-packages/pyspark/jars/ivy-2.5.1.jar!/org/apache/ivy/core/settings/ivysettings.xml
[2026-08-26T12:34:13.274+0000] {logging_mixin.py:188} INFO - Ivy Default Cache set to: /home/***/.ivy2/cache
[2026-08-26T12:34:13.276+0000] {logging_mixin.py:188} INFO - The jars for the packages stored in: /home/***/.ivy2/jars
[2026-08-26T12:34:13.282+0000] {logging_mixin.py:188} INFO - org.apache.hadoop#hadoop-aws added as a dependency
[2026-08-26T12:34:13.283+0000] {logging_mixin.py:188} INFO - com.amazonaws#aws-java-sdk-bundle added as a dependency
[2026-08-26T12:34:13.285+0000] {logging_mixin.py:188} INFO - :: resolving dependencies :: org.apache.spark#spark-submit-parent-59b2c514-4cd0-4748-b299-2728e14d94bd;1.0
[2026-08-26T12:34:13.286+0000] {logging_mixin.py:188} INFO - 	confs: [default]
[2026-08-26T12:34:13.533+0000] {logging_mixin.py:188} INFO - 	found org.apache.hadoop#hadoop-aws;3.3.4 in central
[2026-08-26T12:34:13.580+0000] {logging_mixin.py:188} INFO - 	found com.amazonaws#aws-java-sdk-bundle;1.12.262 in central
[2026-08-26T12:34:13.633+0000] {logging_mixin.py:188} INFO - 	found org.wildfly.openssl#wildfly-openssl;1.0.7.Final in central
[2026-08-26T12:34:13.688+0000] {logging_mixin.py:188} INFO - :: resolution report :: resolve 382ms :: artifacts dl 23ms
[2026-08-26T12:34:13.690+0000] {logging_mixin.py:188} INFO - 	:: modules in use:
[2026-08-26T12:34:13.691+0000] {logging_mixin.py:188} INFO - 	com.amazonaws#aws-java-sdk-bundle;1.12.262 from central in [default]
[2026-08-26T12:34:13.693+0000] {logging_mixin.py:188} INFO - 	org.apache.hadoop#hadoop-aws;3.3.4 from central in [default]
[2026-08-26T12:34:13.694+0000] {logging_mixin.py:188} INFO - 	org.wildfly.openssl#wildfly-openssl;1.0.7.Final from central in [default]
[2026-08-26T12:34:13.696+0000] {logging_mixin.py:188} INFO - 	---------------------------------------------------------------------
[2026-08-26T12:34:13.700+0000] {logging_mixin.py:188} INFO - 	|                  |            modules            ||   artifacts   |
[2026-08-26T12:34:13.701+0000] {logging_mixin.py:188} INFO - 	|       conf       | number| search|dwnlded|evicted|| number|dwnlded|
[2026-08-26T12:34:13.702+0000] {logging_mixin.py:188} INFO - 	---------------------------------------------------------------------
[2026-08-26T12:34:13.704+0000] {logging_mixin.py:188} INFO - 	|      default     |   3   |   0   |   0   |   0   ||   3   |   0   |
[2026-08-26T12:34:13.706+0000] {logging_mixin.py:188} INFO - 	---------------------------------------------------------------------
[2026-08-26T12:34:13.708+0000] {logging_mixin.py:188} INFO - :: retrieving :: org.apache.spark#spark-submit-parent-59b2c514-4cd0-4748-b299-2728e14d94bd
[2026-08-26T12:34:13.709+0000] {logging_mixin.py:188} INFO - 	confs: [default]
[2026-08-26T12:34:13.716+0000] {logging_mixin.py:188} INFO - 	0 artifacts copied, 3 already retrieved (0kB/10ms)
[2026-08-26T12:34:14.263+0000] {logging_mixin.py:188} INFO - 26/08/26 12:34:14 WARN NativeCodeLoader: Unable to load native-hadoop library for your platform... using builtin-java classes where applicable
[2026-08-26T12:34:14.759+0000] {logging_mixin.py:188} INFO - Setting default log level to "WARN".
[2026-08-26T12:34:14.760+0000] {logging_mixin.py:188} INFO - To adjust logging level use sc.setLogLevel(newLevel). For SparkR, use setLogLevel(newLevel).
[2026-08-26T12:34:24.271+0000] {logging_mixin.py:188} INFO - 26/08/26 12:34:24 WARN MetricsConfig: Cannot locate configuration: tried hadoop-metrics2-s3a-file-system.properties,hadoop-metrics2.properties
[2026-08-26T12:34:33.101+0000] {logging_mixin.py:188} INFO - [Stage 0:>                                                          (0 + 0) / 1]
[2026-08-26T12:34:36.409+0000] {logging_mixin.py:188} INFO - [Stage 0:>                                                          (0 + 1) / 1]
[2026-08-26T12:34:52.336+0000] {logging_mixin.py:188} INFO - [Stage 1:>                                                          (0 + 2) / 2]
[2026-08-26T12:34:54.209+0000] {logging_mixin.py:188} INFO - [Stage 3:>                                                          (0 + 2) / 2]
[2026-08-26T12:34:54.224+0000] {logging_mixin.py:188} INFO - 2026-08-26 12:34:54,223 | INFO | bronze | Writing 999818 cleaned event rows to s3a://bronze/events_clean/dt=2026-08-25 (mode=append)
[2026-08-26T12:34:57.747+0000] {logging_mixin.py:188} INFO - [Stage 7:>                                                          (0 + 2) / 2]
[2026-08-26T12:35:04.250+0000] {logging_mixin.py:188} INFO - [Stage 9:>                                                          (0 + 2) / 2]
[2026-08-26T12:36:00.952+0000] {logging_mixin.py:188} INFO - [Stage 11:>                                                         (0 + 2) / 4]
[2026-08-26T12:36:11.770+0000] {logging_mixin.py:188} INFO - [Stage 11:==============>                                           (1 + 2) / 4]
[2026-08-26T12:36:17.583+0000] {logging_mixin.py:188} INFO - [Stage 11:=============================>                            (2 + 2) / 4]
[2026-08-26T12:36:33.811+0000] {logging_mixin.py:188} INFO - [Stage 11:===========================================>              (3 + 1) / 4]
[2026-08-26T12:36:37.282+0000] {logging_mixin.py:188} INFO - [Stage 13:>                                                         (0 + 2) / 8]
[2026-08-26T12:36:37.882+0000] {logging_mixin.py:188} INFO - [Stage 13:=======>                                                  (1 + 2) / 8]
[2026-08-26T12:36:40.713+0000] {logging_mixin.py:188} INFO - [Stage 13:==============>                                           (2 + 2) / 8]
[2026-08-26T12:36:40.913+0000] {logging_mixin.py:188} INFO - [Stage 13:=====================>                                    (3 + 2) / 8]
[2026-08-26T12:36:43.718+0000] {logging_mixin.py:188} INFO - [Stage 13:=============================>                            (4 + 2) / 8]
[2026-08-26T12:36:43.919+0000] {logging_mixin.py:188} INFO - [Stage 13:====================================>                     (5 + 2) / 8]
[2026-08-26T12:36:53.264+0000] {logging_mixin.py:188} INFO - [Stage 13:===========================================>              (6 + 2) / 8]
[2026-08-26T12:36:53.283+0000] {logging_mixin.py:188} INFO - 2026-08-26 12:36:53,283 | INFO | bronze | Writing 20275902 cleaned item property rows to s3a://bronze/item_properties_clean/dt=2026-08-25 (mode=append)
[2026-08-26T12:37:34.953+0000] {logging_mixin.py:188} INFO - [Stage 17:>                                                         (0 + 2) / 4]
[2026-08-26T12:37:35.154+0000] {logging_mixin.py:188} INFO - [Stage 17:==============>                                           (1 + 2) / 4]
[2026-08-26T12:37:39.960+0000] {logging_mixin.py:188} INFO - [Stage 17:=============================>                            (2 + 2) / 4]
[2026-08-26T12:38:04.264+0000] {logging_mixin.py:188} INFO - [Stage 17:===========================================>              (3 + 1) / 4]
[2026-08-26T12:38:18.493+0000] {logging_mixin.py:188} INFO - [Stage 19:>                                                         (0 + 2) / 8]
[2026-08-26T12:38:37.065+0000] {logging_mixin.py:188} INFO - [Stage 19:==============>                                           (2 + 2) / 8]
[2026-08-26T12:38:46.474+0000] {logging_mixin.py:188} INFO - [Stage 19:=============================>                            (4 + 2) / 8]
[2026-08-26T12:38:46.677+0000] {logging_mixin.py:188} INFO - [Stage 19:====================================>                     (5 + 2) / 8]
[2026-08-26T12:38:56.096+0000] {logging_mixin.py:188} INFO - [Stage 19:===========================================>              (6 + 2) / 8]
[2026-08-26T12:38:56.411+0000] {logging_mixin.py:188} INFO - [Stage 19:==================================================>       (7 + 1) / 8]
[2026-08-26T12:39:00.893+0000] {logging_mixin.py:188} INFO - 2026-08-26 12:39:00,892 | INFO | bronze | Writing 1669 cleaned category rows to s3a://bronze/category_tree_clean/dt=2026-08-25 (mode=append)
[2026-08-26T12:39:01.845+0000] {logging_mixin.py:188} INFO - 2026-08-26 12:39:01,845 | INFO | bronze | bronze completed successfully for date=2026-08-25
[2026-08-26T12:39:04.714+0000] {python.py:201} INFO - Done. Returned value was: None
[2026-08-26T12:39:07.241+0000] {taskinstance.py:1138} INFO - Marking task as SUCCESS. dag_id=retailpulse_medallion_pipeline, task_id=bronze, execution_date=20260825T000000, start_date=20260826T123407, end_date=20260826T123907
[2026-08-26T12:39:07.582+0000] {local_task_job_runner.py:234} INFO - Task exited with return code 0
[2026-08-26T12:39:08.789+0000] {taskinstance.py:3280} INFO - 0 downstream tasks scheduled from follow-on schedule check
