[2026-08-26T12:41:39.856+0000] {taskinstance.py:1956} INFO - Dependencies all met for dep_context=non-requeueable deps ti=<TaskInstance: retailpulse_medallion_pipeline.feature_engineering scheduled__2026-08-25T00:00:00+00:00 [queued]>
[2026-08-26T12:41:39.873+0000] {taskinstance.py:1956} INFO - Dependencies all met for dep_context=requeueable deps ti=<TaskInstance: retailpulse_medallion_pipeline.feature_engineering scheduled__2026-08-25T00:00:00+00:00 [queued]>
[2026-08-26T12:41:39.875+0000] {taskinstance.py:2170} INFO - Starting attempt 1 of 2
[2026-08-26T12:41:39.897+0000] {taskinstance.py:2191} INFO - Executing <Task(PythonOperator): feature_engineering> on 2026-08-25 00:00:00+00:00
[2026-08-26T12:41:39.904+0000] {standard_task_runner.py:60} INFO - Started process 2158 to run task
[2026-08-26T12:41:39.911+0000] {standard_task_runner.py:87} INFO - Running: ['***', 'tasks', 'run', 'retailpulse_medallion_pipeline', 'feature_engineering', 'scheduled__2026-08-25T00:00:00+00:00', '--job-id', '8', '--raw', '--subdir', 'DAGS_FOLDER/retailpulse_dag.py', '--cfg-path', '/tmp/tmpof9c6w17']
[2026-08-26T12:41:39.915+0000] {standard_task_runner.py:88} INFO - Job 8: Subtask feature_engineering
[2026-08-26T12:41:40.019+0000] {task_command.py:423} INFO - Running <TaskInstance: retailpulse_medallion_pipeline.feature_engineering scheduled__2026-08-25T00:00:00+00:00 [running]> on host 1decbd92f565
[2026-08-26T12:41:40.151+0000] {taskinstance.py:2480} INFO - Exporting env vars: AIRFLOW_CTX_DAG_OWNER='retailpulse' AIRFLOW_CTX_DAG_ID='retailpulse_medallion_pipeline' AIRFLOW_CTX_TASK_ID='feature_engineering' AIRFLOW_CTX_EXECUTION_DATE='2026-08-25T00:00:00+00:00' AIRFLOW_CTX_TRY_NUMBER='1' AIRFLOW_CTX_DAG_RUN_ID='scheduled__2026-08-25T00:00:00+00:00'
[2026-08-26T12:41:46.672+0000] {logging_mixin.py:188} INFO - :: loading settings :: url = jar:file:/home/***/.local/lib/python3.8/site-packages/pyspark/jars/ivy-2.5.1.jar!/org/apache/ivy/core/settings/ivysettings.xml
[2026-08-26T12:41:46.807+0000] {logging_mixin.py:188} INFO - Ivy Default Cache set to: /home/***/.ivy2/cache
[2026-08-26T12:41:46.809+0000] {logging_mixin.py:188} INFO - The jars for the packages stored in: /home/***/.ivy2/jars
[2026-08-26T12:41:46.816+0000] {logging_mixin.py:188} INFO - org.apache.hadoop#hadoop-aws added as a dependency
[2026-08-26T12:41:46.819+0000] {logging_mixin.py:188} INFO - com.amazonaws#aws-java-sdk-bundle added as a dependency
[2026-08-26T12:41:46.821+0000] {logging_mixin.py:188} INFO - :: resolving dependencies :: org.apache.spark#spark-submit-parent-74e8cd8e-0b02-4710-a617-5dceaa050994;1.0
[2026-08-26T12:41:46.822+0000] {logging_mixin.py:188} INFO - 	confs: [default]
[2026-08-26T12:41:47.023+0000] {logging_mixin.py:188} INFO - 	found org.apache.hadoop#hadoop-aws;3.3.4 in central
[2026-08-26T12:41:47.072+0000] {logging_mixin.py:188} INFO - 	found com.amazonaws#aws-java-sdk-bundle;1.12.262 in central
[2026-08-26T12:41:47.124+0000] {logging_mixin.py:188} INFO - 	found org.wildfly.openssl#wildfly-openssl;1.0.7.Final in central
[2026-08-26T12:41:47.158+0000] {logging_mixin.py:188} INFO - :: resolution report :: resolve 323ms :: artifacts dl 16ms
[2026-08-26T12:41:47.161+0000] {logging_mixin.py:188} INFO - 	:: modules in use:
[2026-08-26T12:41:47.162+0000] {logging_mixin.py:188} INFO - 	com.amazonaws#aws-java-sdk-bundle;1.12.262 from central in [default]
[2026-08-26T12:41:47.163+0000] {logging_mixin.py:188} INFO - 	org.apache.hadoop#hadoop-aws;3.3.4 from central in [default]
[2026-08-26T12:41:47.166+0000] {logging_mixin.py:188} INFO - 	org.wildfly.openssl#wildfly-openssl;1.0.7.Final from central in [default]
[2026-08-26T12:41:47.168+0000] {logging_mixin.py:188} INFO - 	---------------------------------------------------------------------
[2026-08-26T12:41:47.170+0000] {logging_mixin.py:188} INFO - 	|                  |            modules            ||   artifacts   |
[2026-08-26T12:41:47.172+0000] {logging_mixin.py:188} INFO - 	|       conf       | number| search|dwnlded|evicted|| number|dwnlded|
[2026-08-26T12:41:47.174+0000] {logging_mixin.py:188} INFO - 	---------------------------------------------------------------------
[2026-08-26T12:41:47.176+0000] {logging_mixin.py:188} INFO - 	|      default     |   3   |   0   |   0   |   0   ||   3   |   0   |
[2026-08-26T12:41:47.178+0000] {logging_mixin.py:188} INFO - 	---------------------------------------------------------------------
[2026-08-26T12:41:47.180+0000] {logging_mixin.py:188} INFO - :: retrieving :: org.apache.spark#spark-submit-parent-74e8cd8e-0b02-4710-a617-5dceaa050994
[2026-08-26T12:41:47.183+0000] {logging_mixin.py:188} INFO - 	confs: [default]
[2026-08-26T12:41:47.185+0000] {logging_mixin.py:188} INFO - 	0 artifacts copied, 3 already retrieved (0kB/12ms)
[2026-08-26T12:41:47.458+0000] {logging_mixin.py:188} INFO - 26/08/26 12:41:47 WARN NativeCodeLoader: Unable to load native-hadoop library for your platform... using builtin-java classes where applicable
[2026-08-26T12:41:47.718+0000] {logging_mixin.py:188} INFO - Setting default log level to "WARN".
[2026-08-26T12:41:47.723+0000] {logging_mixin.py:188} INFO - To adjust logging level use sc.setLogLevel(newLevel). For SparkR, use setLogLevel(newLevel).
[2026-08-26T12:41:51.835+0000] {logging_mixin.py:188} INFO - 26/08/26 12:41:51 WARN MetricsConfig: Cannot locate configuration: tried hadoop-metrics2-s3a-file-system.properties,hadoop-metrics2.properties
[2026-08-26T12:42:07.287+0000] {logging_mixin.py:188} INFO - [Stage 0:>                                                          (0 + 0) / 1]
[2026-08-26T12:42:10.335+0000] {logging_mixin.py:188} INFO - [Stage 0:>                                                          (0 + 1) / 1]
[2026-08-26T12:42:15.122+0000] {logging_mixin.py:188} INFO - [Stage 1:>                                                          (0 + 1) / 1]
[2026-08-26T12:42:15.262+0000] {logging_mixin.py:188} INFO - 2026-08-26 12:42:15,262 | INFO | feature_engineering | Fitting SARIMA for TOTAL (84 days of history)
[2026-08-26T12:42:15.913+0000] {logging_mixin.py:188} INFO - 2026-08-26 12:42:15,913 | INFO | feature_engineering | Backtest for TOTAL: RMSE=55.27, MAPE=36.8%
[2026-08-26T12:42:18.906+0000] {logging_mixin.py:188} INFO - [Stage 3:>                                                          (0 + 1) / 1]
[2026-08-26T12:42:24.546+0000] {logging_mixin.py:188} INFO - [Stage 5:>                                                          (0 + 1) / 1]
[2026-08-26T12:42:24.566+0000] {logging_mixin.py:188} INFO - 2026-08-26 12:42:24,565 | INFO | feature_engineering | Forecasting top 10 categories by transaction volume: [140, 1600, 1532, 1482, 1224, 653, 395, 679, None, 1490]
[2026-08-26T12:42:25.361+0000] {logging_mixin.py:188} INFO - 2026-08-26 12:42:25,361 | INFO | feature_engineering | Fitting SARIMA for category=140 (84 days of history)
[2026-08-26T12:42:25.884+0000] {logging_mixin.py:188} INFO - 2026-08-26 12:42:25,884 | INFO | feature_engineering | Backtest for CATEGORY_140: RMSE=33.17, MAPE=60.1%
[2026-08-26T12:42:26.396+0000] {logging_mixin.py:188} INFO - 2026-08-26 12:42:26,396 | INFO | feature_engineering | Fitting SARIMA for category=1600 (84 days of history)
[2026-08-26T12:42:26.719+0000] {logging_mixin.py:188} INFO - 2026-08-26 12:42:26,719 | INFO | feature_engineering | Backtest for CATEGORY_1600: RMSE=5.68, MAPE=53.8%
[2026-08-26T12:42:27.254+0000] {logging_mixin.py:188} INFO - 2026-08-26 12:42:27,253 | INFO | feature_engineering | Fitting SARIMA for category=1532 (84 days of history)
[2026-08-26T12:42:27.761+0000] {logging_mixin.py:188} INFO - 2026-08-26 12:42:27,761 | INFO | feature_engineering | Backtest for CATEGORY_1532: RMSE=12.13, MAPE=99.2%
[2026-08-26T12:42:28.096+0000] {logging_mixin.py:188} INFO - 2026-08-26 12:42:28,096 | INFO | feature_engineering | Fitting SARIMA for category=1482 (84 days of history)
[2026-08-26T12:42:28.504+0000] {logging_mixin.py:188} INFO - 2026-08-26 12:42:28,503 | INFO | feature_engineering | Backtest for CATEGORY_1482: RMSE=9.49, MAPE=106.6%
[2026-08-26T12:42:28.957+0000] {logging_mixin.py:188} INFO - 2026-08-26 12:42:28,957 | INFO | feature_engineering | Fitting SARIMA for category=1224 (84 days of history)
[2026-08-26T12:42:29.451+0000] {logging_mixin.py:188} INFO - 2026-08-26 12:42:29,451 | INFO | feature_engineering | Backtest for CATEGORY_1224: RMSE=7.72, MAPE=196.5%
[2026-08-26T12:42:29.817+0000] {logging_mixin.py:188} INFO - 2026-08-26 12:42:29,816 | INFO | feature_engineering | Fitting SARIMA for category=653 (84 days of history)
[2026-08-26T12:42:30.100+0000] {logging_mixin.py:188} INFO - 2026-08-26 12:42:30,100 | INFO | feature_engineering | Backtest for CATEGORY_653: RMSE=5.94, MAPE=34.5%
[2026-08-26T12:42:30.446+0000] {logging_mixin.py:188} INFO - 2026-08-26 12:42:30,445 | INFO | feature_engineering | Fitting SARIMA for category=395 (84 days of history)
[2026-08-26T12:42:30.853+0000] {logging_mixin.py:188} INFO - 2026-08-26 12:42:30,853 | INFO | feature_engineering | Backtest for CATEGORY_395: RMSE=7.29, MAPE=47.4%
[2026-08-26T12:42:31.403+0000] {logging_mixin.py:188} INFO - 2026-08-26 12:42:31,403 | INFO | feature_engineering | Fitting SARIMA for category=679 (84 days of history)
[2026-08-26T12:42:31.583+0000] {logging_mixin.py:188} INFO - 2026-08-26 12:42:31,583 | INFO | feature_engineering | Backtest for CATEGORY_679: RMSE=2.47, MAPE=100.0%
[2026-08-26T12:42:31.635+0000] {logging_mixin.py:188} INFO - 2026-08-26 12:42:31,635 | INFO | feature_engineering | Skipping category None -- only 0 days of history
[2026-08-26T12:42:31.956+0000] {logging_mixin.py:188} INFO - 2026-08-26 12:42:31,956 | INFO | feature_engineering | Fitting SARIMA for category=1490 (84 days of history)
[2026-08-26T12:42:32.266+0000] {logging_mixin.py:188} INFO - 2026-08-26 12:42:32,266 | INFO | feature_engineering | Backtest for CATEGORY_1490: RMSE=1.72, MAPE=36.3%
[2026-08-26T12:42:33.206+0000] {logging_mixin.py:188} INFO - 2026-08-26 12:42:33,206 | INFO | feature_engineering | Writing 980 forecast rows to s3a://gold/forecast_results/dt=2026-08-25 (mode=append)
[2026-08-26T12:42:35.427+0000] {logging_mixin.py:188} INFO - [Stage 18:>                                                         (0 + 2) / 2]
[2026-08-26T12:42:36.626+0000] {logging_mixin.py:188} INFO - 2026-08-26 12:42:36,626 | INFO | feature_engineering | Writing 10 accuracy rows to s3a://gold/forecast_accuracy/dt=2026-08-25 (mode=append)
[2026-08-26T12:42:37.781+0000] {logging_mixin.py:188} INFO - 2026-08-26 12:42:37,780 | INFO | feature_engineering | feature_engineering completed successfully for date=2026-08-25
[2026-08-26T12:42:39.175+0000] {python.py:201} INFO - Done. Returned value was: None
[2026-08-26T12:42:39.198+0000] {taskinstance.py:1138} INFO - Marking task as SUCCESS. dag_id=retailpulse_medallion_pipeline, task_id=feature_engineering, execution_date=20260825T000000, start_date=20260826T124139, end_date=20260826T124239
[2026-08-26T12:42:39.238+0000] {local_task_job_runner.py:234} INFO - Task exited with return code 0
[2026-08-26T12:42:39.281+0000] {taskinstance.py:3280} INFO - 1 downstream tasks scheduled from follow-on schedule check
