[2026-08-27T02:55:48.483+0000] {taskinstance.py:1956} INFO - Dependencies all met for dep_context=non-requeueable deps ti=<TaskInstance: retailpulse_medallion_pipeline.silver scheduled__2026-08-26T00:00:00+00:00 [queued]>
[2026-08-27T02:55:48.496+0000] {taskinstance.py:1956} INFO - Dependencies all met for dep_context=requeueable deps ti=<TaskInstance: retailpulse_medallion_pipeline.silver scheduled__2026-08-26T00:00:00+00:00 [queued]>
[2026-08-27T02:55:48.497+0000] {taskinstance.py:2170} INFO - Starting attempt 1 of 2
[2026-08-27T02:55:48.516+0000] {taskinstance.py:2191} INFO - Executing <Task(PythonOperator): silver> on 2026-08-26 00:00:00+00:00
[2026-08-27T02:55:48.523+0000] {standard_task_runner.py:60} INFO - Started process 4680 to run task
[2026-08-27T02:55:48.530+0000] {standard_task_runner.py:87} INFO - Running: ['***', 'tasks', 'run', 'retailpulse_medallion_pipeline', 'silver', 'scheduled__2026-08-26T00:00:00+00:00', '--job-id', '15', '--raw', '--subdir', 'DAGS_FOLDER/retailpulse_dag.py', '--cfg-path', '/tmp/tmpqin22_nn']
[2026-08-27T02:55:48.534+0000] {standard_task_runner.py:88} INFO - Job 15: Subtask silver
[2026-08-27T02:55:48.633+0000] {task_command.py:423} INFO - Running <TaskInstance: retailpulse_medallion_pipeline.silver scheduled__2026-08-26T00:00:00+00:00 [running]> on host 1decbd92f565
[2026-08-27T02:55:48.776+0000] {taskinstance.py:2480} INFO - Exporting env vars: AIRFLOW_CTX_DAG_OWNER='retailpulse' AIRFLOW_CTX_DAG_ID='retailpulse_medallion_pipeline' AIRFLOW_CTX_TASK_ID='silver' AIRFLOW_CTX_EXECUTION_DATE='2026-08-26T00:00:00+00:00' AIRFLOW_CTX_TRY_NUMBER='1' AIRFLOW_CTX_DAG_RUN_ID='scheduled__2026-08-26T00:00:00+00:00'
[2026-08-27T02:55:53.898+0000] {logging_mixin.py:188} INFO - :: loading settings :: url = jar:file:/home/***/.local/lib/python3.8/site-packages/pyspark/jars/ivy-2.5.1.jar!/org/apache/ivy/core/settings/ivysettings.xml
[2026-08-27T02:55:54.101+0000] {logging_mixin.py:188} INFO - Ivy Default Cache set to: /home/***/.ivy2/cache
[2026-08-27T02:55:54.103+0000] {logging_mixin.py:188} INFO - The jars for the packages stored in: /home/***/.ivy2/jars
[2026-08-27T02:55:54.110+0000] {logging_mixin.py:188} INFO - org.apache.hadoop#hadoop-aws added as a dependency
[2026-08-27T02:55:54.114+0000] {logging_mixin.py:188} INFO - com.amazonaws#aws-java-sdk-bundle added as a dependency
[2026-08-27T02:55:54.115+0000] {logging_mixin.py:188} INFO - :: resolving dependencies :: org.apache.spark#spark-submit-parent-a250f5d5-8148-48ef-9bde-833ea6bd796d;1.0
[2026-08-27T02:55:54.118+0000] {logging_mixin.py:188} INFO - 	confs: [default]
[2026-08-27T02:55:54.377+0000] {logging_mixin.py:188} INFO - 	found org.apache.hadoop#hadoop-aws;3.3.4 in central
[2026-08-27T02:55:54.418+0000] {logging_mixin.py:188} INFO - 	found com.amazonaws#aws-java-sdk-bundle;1.12.262 in central
[2026-08-27T02:55:54.471+0000] {logging_mixin.py:188} INFO - 	found org.wildfly.openssl#wildfly-openssl;1.0.7.Final in central
[2026-08-27T02:55:54.512+0000] {logging_mixin.py:188} INFO - :: resolution report :: resolve 384ms :: artifacts dl 16ms
[2026-08-27T02:55:54.514+0000] {logging_mixin.py:188} INFO - 	:: modules in use:
[2026-08-27T02:55:54.516+0000] {logging_mixin.py:188} INFO - 	com.amazonaws#aws-java-sdk-bundle;1.12.262 from central in [default]
[2026-08-27T02:55:54.521+0000] {logging_mixin.py:188} INFO - 	org.apache.hadoop#hadoop-aws;3.3.4 from central in [default]
[2026-08-27T02:55:54.523+0000] {logging_mixin.py:188} INFO - 	org.wildfly.openssl#wildfly-openssl;1.0.7.Final from central in [default]
[2026-08-27T02:55:54.525+0000] {logging_mixin.py:188} INFO - 	---------------------------------------------------------------------
[2026-08-27T02:55:54.526+0000] {logging_mixin.py:188} INFO - 	|                  |            modules            ||   artifacts   |
[2026-08-27T02:55:54.528+0000] {logging_mixin.py:188} INFO - 	|       conf       | number| search|dwnlded|evicted|| number|dwnlded|
[2026-08-27T02:55:54.530+0000] {logging_mixin.py:188} INFO - 	---------------------------------------------------------------------
[2026-08-27T02:55:54.533+0000] {logging_mixin.py:188} INFO - 	|      default     |   3   |   0   |   0   |   0   ||   3   |   0   |
[2026-08-27T02:55:54.535+0000] {logging_mixin.py:188} INFO - 	---------------------------------------------------------------------
[2026-08-27T02:55:54.537+0000] {logging_mixin.py:188} INFO - :: retrieving :: org.apache.spark#spark-submit-parent-a250f5d5-8148-48ef-9bde-833ea6bd796d
[2026-08-27T02:55:54.538+0000] {logging_mixin.py:188} INFO - 	confs: [default]
[2026-08-27T02:55:54.540+0000] {logging_mixin.py:188} INFO - 	0 artifacts copied, 3 already retrieved (0kB/13ms)
[2026-08-27T02:55:55.116+0000] {logging_mixin.py:188} INFO - 26/08/27 02:55:55 WARN NativeCodeLoader: Unable to load native-hadoop library for your platform... using builtin-java classes where applicable
[2026-08-27T02:55:55.511+0000] {logging_mixin.py:188} INFO - Setting default log level to "WARN".
[2026-08-27T02:55:55.513+0000] {logging_mixin.py:188} INFO - To adjust logging level use sc.setLogLevel(newLevel). For SparkR, use setLogLevel(newLevel).
[2026-08-27T02:56:02.149+0000] {logging_mixin.py:188} INFO - 26/08/27 02:56:02 WARN MetricsConfig: Cannot locate configuration: tried hadoop-metrics2-s3a-file-system.properties,hadoop-metrics2.properties
[2026-08-27T02:56:11.307+0000] {logging_mixin.py:188} INFO - [Stage 0:>                                                          (0 + 0) / 1]
[2026-08-27T02:56:15.009+0000] {logging_mixin.py:188} INFO - [Stage 0:>                                                          (0 + 1) / 1]
[2026-08-27T02:56:26.748+0000] {logging_mixin.py:188} INFO - [Stage 3:>                                                          (0 + 2) / 4]
[2026-08-27T02:56:31.551+0000] {logging_mixin.py:188} INFO - [Stage 3:=============================>                             (2 + 2) / 4]
[2026-08-27T02:56:33.758+0000] {logging_mixin.py:188} INFO - [Stage 3:============================================>              (3 + 1) / 4]
[2026-08-27T02:56:37.974+0000] {logging_mixin.py:188} INFO - [Stage 5:>                                                          (0 + 2) / 2]
[2026-08-27T02:56:38.339+0000] {logging_mixin.py:188} INFO - [Stage 5:=============================>                             (1 + 1) / 2]
[2026-08-27T02:56:38.356+0000] {logging_mixin.py:188} INFO - 2026-08-27 02:56:38,355 | INFO | silver | Resolved current category for 417053 items
[2026-08-27T02:56:41.475+0000] {logging_mixin.py:188} INFO - 2026-08-27 02:56:41,475 | INFO | silver | Rolled up 1669 categories to their root ancestor (max 8 hops)
[2026-08-27T02:56:42.986+0000] {logging_mixin.py:188} INFO - [Stage 14:>                                                         (0 + 2) / 2]
[2026-08-27T02:56:43.785+0000] {logging_mixin.py:188} INFO - [Stage 14:>   (0 + 2) / 2][Stage 15:>   (0 + 0) / 1][Stage 16:>   (0 + 0) / 4]
[2026-08-27T02:56:44.070+0000] {logging_mixin.py:188} INFO - [Stage 15:>   (0 + 1) / 1][Stage 16:>   (0 + 1) / 4][Stage 17:>   (0 + 0) / 1]
[2026-08-27T02:56:46.599+0000] {logging_mixin.py:188} INFO - [Stage 16:>                 (0 + 2) / 4][Stage 17:>                 (0 + 0) / 1]
[2026-08-27T02:56:48.599+0000] {logging_mixin.py:188} INFO - [Stage 16:=========>        (2 + 2) / 4][Stage 17:>                 (0 + 0) / 1]
[2026-08-27T02:56:48.753+0000] {logging_mixin.py:188} INFO - [Stage 17:>                                                         (0 + 1) / 1]
[2026-08-27T02:56:49.809+0000] {logging_mixin.py:188} INFO - [Stage 19:>                                                         (0 + 2) / 2]
[2026-08-27T02:56:49.836+0000] {logging_mixin.py:188} INFO - [Stage 19:>                 (0 + 2) / 2][Stage 20:>                 (0 + 1) / 1]
[2026-08-27T02:56:51.149+0000] {logging_mixin.py:188} INFO - 2026-08-27 02:56:51,148 | INFO | silver | Writing 999818 enriched event rows to s3a://silver/enriched_events/dt=2026-08-26 (mode=append)
[2026-08-27T02:56:53.119+0000] {logging_mixin.py:188} INFO - [Stage 30:>                 (0 + 2) / 2][Stage 31:>                 (0 + 0) / 4]
[2026-08-27T02:56:57.327+0000] {logging_mixin.py:188} INFO - [Stage 30:>   (0 + 2) / 2][Stage 31:>   (0 + 0) / 4][Stage 32:>   (0 + 0) / 1]
[2026-08-27T02:56:57.540+0000] {logging_mixin.py:188} INFO - [Stage 30:==> (1 + 1) / 2][Stage 31:>   (0 + 1) / 4][Stage 32:>   (0 + 0) / 1]
[2026-08-27T02:56:59.143+0000] {logging_mixin.py:188} INFO - [Stage 31:>                 (0 + 2) / 4][Stage 32:>                 (0 + 0) / 1]
[2026-08-27T02:56:59.343+0000] {logging_mixin.py:188} INFO - [Stage 31:====>             (1 + 2) / 4][Stage 32:>                 (0 + 0) / 1]
[2026-08-27T02:57:00.949+0000] {logging_mixin.py:188} INFO - [Stage 31:=========>        (2 + 2) / 4][Stage 32:>                 (0 + 0) / 1]
[2026-08-27T02:57:01.713+0000] {logging_mixin.py:188} INFO - [Stage 31:==================(4 + 0) / 4][Stage 32:>                 (0 + 1) / 1]
[2026-08-27T02:57:14.976+0000] {logging_mixin.py:188} INFO - [Stage 38:>                                                         (0 + 2) / 2]
[2026-08-27T02:57:15.623+0000] {logging_mixin.py:188} INFO - 2026-08-27 02:57:15,622 | INFO | silver | silver completed successfully for date=2026-08-26
[2026-08-27T02:57:16.646+0000] {python.py:201} INFO - Done. Returned value was: None
[2026-08-27T02:57:16.690+0000] {taskinstance.py:1138} INFO - Marking task as SUCCESS. dag_id=retailpulse_medallion_pipeline, task_id=silver, execution_date=20260826T000000, start_date=20260827T025548, end_date=20260827T025716
[2026-08-27T02:57:16.773+0000] {local_task_job_runner.py:234} INFO - Task exited with return code 0
[2026-08-27T02:57:16.839+0000] {taskinstance.py:3280} INFO - 1 downstream tasks scheduled from follow-on schedule check
