[2026-08-27T02:47:20.546+0000] {taskinstance.py:1956} INFO - Dependencies all met for dep_context=non-requeueable deps ti=<TaskInstance: retailpulse_medallion_pipeline.kafka_consumer scheduled__2026-08-26T00:00:00+00:00 [queued]>
[2026-08-27T02:47:20.562+0000] {taskinstance.py:1956} INFO - Dependencies all met for dep_context=requeueable deps ti=<TaskInstance: retailpulse_medallion_pipeline.kafka_consumer scheduled__2026-08-26T00:00:00+00:00 [queued]>
[2026-08-27T02:47:20.564+0000] {taskinstance.py:2170} INFO - Starting attempt 1 of 2
[2026-08-27T02:47:20.775+0000] {taskinstance.py:2191} INFO - Executing <Task(PythonOperator): kafka_consumer> on 2026-08-26 00:00:00+00:00
[2026-08-27T02:47:20.785+0000] {standard_task_runner.py:60} INFO - Started process 3977 to run task
[2026-08-27T02:47:20.812+0000] {standard_task_runner.py:87} INFO - Running: ['***', 'tasks', 'run', 'retailpulse_medallion_pipeline', 'kafka_consumer', 'scheduled__2026-08-26T00:00:00+00:00', '--job-id', '13', '--raw', '--subdir', 'DAGS_FOLDER/retailpulse_dag.py', '--cfg-path', '/tmp/tmpfla59i1v']
[2026-08-27T02:47:20.817+0000] {standard_task_runner.py:88} INFO - Job 13: Subtask kafka_consumer
[2026-08-27T02:47:21.141+0000] {task_command.py:423} INFO - Running <TaskInstance: retailpulse_medallion_pipeline.kafka_consumer scheduled__2026-08-26T00:00:00+00:00 [running]> on host 1decbd92f565
[2026-08-27T02:47:21.662+0000] {taskinstance.py:2480} INFO - Exporting env vars: AIRFLOW_CTX_DAG_OWNER='retailpulse' AIRFLOW_CTX_DAG_ID='retailpulse_medallion_pipeline' AIRFLOW_CTX_TASK_ID='kafka_consumer' AIRFLOW_CTX_EXECUTION_DATE='2026-08-26T00:00:00+00:00' AIRFLOW_CTX_TRY_NUMBER='1' AIRFLOW_CTX_DAG_RUN_ID='scheduled__2026-08-26T00:00:00+00:00'
[2026-08-27T02:47:25.811+0000] {logging_mixin.py:188} INFO - :: loading settings :: url = jar:file:/home/***/.local/lib/python3.8/site-packages/pyspark/jars/ivy-2.5.1.jar!/org/apache/ivy/core/settings/ivysettings.xml
[2026-08-27T02:47:25.988+0000] {logging_mixin.py:188} INFO - Ivy Default Cache set to: /home/***/.ivy2/cache
[2026-08-27T02:47:25.998+0000] {logging_mixin.py:188} INFO - The jars for the packages stored in: /home/***/.ivy2/jars
[2026-08-27T02:47:26.013+0000] {logging_mixin.py:188} INFO - org.apache.hadoop#hadoop-aws added as a dependency
[2026-08-27T02:47:26.017+0000] {logging_mixin.py:188} INFO - com.amazonaws#aws-java-sdk-bundle added as a dependency
[2026-08-27T02:47:26.019+0000] {logging_mixin.py:188} INFO - :: resolving dependencies :: org.apache.spark#spark-submit-parent-fb3ed513-1d44-4c40-850d-f59fb2ea37af;1.0
[2026-08-27T02:47:26.020+0000] {logging_mixin.py:188} INFO - 	confs: [default]
[2026-08-27T02:47:26.375+0000] {logging_mixin.py:188} INFO - 	found org.apache.hadoop#hadoop-aws;3.3.4 in central
[2026-08-27T02:47:26.440+0000] {logging_mixin.py:188} INFO - 	found com.amazonaws#aws-java-sdk-bundle;1.12.262 in central
[2026-08-27T02:47:26.519+0000] {logging_mixin.py:188} INFO - 	found org.wildfly.openssl#wildfly-openssl;1.0.7.Final in central
[2026-08-27T02:47:26.584+0000] {logging_mixin.py:188} INFO - :: resolution report :: resolve 549ms :: artifacts dl 18ms
[2026-08-27T02:47:26.586+0000] {logging_mixin.py:188} INFO - 	:: modules in use:
[2026-08-27T02:47:26.593+0000] {logging_mixin.py:188} INFO - 	com.amazonaws#aws-java-sdk-bundle;1.12.262 from central in [default]
[2026-08-27T02:47:26.594+0000] {logging_mixin.py:188} INFO - 	org.apache.hadoop#hadoop-aws;3.3.4 from central in [default]
[2026-08-27T02:47:26.596+0000] {logging_mixin.py:188} INFO - 	org.wildfly.openssl#wildfly-openssl;1.0.7.Final from central in [default]
[2026-08-27T02:47:26.598+0000] {logging_mixin.py:188} INFO - 	---------------------------------------------------------------------
[2026-08-27T02:47:26.599+0000] {logging_mixin.py:188} INFO - 	|                  |            modules            ||   artifacts   |
[2026-08-27T02:47:26.609+0000] {logging_mixin.py:188} INFO - 	|       conf       | number| search|dwnlded|evicted|| number|dwnlded|
[2026-08-27T02:47:26.613+0000] {logging_mixin.py:188} INFO - 	---------------------------------------------------------------------
[2026-08-27T02:47:26.615+0000] {logging_mixin.py:188} INFO - 	|      default     |   3   |   0   |   0   |   0   ||   3   |   0   |
[2026-08-27T02:47:26.619+0000] {logging_mixin.py:188} INFO - 	---------------------------------------------------------------------
[2026-08-27T02:47:26.624+0000] {logging_mixin.py:188} INFO - :: retrieving :: org.apache.spark#spark-submit-parent-fb3ed513-1d44-4c40-850d-f59fb2ea37af
[2026-08-27T02:47:26.627+0000] {logging_mixin.py:188} INFO - 	confs: [default]
[2026-08-27T02:47:26.633+0000] {logging_mixin.py:188} INFO - 	0 artifacts copied, 3 already retrieved (0kB/10ms)
[2026-08-27T02:47:27.085+0000] {logging_mixin.py:188} INFO - 26/08/27 02:47:27 WARN NativeCodeLoader: Unable to load native-hadoop library for your platform... using builtin-java classes where applicable
[2026-08-27T02:47:27.681+0000] {logging_mixin.py:188} INFO - Setting default log level to "WARN".
[2026-08-27T02:47:27.682+0000] {logging_mixin.py:188} INFO - To adjust logging level use sc.setLogLevel(newLevel). For SparkR, use setLogLevel(newLevel).
[2026-08-27T02:47:32.276+0000] {logging_mixin.py:188} INFO - 2026-08-27 02:47:32,275 | INFO | kafka_consumer | Consuming up to 1000000 messages from 'retail.transactions' at kafka:9092
[2026-08-27T02:50:01.438+0000] {logging_mixin.py:188} INFO - 26/08/27 02:50:01 WARN TaskSetManager: Stage 0 contains a task of very large size (22567 KiB). The maximum recommended task size is 1000 KiB.
[2026-08-27T02:50:10.822+0000] {logging_mixin.py:188} INFO - [Stage 0:>                                                          (0 + 2) / 2]
[2026-08-27T02:50:10.837+0000] {logging_mixin.py:188} INFO - 2026-08-27 02:50:10,837 | INFO | kafka_consumer | Writing 1000000 streamed rows to s3a://bronze/events/dt=2026-08-26 (mode=append)
[2026-08-27T02:50:11.221+0000] {logging_mixin.py:188} INFO - 26/08/27 02:50:11 WARN MetricsConfig: Cannot locate configuration: tried hadoop-metrics2-s3a-file-system.properties,hadoop-metrics2.properties
[2026-08-27T02:50:13.591+0000] {logging_mixin.py:188} INFO - 26/08/27 02:50:13 WARN TaskSetManager: Stage 3 contains a task of very large size (22567 KiB). The maximum recommended task size is 1000 KiB.
[2026-08-27T02:50:25.979+0000] {logging_mixin.py:188} INFO - [Stage 3:>                                                          (0 + 2) / 2]
[2026-08-27T02:50:27.551+0000] {logging_mixin.py:188} INFO - 2026-08-27 02:50:27,550 | INFO | kafka_consumer | kafka_consumer completed successfully for date=2026-08-26
[2026-08-27T02:50:27.981+0000] {logging_mixin.py:188} INFO - /opt/***/scripts/kafka_consumer.py:34: DeprecationWarning: value_deserializer does not implement kafka.serializer.Deserializer
[2026-08-27T02:50:27.988+0000] {logging_mixin.py:188} INFO -   consumer = KafkaConsumer(
[2026-08-27T02:50:28.918+0000] {python.py:201} INFO - Done. Returned value was: None
[2026-08-27T02:50:29.091+0000] {taskinstance.py:1138} INFO - Marking task as SUCCESS. dag_id=retailpulse_medallion_pipeline, task_id=kafka_consumer, execution_date=20260826T000000, start_date=20260827T024720, end_date=20260827T025029
[2026-08-27T02:50:29.255+0000] {local_task_job_runner.py:234} INFO - Task exited with return code 0
[2026-08-27T02:50:29.476+0000] {taskinstance.py:3280} INFO - 1 downstream tasks scheduled from follow-on schedule check
