[2026-08-26T12:31:08.179+0000] {taskinstance.py:1956} INFO - Dependencies all met for dep_context=non-requeueable deps ti=<TaskInstance: retailpulse_medallion_pipeline.kafka_consumer scheduled__2026-08-25T00:00:00+00:00 [queued]>
[2026-08-26T12:31:08.193+0000] {taskinstance.py:1956} INFO - Dependencies all met for dep_context=requeueable deps ti=<TaskInstance: retailpulse_medallion_pipeline.kafka_consumer scheduled__2026-08-25T00:00:00+00:00 [queued]>
[2026-08-26T12:31:08.194+0000] {taskinstance.py:2170} INFO - Starting attempt 1 of 2
[2026-08-26T12:31:08.213+0000] {taskinstance.py:2191} INFO - Executing <Task(PythonOperator): kafka_consumer> on 2026-08-25 00:00:00+00:00
[2026-08-26T12:31:08.221+0000] {standard_task_runner.py:60} INFO - Started process 649 to run task
[2026-08-26T12:31:08.227+0000] {standard_task_runner.py:87} INFO - Running: ['***', 'tasks', 'run', 'retailpulse_medallion_pipeline', 'kafka_consumer', 'scheduled__2026-08-25T00:00:00+00:00', '--job-id', '4', '--raw', '--subdir', 'DAGS_FOLDER/retailpulse_dag.py', '--cfg-path', '/tmp/tmpbjrfib1x']
[2026-08-26T12:31:08.231+0000] {standard_task_runner.py:88} INFO - Job 4: Subtask kafka_consumer
[2026-08-26T12:31:08.332+0000] {task_command.py:423} INFO - Running <TaskInstance: retailpulse_medallion_pipeline.kafka_consumer scheduled__2026-08-25T00:00:00+00:00 [running]> on host 1decbd92f565
[2026-08-26T12:31:08.457+0000] {taskinstance.py:2480} INFO - Exporting env vars: AIRFLOW_CTX_DAG_OWNER='retailpulse' AIRFLOW_CTX_DAG_ID='retailpulse_medallion_pipeline' AIRFLOW_CTX_TASK_ID='kafka_consumer' AIRFLOW_CTX_EXECUTION_DATE='2026-08-25T00:00:00+00:00' AIRFLOW_CTX_TRY_NUMBER='1' AIRFLOW_CTX_DAG_RUN_ID='scheduled__2026-08-25T00:00:00+00:00'
[2026-08-26T12:31:12.338+0000] {logging_mixin.py:188} INFO - :: loading settings :: url = jar:file:/home/***/.local/lib/python3.8/site-packages/pyspark/jars/ivy-2.5.1.jar!/org/apache/ivy/core/settings/ivysettings.xml
[2026-08-26T12:31:12.479+0000] {logging_mixin.py:188} INFO - Ivy Default Cache set to: /home/***/.ivy2/cache
[2026-08-26T12:31:12.480+0000] {logging_mixin.py:188} INFO - The jars for the packages stored in: /home/***/.ivy2/jars
[2026-08-26T12:31:12.486+0000] {logging_mixin.py:188} INFO - org.apache.hadoop#hadoop-aws added as a dependency
[2026-08-26T12:31:12.488+0000] {logging_mixin.py:188} INFO - com.amazonaws#aws-java-sdk-bundle added as a dependency
[2026-08-26T12:31:12.489+0000] {logging_mixin.py:188} INFO - :: resolving dependencies :: org.apache.spark#spark-submit-parent-3ad30758-9bd3-4bb1-b6ac-963936c5a549;1.0
[2026-08-26T12:31:12.490+0000] {logging_mixin.py:188} INFO - 	confs: [default]
[2026-08-26T12:31:12.694+0000] {logging_mixin.py:188} INFO - 	found org.apache.hadoop#hadoop-aws;3.3.4 in central
[2026-08-26T12:31:12.727+0000] {logging_mixin.py:188} INFO - 	found com.amazonaws#aws-java-sdk-bundle;1.12.262 in central
[2026-08-26T12:31:12.754+0000] {logging_mixin.py:188} INFO - 	found org.wildfly.openssl#wildfly-openssl;1.0.7.Final in central
[2026-08-26T12:31:12.787+0000] {logging_mixin.py:188} INFO - :: resolution report :: resolve 286ms :: artifacts dl 13ms
[2026-08-26T12:31:12.789+0000] {logging_mixin.py:188} INFO - 	:: modules in use:
[2026-08-26T12:31:12.790+0000] {logging_mixin.py:188} INFO - 	com.amazonaws#aws-java-sdk-bundle;1.12.262 from central in [default]
[2026-08-26T12:31:12.792+0000] {logging_mixin.py:188} INFO - 	org.apache.hadoop#hadoop-aws;3.3.4 from central in [default]
[2026-08-26T12:31:12.794+0000] {logging_mixin.py:188} INFO - 	org.wildfly.openssl#wildfly-openssl;1.0.7.Final from central in [default]
[2026-08-26T12:31:12.795+0000] {logging_mixin.py:188} INFO - 	---------------------------------------------------------------------
[2026-08-26T12:31:12.797+0000] {logging_mixin.py:188} INFO - 	|                  |            modules            ||   artifacts   |
[2026-08-26T12:31:12.798+0000] {logging_mixin.py:188} INFO - 	|       conf       | number| search|dwnlded|evicted|| number|dwnlded|
[2026-08-26T12:31:12.800+0000] {logging_mixin.py:188} INFO - 	---------------------------------------------------------------------
[2026-08-26T12:31:12.801+0000] {logging_mixin.py:188} INFO - 	|      default     |   3   |   0   |   0   |   0   ||   3   |   0   |
[2026-08-26T12:31:12.803+0000] {logging_mixin.py:188} INFO - 	---------------------------------------------------------------------
[2026-08-26T12:31:12.805+0000] {logging_mixin.py:188} INFO - :: retrieving :: org.apache.spark#spark-submit-parent-3ad30758-9bd3-4bb1-b6ac-963936c5a549
[2026-08-26T12:31:12.807+0000] {logging_mixin.py:188} INFO - 	confs: [default]
[2026-08-26T12:31:12.809+0000] {logging_mixin.py:188} INFO - 	0 artifacts copied, 3 already retrieved (0kB/12ms)
[2026-08-26T12:31:13.171+0000] {logging_mixin.py:188} INFO - 26/08/26 12:31:13 WARN NativeCodeLoader: Unable to load native-hadoop library for your platform... using builtin-java classes where applicable
[2026-08-26T12:31:13.462+0000] {logging_mixin.py:188} INFO - Setting default log level to "WARN".
[2026-08-26T12:31:13.466+0000] {logging_mixin.py:188} INFO - To adjust logging level use sc.setLogLevel(newLevel). For SparkR, use setLogLevel(newLevel).
[2026-08-26T12:31:19.118+0000] {logging_mixin.py:188} INFO - 2026-08-26 12:31:19,118 | INFO | kafka_consumer | Consuming up to 1000000 messages from 'retail.transactions' at kafka:9092
[2026-08-26T12:33:22.431+0000] {logging_mixin.py:188} INFO - 26/08/26 12:33:22 WARN TaskSetManager: Stage 0 contains a task of very large size (22567 KiB). The maximum recommended task size is 1000 KiB.
[2026-08-26T12:33:29.657+0000] {logging_mixin.py:188} INFO - [Stage 0:>                                                          (0 + 2) / 2]
[2026-08-26T12:33:30.660+0000] {logging_mixin.py:188} INFO - [Stage 0:=============================>                             (1 + 1) / 2]
[2026-08-26T12:33:31.777+0000] {logging_mixin.py:188} INFO - [Stage 2:>                                                          (0 + 1) / 1]
[2026-08-26T12:33:31.851+0000] {logging_mixin.py:188} INFO - 2026-08-26 12:33:31,850 | INFO | kafka_consumer | Writing 1000000 streamed rows to s3a://bronze/events/dt=2026-08-25 (mode=append)
[2026-08-26T12:33:38.275+0000] {logging_mixin.py:188} INFO - 26/08/26 12:33:38 WARN MetricsConfig: Cannot locate configuration: tried hadoop-metrics2-s3a-file-system.properties,hadoop-metrics2.properties
[2026-08-26T12:33:41.515+0000] {logging_mixin.py:188} INFO - 26/08/26 12:33:41 WARN TaskSetManager: Stage 3 contains a task of very large size (22567 KiB). The maximum recommended task size is 1000 KiB.
[2026-08-26T12:33:56.600+0000] {logging_mixin.py:188} INFO - [Stage 3:>                                                          (0 + 2) / 2]
[2026-08-26T12:33:59.200+0000] {logging_mixin.py:188} INFO - [Stage 3:=============================>                             (1 + 1) / 2]
[2026-08-26T12:34:00.502+0000] {logging_mixin.py:188} INFO - 2026-08-26 12:34:00,502 | INFO | kafka_consumer | kafka_consumer completed successfully for date=2026-08-25
[2026-08-26T12:34:01.519+0000] {logging_mixin.py:188} INFO - /opt/***/scripts/kafka_consumer.py:34: DeprecationWarning: value_deserializer does not implement kafka.serializer.Deserializer
[2026-08-26T12:34:01.527+0000] {logging_mixin.py:188} INFO -   consumer = KafkaConsumer(
[2026-08-26T12:34:02.651+0000] {python.py:201} INFO - Done. Returned value was: None
[2026-08-26T12:34:02.721+0000] {taskinstance.py:1138} INFO - Marking task as SUCCESS. dag_id=retailpulse_medallion_pipeline, task_id=kafka_consumer, execution_date=20260825T000000, start_date=20260826T123108, end_date=20260826T123402
[2026-08-26T12:34:02.829+0000] {local_task_job_runner.py:234} INFO - Task exited with return code 0
[2026-08-26T12:34:03.002+0000] {taskinstance.py:3280} INFO - 1 downstream tasks scheduled from follow-on schedule check
