[2026-08-26T12:40:47.140+0000] {taskinstance.py:1956} INFO - Dependencies all met for dep_context=non-requeueable deps ti=<TaskInstance: retailpulse_medallion_pipeline.gold scheduled__2026-08-25T00:00:00+00:00 [queued]>
[2026-08-26T12:40:47.157+0000] {taskinstance.py:1956} INFO - Dependencies all met for dep_context=requeueable deps ti=<TaskInstance: retailpulse_medallion_pipeline.gold scheduled__2026-08-25T00:00:00+00:00 [queued]>
[2026-08-26T12:40:47.158+0000] {taskinstance.py:2170} INFO - Starting attempt 1 of 2
[2026-08-26T12:40:47.182+0000] {taskinstance.py:2191} INFO - Executing <Task(PythonOperator): gold> on 2026-08-25 00:00:00+00:00
[2026-08-26T12:40:47.190+0000] {standard_task_runner.py:60} INFO - Started process 1782 to run task
[2026-08-26T12:40:47.197+0000] {standard_task_runner.py:87} INFO - Running: ['***', 'tasks', 'run', 'retailpulse_medallion_pipeline', 'gold', 'scheduled__2026-08-25T00:00:00+00:00', '--job-id', '7', '--raw', '--subdir', 'DAGS_FOLDER/retailpulse_dag.py', '--cfg-path', '/tmp/tmp26d039lt']
[2026-08-26T12:40:47.201+0000] {standard_task_runner.py:88} INFO - Job 7: Subtask gold
[2026-08-26T12:40:47.299+0000] {task_command.py:423} INFO - Running <TaskInstance: retailpulse_medallion_pipeline.gold scheduled__2026-08-25T00:00:00+00:00 [running]> on host 1decbd92f565
[2026-08-26T12:40:47.429+0000] {taskinstance.py:2480} INFO - Exporting env vars: AIRFLOW_CTX_DAG_OWNER='retailpulse' AIRFLOW_CTX_DAG_ID='retailpulse_medallion_pipeline' AIRFLOW_CTX_TASK_ID='gold' AIRFLOW_CTX_EXECUTION_DATE='2026-08-25T00:00:00+00:00' AIRFLOW_CTX_TRY_NUMBER='1' AIRFLOW_CTX_DAG_RUN_ID='scheduled__2026-08-25T00:00:00+00:00'
[2026-08-26T12:40:50.941+0000] {logging_mixin.py:188} INFO - :: loading settings :: url = jar:file:/home/***/.local/lib/python3.8/site-packages/pyspark/jars/ivy-2.5.1.jar!/org/apache/ivy/core/settings/ivysettings.xml
[2026-08-26T12:40:51.091+0000] {logging_mixin.py:188} INFO - Ivy Default Cache set to: /home/***/.ivy2/cache
[2026-08-26T12:40:51.093+0000] {logging_mixin.py:188} INFO - The jars for the packages stored in: /home/***/.ivy2/jars
[2026-08-26T12:40:51.101+0000] {logging_mixin.py:188} INFO - org.apache.hadoop#hadoop-aws added as a dependency
[2026-08-26T12:40:51.104+0000] {logging_mixin.py:188} INFO - com.amazonaws#aws-java-sdk-bundle added as a dependency
[2026-08-26T12:40:51.113+0000] {logging_mixin.py:188} INFO - :: resolving dependencies :: org.apache.spark#spark-submit-parent-7b550c24-b100-463c-a8b2-7dc3a564fc2d;1.0
[2026-08-26T12:40:51.114+0000] {logging_mixin.py:188} INFO - 	confs: [default]
[2026-08-26T12:40:51.403+0000] {logging_mixin.py:188} INFO - 	found org.apache.hadoop#hadoop-aws;3.3.4 in central
[2026-08-26T12:40:51.451+0000] {logging_mixin.py:188} INFO - 	found com.amazonaws#aws-java-sdk-bundle;1.12.262 in central
[2026-08-26T12:40:51.489+0000] {logging_mixin.py:188} INFO - 	found org.wildfly.openssl#wildfly-openssl;1.0.7.Final in central
[2026-08-26T12:40:51.524+0000] {logging_mixin.py:188} INFO - :: resolution report :: resolve 407ms :: artifacts dl 13ms
[2026-08-26T12:40:51.526+0000] {logging_mixin.py:188} INFO - 	:: modules in use:
[2026-08-26T12:40:51.528+0000] {logging_mixin.py:188} INFO - 	com.amazonaws#aws-java-sdk-bundle;1.12.262 from central in [default]
[2026-08-26T12:40:51.529+0000] {logging_mixin.py:188} INFO - 	org.apache.hadoop#hadoop-aws;3.3.4 from central in [default]
[2026-08-26T12:40:51.531+0000] {logging_mixin.py:188} INFO - 	org.wildfly.openssl#wildfly-openssl;1.0.7.Final from central in [default]
[2026-08-26T12:40:51.533+0000] {logging_mixin.py:188} INFO - 	---------------------------------------------------------------------
[2026-08-26T12:40:51.534+0000] {logging_mixin.py:188} INFO - 	|                  |            modules            ||   artifacts   |
[2026-08-26T12:40:51.537+0000] {logging_mixin.py:188} INFO - 	|       conf       | number| search|dwnlded|evicted|| number|dwnlded|
[2026-08-26T12:40:51.538+0000] {logging_mixin.py:188} INFO - 	---------------------------------------------------------------------
[2026-08-26T12:40:51.541+0000] {logging_mixin.py:188} INFO - 	|      default     |   3   |   0   |   0   |   0   ||   3   |   0   |
[2026-08-26T12:40:51.543+0000] {logging_mixin.py:188} INFO - 	---------------------------------------------------------------------
[2026-08-26T12:40:51.544+0000] {logging_mixin.py:188} INFO - :: retrieving :: org.apache.spark#spark-submit-parent-7b550c24-b100-463c-a8b2-7dc3a564fc2d
[2026-08-26T12:40:51.547+0000] {logging_mixin.py:188} INFO - 	confs: [default]
[2026-08-26T12:40:51.553+0000] {logging_mixin.py:188} INFO - 	0 artifacts copied, 3 already retrieved (0kB/10ms)
[2026-08-26T12:40:51.887+0000] {logging_mixin.py:188} INFO - 26/08/26 12:40:51 WARN NativeCodeLoader: Unable to load native-hadoop library for your platform... using builtin-java classes where applicable
[2026-08-26T12:40:52.198+0000] {logging_mixin.py:188} INFO - Setting default log level to "WARN".
[2026-08-26T12:40:52.199+0000] {logging_mixin.py:188} INFO - To adjust logging level use sc.setLogLevel(newLevel). For SparkR, use setLogLevel(newLevel).
[2026-08-26T12:40:57.000+0000] {logging_mixin.py:188} INFO - 26/08/26 12:40:56 WARN MetricsConfig: Cannot locate configuration: tried hadoop-metrics2-s3a-file-system.properties,hadoop-metrics2.properties
[2026-08-26T12:41:05.576+0000] {logging_mixin.py:188} INFO - [Stage 0:>                                                          (0 + 0) / 1]
[2026-08-26T12:41:09.002+0000] {logging_mixin.py:188} INFO - [Stage 0:>                                                          (0 + 1) / 1]
[2026-08-26T12:41:14.387+0000] {logging_mixin.py:188} INFO - [Stage 1:>                                                          (0 + 2) / 2]
[2026-08-26T12:41:15.393+0000] {logging_mixin.py:188} INFO - [Stage 1:===========================================================(2 + 0) / 2]
[2026-08-26T12:41:15.729+0000] {logging_mixin.py:188} INFO - [Stage 3:>                                                          (0 + 1) / 1]
[2026-08-26T12:41:15.740+0000] {logging_mixin.py:188} INFO - 2026-08-26 12:41:15,740 | INFO | gold | Writing 1108 category-day rows to s3a://gold/daily_category_counts/dt=2026-08-25 (mode=append)
[2026-08-26T12:41:19.810+0000] {logging_mixin.py:188} INFO - [Stage 7:>                                                          (0 + 2) / 2]
[2026-08-26T12:41:21.818+0000] {logging_mixin.py:188} INFO - [Stage 9:>                                                          (0 + 2) / 2]
[2026-08-26T12:41:23.799+0000] {logging_mixin.py:188} INFO - [Stage 12:>                                                         (0 + 1) / 1]
[2026-08-26T12:41:26.872+0000] {logging_mixin.py:188} INFO - [Stage 19:>                                                         (0 + 1) / 1]
[2026-08-26T12:41:28.609+0000] {logging_mixin.py:188} INFO - 2026-08-26 12:41:28,605 | INFO | gold | Writing 54 daily total rows to s3a://gold/daily_totals/dt=2026-08-25 (mode=append)
[2026-08-26T12:41:30.662+0000] {logging_mixin.py:188} INFO - [Stage 26:>                                                         (0 + 2) / 2]
[2026-08-26T12:41:31.476+0000] {logging_mixin.py:188} INFO - [Stage 26:=============================>                            (1 + 1) / 2]
[2026-08-26T12:41:31.874+0000] {logging_mixin.py:188} INFO - [Stage 28:>                                                         (0 + 2) / 3]
[2026-08-26T12:41:32.315+0000] {logging_mixin.py:188} INFO - [Stage 28:======================================>                   (2 + 1) / 3]
[2026-08-26T12:41:33.625+0000] {logging_mixin.py:188} INFO - 2026-08-26 12:41:33,625 | INFO | gold | gold completed successfully for date=2026-08-25
[2026-08-26T12:41:34.651+0000] {python.py:201} INFO - Done. Returned value was: None
[2026-08-26T12:41:34.673+0000] {taskinstance.py:1138} INFO - Marking task as SUCCESS. dag_id=retailpulse_medallion_pipeline, task_id=gold, execution_date=20260825T000000, start_date=20260826T124047, end_date=20260826T124134
[2026-08-26T12:41:35.607+0000] {local_task_job_runner.py:234} INFO - Task exited with return code 0
[2026-08-26T12:41:35.842+0000] {taskinstance.py:3280} INFO - 1 downstream tasks scheduled from follow-on schedule check
