[2026-08-27T02:50:36.048+0000] {taskinstance.py:1956} INFO - Dependencies all met for dep_context=non-requeueable deps ti=<TaskInstance: retailpulse_medallion_pipeline.bronze scheduled__2026-08-26T00:00:00+00:00 [queued]>
[2026-08-27T02:50:36.072+0000] {taskinstance.py:1956} INFO - Dependencies all met for dep_context=requeueable deps ti=<TaskInstance: retailpulse_medallion_pipeline.bronze scheduled__2026-08-26T00:00:00+00:00 [queued]>
[2026-08-27T02:50:36.074+0000] {taskinstance.py:2170} INFO - Starting attempt 1 of 2
[2026-08-27T02:50:36.121+0000] {taskinstance.py:2191} INFO - Executing <Task(PythonOperator): bronze> on 2026-08-26 00:00:00+00:00
[2026-08-27T02:50:36.137+0000] {standard_task_runner.py:60} INFO - Started process 4190 to run task
[2026-08-27T02:50:36.154+0000] {standard_task_runner.py:87} INFO - Running: ['***', 'tasks', 'run', 'retailpulse_medallion_pipeline', 'bronze', 'scheduled__2026-08-26T00:00:00+00:00', '--job-id', '14', '--raw', '--subdir', 'DAGS_FOLDER/retailpulse_dag.py', '--cfg-path', '/tmp/tmp_css5zfa']
[2026-08-27T02:50:36.166+0000] {standard_task_runner.py:88} INFO - Job 14: Subtask bronze
[2026-08-27T02:50:36.300+0000] {task_command.py:423} INFO - Running <TaskInstance: retailpulse_medallion_pipeline.bronze scheduled__2026-08-26T00:00:00+00:00 [running]> on host 1decbd92f565
[2026-08-27T02:50:36.519+0000] {taskinstance.py:2480} INFO - Exporting env vars: AIRFLOW_CTX_DAG_OWNER='retailpulse' AIRFLOW_CTX_DAG_ID='retailpulse_medallion_pipeline' AIRFLOW_CTX_TASK_ID='bronze' AIRFLOW_CTX_EXECUTION_DATE='2026-08-26T00:00:00+00:00' AIRFLOW_CTX_TRY_NUMBER='1' AIRFLOW_CTX_DAG_RUN_ID='scheduled__2026-08-26T00:00:00+00:00'
[2026-08-27T02:50:40.746+0000] {logging_mixin.py:188} INFO - :: loading settings :: url = jar:file:/home/***/.local/lib/python3.8/site-packages/pyspark/jars/ivy-2.5.1.jar!/org/apache/ivy/core/settings/ivysettings.xml
[2026-08-27T02:50:40.899+0000] {logging_mixin.py:188} INFO - Ivy Default Cache set to: /home/***/.ivy2/cache
[2026-08-27T02:50:40.901+0000] {logging_mixin.py:188} INFO - The jars for the packages stored in: /home/***/.ivy2/jars
[2026-08-27T02:50:40.906+0000] {logging_mixin.py:188} INFO - org.apache.hadoop#hadoop-aws added as a dependency
[2026-08-27T02:50:40.909+0000] {logging_mixin.py:188} INFO - com.amazonaws#aws-java-sdk-bundle added as a dependency
[2026-08-27T02:50:40.911+0000] {logging_mixin.py:188} INFO - :: resolving dependencies :: org.apache.spark#spark-submit-parent-5a689109-75ac-4de4-8cf9-780d71b3fb1a;1.0
[2026-08-27T02:50:40.912+0000] {logging_mixin.py:188} INFO - 	confs: [default]
[2026-08-27T02:50:41.146+0000] {logging_mixin.py:188} INFO - 	found org.apache.hadoop#hadoop-aws;3.3.4 in central
[2026-08-27T02:50:41.190+0000] {logging_mixin.py:188} INFO - 	found com.amazonaws#aws-java-sdk-bundle;1.12.262 in central
[2026-08-27T02:50:41.252+0000] {logging_mixin.py:188} INFO - 	found org.wildfly.openssl#wildfly-openssl;1.0.7.Final in central
[2026-08-27T02:50:41.296+0000] {logging_mixin.py:188} INFO - :: resolution report :: resolve 370ms :: artifacts dl 18ms
[2026-08-27T02:50:41.298+0000] {logging_mixin.py:188} INFO - 	:: modules in use:
[2026-08-27T02:50:41.300+0000] {logging_mixin.py:188} INFO - 	com.amazonaws#aws-java-sdk-bundle;1.12.262 from central in [default]
[2026-08-27T02:50:41.304+0000] {logging_mixin.py:188} INFO - 	org.apache.hadoop#hadoop-aws;3.3.4 from central in [default]
[2026-08-27T02:50:41.306+0000] {logging_mixin.py:188} INFO - 	org.wildfly.openssl#wildfly-openssl;1.0.7.Final from central in [default]
[2026-08-27T02:50:41.307+0000] {logging_mixin.py:188} INFO - 	---------------------------------------------------------------------
[2026-08-27T02:50:41.309+0000] {logging_mixin.py:188} INFO - 	|                  |            modules            ||   artifacts   |
[2026-08-27T02:50:41.312+0000] {logging_mixin.py:188} INFO - 	|       conf       | number| search|dwnlded|evicted|| number|dwnlded|
[2026-08-27T02:50:41.314+0000] {logging_mixin.py:188} INFO - 	---------------------------------------------------------------------
[2026-08-27T02:50:41.315+0000] {logging_mixin.py:188} INFO - 	|      default     |   3   |   0   |   0   |   0   ||   3   |   0   |
[2026-08-27T02:50:41.321+0000] {logging_mixin.py:188} INFO - 	---------------------------------------------------------------------
[2026-08-27T02:50:41.323+0000] {logging_mixin.py:188} INFO - :: retrieving :: org.apache.spark#spark-submit-parent-5a689109-75ac-4de4-8cf9-780d71b3fb1a
[2026-08-27T02:50:41.329+0000] {logging_mixin.py:188} INFO - 	confs: [default]
[2026-08-27T02:50:41.335+0000] {logging_mixin.py:188} INFO - 	0 artifacts copied, 3 already retrieved (0kB/16ms)
[2026-08-27T02:50:41.814+0000] {logging_mixin.py:188} INFO - 26/08/27 02:50:41 WARN NativeCodeLoader: Unable to load native-hadoop library for your platform... using builtin-java classes where applicable
[2026-08-27T02:50:42.189+0000] {logging_mixin.py:188} INFO - Setting default log level to "WARN".
[2026-08-27T02:50:42.190+0000] {logging_mixin.py:188} INFO - To adjust logging level use sc.setLogLevel(newLevel). For SparkR, use setLogLevel(newLevel).
[2026-08-27T02:50:48.008+0000] {logging_mixin.py:188} INFO - 26/08/27 02:50:48 WARN MetricsConfig: Cannot locate configuration: tried hadoop-metrics2-s3a-file-system.properties,hadoop-metrics2.properties
[2026-08-27T02:51:05.101+0000] {logging_mixin.py:188} INFO - [Stage 0:>                                                          (0 + 0) / 1]
[2026-08-27T02:51:09.939+0000] {logging_mixin.py:188} INFO - [Stage 0:>                                                          (0 + 1) / 1]
[2026-08-27T02:51:20.534+0000] {logging_mixin.py:188} INFO - [Stage 1:>                                                          (0 + 2) / 2]
[2026-08-27T02:51:25.510+0000] {logging_mixin.py:188} INFO - [Stage 3:>                                                          (0 + 2) / 2]
[2026-08-27T02:51:25.530+0000] {logging_mixin.py:188} INFO - 2026-08-27 02:51:25,529 | INFO | bronze | Writing 999818 cleaned event rows to s3a://bronze/events_clean/dt=2026-08-26 (mode=append)
[2026-08-27T02:51:29.352+0000] {logging_mixin.py:188} INFO - [Stage 7:>                                                          (0 + 2) / 2]
[2026-08-27T02:51:33.761+0000] {logging_mixin.py:188} INFO - [Stage 9:>                                                          (0 + 2) / 2]
[2026-08-27T02:51:33.826+0000] {logging_mixin.py:188} INFO - [Stage 9:=============================>                             (1 + 1) / 2]
[2026-08-27T02:52:22.404+0000] {logging_mixin.py:188} INFO - [Stage 11:>                                                         (0 + 2) / 4]
[2026-08-27T02:52:23.005+0000] {logging_mixin.py:188} INFO - [Stage 11:==============>                                           (1 + 2) / 4]
[2026-08-27T02:52:29.625+0000] {logging_mixin.py:188} INFO - [Stage 11:=============================>                            (2 + 2) / 4]
[2026-08-27T02:52:48.600+0000] {logging_mixin.py:188} INFO - [Stage 11:===========================================>              (3 + 1) / 4]
[2026-08-27T02:52:52.225+0000] {logging_mixin.py:188} INFO - [Stage 13:>                                                         (0 + 2) / 8]
[2026-08-27T02:52:52.826+0000] {logging_mixin.py:188} INFO - [Stage 13:=======>                                                  (1 + 2) / 8]
[2026-08-27T02:52:55.429+0000] {logging_mixin.py:188} INFO - [Stage 13:==============>                                           (2 + 2) / 8]
[2026-08-27T02:52:56.030+0000] {logging_mixin.py:188} INFO - [Stage 13:=====================>                                    (3 + 2) / 8]
[2026-08-27T02:52:59.036+0000] {logging_mixin.py:188} INFO - [Stage 13:=============================>                            (4 + 2) / 8]
[2026-08-27T02:53:00.038+0000] {logging_mixin.py:188} INFO - [Stage 13:====================================>                     (5 + 2) / 8]
[2026-08-27T02:53:05.442+0000] {logging_mixin.py:188} INFO - [Stage 13:===========================================>              (6 + 2) / 8]
[2026-08-27T02:53:06.115+0000] {logging_mixin.py:188} INFO - [Stage 13:==================================================>       (7 + 1) / 8]
[2026-08-27T02:53:06.144+0000] {logging_mixin.py:188} INFO - 2026-08-27 02:53:06,141 | INFO | bronze | Writing 20275902 cleaned item property rows to s3a://bronze/item_properties_clean/dt=2026-08-26 (mode=append)
[2026-08-27T02:53:47.660+0000] {logging_mixin.py:188} INFO - [Stage 17:>                                                         (0 + 2) / 4]
[2026-08-27T02:53:47.859+0000] {logging_mixin.py:188} INFO - [Stage 17:>                                                         (0 + 3) / 4]
[2026-08-27T02:53:48.259+0000] {logging_mixin.py:188} INFO - [Stage 17:==============>                                           (1 + 2) / 4]
[2026-08-27T02:53:53.071+0000] {logging_mixin.py:188} INFO - [Stage 17:=============================>                            (2 + 2) / 4]
[2026-08-27T02:54:17.937+0000] {logging_mixin.py:188} INFO - [Stage 17:===========================================>              (3 + 1) / 4]
[2026-08-27T02:54:29.522+0000] {logging_mixin.py:188} INFO - [Stage 19:>                                                         (0 + 2) / 8]
[2026-08-27T02:54:29.725+0000] {logging_mixin.py:188} INFO - [Stage 19:=======>                                                  (1 + 2) / 8]
[2026-08-27T02:54:40.221+0000] {logging_mixin.py:188} INFO - [Stage 19:==============>                                           (2 + 2) / 8]
[2026-08-27T02:55:00.137+0000] {logging_mixin.py:188} INFO - [Stage 19:=============================>                            (4 + 2) / 8]
[2026-08-27T02:55:00.338+0000] {logging_mixin.py:188} INFO - [Stage 19:====================================>                     (5 + 2) / 8]
[2026-08-27T02:55:11.357+0000] {logging_mixin.py:188} INFO - [Stage 19:===========================================>              (6 + 2) / 8]
[2026-08-27T02:55:12.987+0000] {logging_mixin.py:188} INFO - [Stage 19:==================================================>       (7 + 1) / 8]
[2026-08-27T02:55:26.488+0000] {logging_mixin.py:188} INFO - 2026-08-27 02:55:26,480 | INFO | bronze | Writing 1669 cleaned category rows to s3a://bronze/category_tree_clean/dt=2026-08-26 (mode=append)
[2026-08-27T02:55:28.078+0000] {logging_mixin.py:188} INFO - [Stage 29:>                                                         (0 + 1) / 1]
[2026-08-27T02:55:28.613+0000] {logging_mixin.py:188} INFO - 2026-08-27 02:55:28,613 | INFO | bronze | bronze completed successfully for date=2026-08-26
[2026-08-27T02:55:34.066+0000] {python.py:201} INFO - Done. Returned value was: None
[2026-08-27T02:55:36.865+0000] {taskinstance.py:1138} INFO - Marking task as SUCCESS. dag_id=retailpulse_medallion_pipeline, task_id=bronze, execution_date=20260826T000000, start_date=20260827T025036, end_date=20260827T025536
[2026-08-27T02:55:37.799+0000] {local_task_job_runner.py:234} INFO - Task exited with return code 0
[2026-08-27T02:55:47.879+0000] {taskinstance.py:3280} INFO - 0 downstream tasks scheduled from follow-on schedule check
